<html>
<body>
<pre>
<h1>µVision Build Log</h1>
<h2>Project:</h2>
C:\work\pmbus_app_note\keil\pmbus.uvproj
Project File Date:  01/02/2013

<h2>Output:</h2>
Rebuild target 'Target 1'
assembling startup_LPC13xx.s...
compiling system_LPC13xx.c...
compiling gpio.c...
Common\src\gpio.c(23): error:  #5: cannot open source input file "gpio.h": No such file or directory
compiling timer32.c...
Common\src\timer32.c(23): error:  #5: cannot open source input file "timer32.h": No such file or directory
compiling i2c.c...
Common\src\i2c.c(12): error:  #5: cannot open source input file "type.h": No such file or directory
compiling app_pmbus.c...
app_pmbus.c(17): error:  #5: cannot open source input file "type.h": No such file or directory
Target not created
Rebuild target 'Target 1'
assembling startup_LPC13xx.s...
compiling system_LPC13xx.c...
compiling gpio.c...
compiling timer32.c...
compiling i2c.c...
Common\src\i2c.c(13): error:  #5: cannot open source input file "i2cslave.h": No such file or directory
compiling app_pmbus.c...
app_pmbus.c(19): error:  #5: cannot open source input file "i2cslave.h": No such file or directory
Target not created
Rebuild target 'Target 1'
assembling startup_LPC13xx.s...
compiling system_LPC13xx.c...
compiling gpio.c...
compiling timer32.c...
compiling i2c.c...
Common\src\i2c.c(14): error:  #5: cannot open source input file "app_pmbus.h": No such file or directory
compiling app_pmbus.c...
app_pmbus.c(23): error:  #5: cannot open source input file "cr_section_macros.h": No such file or directory
Target not created
Rebuild target 'Target 1'
assembling startup_LPC13xx.s...
compiling system_LPC13xx.c...
compiling gpio.c...
compiling timer32.c...
compiling i2c.c...
compiling app_pmbus.c...
app_pmbus.c(23): error:  #5: cannot open source input file "cr_section_macros.h": No such file or directory
Target not created
Rebuild target 'Target 1'
assembling startup_LPC13xx.s...
compiling system_LPC13xx.c...
compiling gpio.c...
compiling timer32.c...
compiling i2c.c...
compiling app_pmbus.c...
app_pmbus.c(295): error:  #20: identifier "timer32_0_counter" is undefined
app_pmbus.c(331): error:  #268: declaration may not appear after executable statement in block
app_pmbus.c(331): warning:  #550-D: variable "temp" was set but never used
Target not created
Rebuild target 'Target 1'
assembling startup_LPC13xx.s...
compiling system_LPC13xx.c...
compiling gpio.c...
compiling timer32.c...
compiling i2c.c...
compiling app_pmbus.c...
app_pmbus.c(297): error:  #20: identifier "timer32_0_counter" is undefined
app_pmbus.c(333): error:  #268: declaration may not appear after executable statement in block
app_pmbus.c(333): warning:  #550-D: variable "temp" was set but never used
Target not created
Rebuild target 'Target 1'
assembling startup_LPC13xx.s...
compiling system_LPC13xx.c...
compiling gpio.c...
compiling timer32.c...
compiling i2c.c...
compiling app_pmbus.c...
app_pmbus.c(297): error:  #20: identifier "timer32_0_counter" is undefined
app_pmbus.c(333): error:  #268: declaration may not appear after executable statement in block
app_pmbus.c(333): warning:  #550-D: variable "temp" was set but never used
Target not created
Rebuild target 'Target 1'
assembling startup_LPC13xx.s...
compiling system_LPC13xx.c...
compiling gpio.c...
compiling timer32.c...
Common\src\timer32.c(25): error:  #147: declaration is incompatible with "uint32_t timer32_0_counter" (declared at line 32 of ".\Common\inc\timer32.h")
Common\src\timer32.c(26): error:  #147: declaration is incompatible with "uint32_t timer32_1_counter" (declared at line 33 of ".\Common\inc\timer32.h")
Common\src\timer32.c(27): error:  #147: declaration is incompatible with "uint32_t timer32_0_capture" (declared at line 34 of ".\Common\inc\timer32.h")
Common\src\timer32.c(28): error:  #147: declaration is incompatible with "uint32_t timer32_1_capture" (declared at line 35 of ".\Common\inc\timer32.h")
compiling i2c.c...
compiling app_pmbus.c...
app_pmbus.c(297): warning:  #187-D: use of "=" where "==" may have been intended
app_pmbus.c(333): error:  #268: declaration may not appear after executable statement in block
app_pmbus.c(333): warning:  #550-D: variable "temp" was set but never used
Target not created
Rebuild target 'Target 1'
assembling startup_LPC13xx.s...
compiling system_LPC13xx.c...
compiling gpio.c...
compiling timer32.c...
.\Common\inc\timer32.h(33): error:  #65: expected a ";"
.\Common\inc\timer32.h(37): warning:  #12-D: parsing restarts here after previous syntax error
Common\src\timer32.c(25): error:  #147: declaration is incompatible with "uint32_t timer32_0_counter" (declared at line 32 of ".\Common\inc\timer32.h")
compiling i2c.c...
compiling app_pmbus.c...
.\Common\inc\timer32.h(33): error:  #65: expected a ";"
.\Common\inc\timer32.h(37): warning:  #12-D: parsing restarts here after previous syntax error
app_pmbus.c(297): warning:  #187-D: use of "=" where "==" may have been intended
app_pmbus.c(333): error:  #268: declaration may not appear after executable statement in block
app_pmbus.c(333): warning:  #550-D: variable "temp" was set but never used
Target not created
Rebuild target 'Target 1'
assembling startup_LPC13xx.s...
compiling system_LPC13xx.c...
compiling gpio.c...
compiling timer32.c...
Common\src\timer32.c(25): error:  #147: declaration is incompatible with "uint32_t timer32_0_counter" (declared at line 32 of ".\Common\inc\timer32.h")
Common\src\timer32.c(26): error:  #147: declaration is incompatible with "uint32_t timer32_1_counter" (declared at line 33 of ".\Common\inc\timer32.h")
Common\src\timer32.c(27): error:  #147: declaration is incompatible with "uint32_t timer32_0_capture" (declared at line 34 of ".\Common\inc\timer32.h")
Common\src\timer32.c(28): error:  #147: declaration is incompatible with "uint32_t timer32_1_capture" (declared at line 35 of ".\Common\inc\timer32.h")
compiling i2c.c...
compiling app_pmbus.c...
app_pmbus.c(297): warning:  #187-D: use of "=" where "==" may have been intended
app_pmbus.c(333): error:  #268: declaration may not appear after executable statement in block
app_pmbus.c(333): warning:  #550-D: variable "temp" was set but never used
Target not created
Rebuild target 'Target 1'
assembling startup_LPC13xx.s...
compiling system_LPC13xx.c...
compiling gpio.c...
compiling timer32.c...
compiling i2c.c...
compiling app_pmbus.c...
app_pmbus.c(297): warning:  #187-D: use of "=" where "==" may have been intended
app_pmbus.c(333): error:  #268: declaration may not appear after executable statement in block
app_pmbus.c(333): warning:  #550-D: variable "temp" was set but never used
Target not created
Rebuild target 'Target 1'
assembling startup_LPC13xx.s...
compiling system_LPC13xx.c...
compiling gpio.c...
compiling timer32.c...
compiling i2c.c...
compiling app_pmbus.c...
app_pmbus.c(297): warning:  #187-D: use of "=" where "==" may have been intended
app_pmbus.c(331): warning:  #550-D: variable "temp" was set but never used
linking...
Program Size: Code=15404 RO-data=764 RW-data=316 ZI-data=908  
".\obj\pmbus.axf" - 0 Error(s), 2 Warning(s).
Rebuild target 'Target 1'
assembling startup_LPC13xx.s...
compiling system_LPC13xx.c...
compiling gpio.c...
compiling timer32.c...
compiling i2c.c...
compiling app_pmbus.c...
app_pmbus.c(297): warning:  #187-D: use of "=" where "==" may have been intended
app_pmbus.c(444): error:  #20: identifier "temp" is undefined
Target not created
Rebuild target 'Target 1'
assembling startup_LPC13xx.s...
compiling system_LPC13xx.c...
compiling gpio.c...
compiling timer32.c...
compiling i2c.c...
compiling app_pmbus.c...
app_pmbus.c(297): warning:  #187-D: use of "=" where "==" may have been intended
app_pmbus.c(331): warning:  #550-D: variable "temp" was set but never used
linking...
Program Size: Code=15404 RO-data=764 RW-data=316 ZI-data=908  
".\obj\pmbus.axf" - 0 Error(s), 2 Warning(s).
Rebuild target 'Target 1'
assembling startup_LPC13xx.s...
compiling system_LPC13xx.c...
compiling gpio.c...
compiling timer32.c...
compiling i2c.c...
compiling app_pmbus.c...
app_pmbus.c(297): warning:  #187-D: use of "=" where "==" may have been intended
app_pmbus.c(331): warning:  #550-D: variable "temp" was set but never used
linking...
Program Size: Code=15404 RO-data=764 RW-data=316 ZI-data=908  
".\obj\pmbus.axf" - 0 Error(s), 2 Warning(s).
Rebuild target 'Target 1'
assembling startup_LPC13xx.s...
compiling system_LPC13xx.c...
compiling gpio.c...
compiling timer32.c...
compiling i2c.c...
compiling app_pmbus.c...
app_pmbus.c(297): warning:  #187-D: use of "=" where "==" may have been intended
app_pmbus.c(331): warning:  #550-D: variable "temp" was set but never used
linking...
Program Size: Code=15428 RO-data=764 RW-data=316 ZI-data=908  
".\obj\pmbus.axf" - 0 Error(s), 2 Warning(s).
Load "C:\\work\\pmbus_app_note\\keil\\obj\\pmbus.AXF" 
Erase Done.
Programming Done.
Verify OK.
Rebuild target 'Target 1'
assembling startup_LPC13xx.s...
compiling system_LPC13xx.c...
compiling gpio.c...
Common\src\gpio.c(48): error:  #20: identifier "i2c" is undefined
compiling timer32.c...
compiling i2c.c...
compiling app_pmbus.c...
app_pmbus.c(297): warning:  #187-D: use of "=" where "==" may have been intended
app_pmbus.c(331): warning:  #550-D: variable "temp" was set but never used
Target not created
Rebuild target 'Target 1'
assembling startup_LPC13xx.s...
compiling system_LPC13xx.c...
compiling gpio.c...
compiling timer32.c...
compiling i2c.c...
compiling app_pmbus.c...
app_pmbus.c(297): warning:  #187-D: use of "=" where "==" may have been intended
app_pmbus.c(331): warning:  #550-D: variable "temp" was set but never used
linking...
Program Size: Code=15424 RO-data=768 RW-data=316 ZI-data=908  
".\obj\pmbus.axf" - 0 Error(s), 2 Warning(s).
Load "C:\\work\\pmbus_app_note\\keil\\obj\\pmbus.AXF" 
Erase Done.
Programming Done.
Verify OK.
Rebuild target 'Target 1'
assembling startup_LPC13xx.s...
compiling system_LPC13xx.c...
compiling gpio.c...
compiling timer32.c...
compiling i2c.c...
compiling app_pmbus.c...
app_pmbus.c(297): warning:  #187-D: use of "=" where "==" may have been intended
app_pmbus.c(331): warning:  #550-D: variable "temp" was set but never used
linking...
Program Size: Code=15424 RO-data=768 RW-data=316 ZI-data=908  
".\obj\pmbus.axf" - 0 Error(s), 2 Warning(s).
Load "C:\\work\\pmbus_app_note\\keil\\obj\\pmbus.AXF" 
Erase Done.
Programming Done.
Verify OK.
Build target 'Release'
compiling app_pmbus.c...
app_pmbus.c(292): warning:  #187-D: use of "=" where "==" may have been intended
app_pmbus.c(326): warning:  #550-D: variable "temp" was set but never used
linking...
Program Size: Code=15368 RO-data=768 RW-data=316 ZI-data=908  
".\obj\pmbus.axf" - 0 Error(s), 2 Warning(s).
Clean started: Project: 'pmbus'
   deleting intermediate output files for target 'Release'
