Archive member included because of file (symbol)

/Users/keller_reto/_work/TrainHub/TrainTracker/_workspace_LpcXpresso/nxp_lpcxpresso_11c24_board_lib/Debug/libnxp_lpcxpresso_11c24_board_lib.a(board.o)
                              ./example/src/ccan_rom.o (Board_Init)
/Users/keller_reto/_work/TrainHub/TrainTracker/_workspace_LpcXpresso/nxp_lpcxpresso_11c24_board_lib/Debug/libnxp_lpcxpresso_11c24_board_lib.a(board_sysinit.o)
                              ./example/src/sysinit.o (Board_SystemInit)
/Users/keller_reto/_work/TrainHub/TrainTracker/_workspace_LpcXpresso/lpc_chip_11cxx_lib/Debug/liblpc_chip_11cxx_lib.a(chip_11xx.o)
                              ./example/src/ccan_rom.o (SystemCoreClockUpdate)
/Users/keller_reto/_work/TrainHub/TrainTracker/_workspace_LpcXpresso/lpc_chip_11cxx_lib/Debug/liblpc_chip_11cxx_lib.a(clock_11xx.o)
                              /Users/keller_reto/_work/TrainHub/TrainTracker/_workspace_LpcXpresso/nxp_lpcxpresso_11c24_board_lib/Debug/libnxp_lpcxpresso_11c24_board_lib.a(board_sysinit.o) (Chip_Clock_SetSystemPLLSource)
/Users/keller_reto/_work/TrainHub/TrainTracker/_workspace_LpcXpresso/lpc_chip_11cxx_lib/Debug/liblpc_chip_11cxx_lib.a(gpio_11xx_2.o)
                              /Users/keller_reto/_work/TrainHub/TrainTracker/_workspace_LpcXpresso/nxp_lpcxpresso_11c24_board_lib/Debug/libnxp_lpcxpresso_11c24_board_lib.a(board.o) (Chip_GPIO_Init)
/Users/keller_reto/_work/TrainHub/TrainTracker/_workspace_LpcXpresso/lpc_chip_11cxx_lib/Debug/liblpc_chip_11cxx_lib.a(sysctl_11xx.o)
                              /Users/keller_reto/_work/TrainHub/TrainTracker/_workspace_LpcXpresso/nxp_lpcxpresso_11c24_board_lib/Debug/libnxp_lpcxpresso_11c24_board_lib.a(board_sysinit.o) (Chip_SYSCTL_PowerDown)
/Users/keller_reto/_work/TrainHub/TrainTracker/_workspace_LpcXpresso/lpc_chip_11cxx_lib/Debug/liblpc_chip_11cxx_lib.a(uart_11xx.o)
                              /Users/keller_reto/_work/TrainHub/TrainTracker/_workspace_LpcXpresso/nxp_lpcxpresso_11c24_board_lib/Debug/libnxp_lpcxpresso_11c24_board_lib.a(board.o) (Chip_UART_Init)
/Users/keller_reto/_work/TrainHub/TrainTracker/_workspace_LpcXpresso/lpc_chip_11cxx_lib/Debug/liblpc_chip_11cxx_lib.a(ring_buffer.o)
                              /Users/keller_reto/_work/TrainHub/TrainTracker/_workspace_LpcXpresso/lpc_chip_11cxx_lib/Debug/liblpc_chip_11cxx_lib.a(uart_11xx.o) (RingBuffer_Insert)
/Applications/lpcxpresso_7.1.1_125/lpcxpresso/tools/bin/../lib/gcc/arm-none-eabi/4.8.3/../../../../arm-none-eabi/lib/armv6-m/libcr_nohost.a(_cr__main.o)
                              ./example/src/cr_startup_lpc11xx.o (__main)
/Applications/lpcxpresso_7.1.1_125/lpcxpresso/tools/bin/../lib/gcc/arm-none-eabi/4.8.3/../../../../arm-none-eabi/lib/armv6-m/libcr_c.a(memcpy.o)
                              /Users/keller_reto/_work/TrainHub/TrainTracker/_workspace_LpcXpresso/lpc_chip_11cxx_lib/Debug/liblpc_chip_11cxx_lib.a(ring_buffer.o) (memcpy)
/Applications/lpcxpresso_7.1.1_125/lpcxpresso/tools/bin/../lib/gcc/arm-none-eabi/4.8.3/../../../../arm-none-eabi/lib/armv6-m/libcr_c.a(initio.o)
                              /Applications/lpcxpresso_7.1.1_125/lpcxpresso/tools/bin/../lib/gcc/arm-none-eabi/4.8.3/../../../../arm-none-eabi/lib/armv6-m/libcr_nohost.a(_cr__main.o) (_initio)
/Applications/lpcxpresso_7.1.1_125/lpcxpresso/tools/bin/../lib/gcc/arm-none-eabi/4.8.3/../../../../arm-none-eabi/lib/armv6-m/libcr_c.a(setvbuf.o)
                              /Applications/lpcxpresso_7.1.1_125/lpcxpresso/tools/bin/../lib/gcc/arm-none-eabi/4.8.3/../../../../arm-none-eabi/lib/armv6-m/libcr_c.a(initio.o) (setvbuf)
/Applications/lpcxpresso_7.1.1_125/lpcxpresso/tools/bin/../lib/gcc/arm-none-eabi/4.8.3/../../../../arm-none-eabi/lib/armv6-m/libcr_c.a(stdio.o)
                              /Applications/lpcxpresso_7.1.1_125/lpcxpresso/tools/bin/../lib/gcc/arm-none-eabi/4.8.3/../../../../arm-none-eabi/lib/armv6-m/libcr_c.a(initio.o) (__Ciob)
/Applications/lpcxpresso_7.1.1_125/lpcxpresso/tools/bin/../lib/gcc/arm-none-eabi/4.8.3/../../../../arm-none-eabi/lib/armv6-m/libcr_c.a(memset.o)
                              /Applications/lpcxpresso_7.1.1_125/lpcxpresso/tools/bin/../lib/gcc/arm-none-eabi/4.8.3/../../../../arm-none-eabi/lib/armv6-m/libcr_c.a(initio.o) (memset)
/Applications/lpcxpresso_7.1.1_125/lpcxpresso/tools/bin/../lib/gcc/arm-none-eabi/4.8.3/../../../../arm-none-eabi/lib/armv6-m/libcr_c.a(__fillbuf.o)
                              /Applications/lpcxpresso_7.1.1_125/lpcxpresso/tools/bin/../lib/gcc/arm-none-eabi/4.8.3/../../../../arm-none-eabi/lib/armv6-m/libcr_c.a(stdio.o) (__filbuf)
/Applications/lpcxpresso_7.1.1_125/lpcxpresso/tools/bin/../lib/gcc/arm-none-eabi/4.8.3/../../../../arm-none-eabi/lib/armv6-m/libcr_c.a(_deferredlazyseek.o)
                              /Applications/lpcxpresso_7.1.1_125/lpcxpresso/tools/bin/../lib/gcc/arm-none-eabi/4.8.3/../../../../arm-none-eabi/lib/armv6-m/libcr_c.a(__fillbuf.o) (_deferredlazyseek)
[...]
Memory Configuration

Name             Origin             Length             Attributes
MFlash32         0x0000000000000000 0x0000000000008000 xr
RamLoc8          0x0000000010000000 0x0000000000002000 xrw
*default*        0x0000000000000000 0xffffffffffffffff

Linker script and memory map

LOAD ./example/src/ccan_rom.o
LOAD ./example/src/cr_startup_lpc11xx.o
LOAD ./example/src/sysinit.o
LOAD /Users/keller_reto/_work/TrainHub/TrainTracker/_workspace_LpcXpresso/nxp_lpcxpresso_11c24_board_lib/Debug/libnxp_lpcxpresso_11c24_board_lib.a
LOAD /Users/keller_reto/_work/TrainHub/TrainTracker/_workspace_LpcXpresso/lpc_chip_11cxx_lib/Debug/liblpc_chip_11cxx_lib.a
START GROUP
LOAD /Applications/lpcxpresso_7.1.1_125/lpcxpresso/tools/bin/../lib/gcc/arm-none-eabi/4.8.3/../../../../arm-none-eabi/lib/armv6-m/libcr_nohost.a
LOAD /Applications/lpcxpresso_7.1.1_125/lpcxpresso/tools/bin/../lib/gcc/arm-none-eabi/4.8.3/../../../../arm-none-eabi/lib/armv6-m/libcr_c.a
LOAD /Applications/lpcxpresso_7.1.1_125/lpcxpresso/tools/bin/../lib/gcc/arm-none-eabi/4.8.3/armv6-m/libcr_eabihelpers.a
END GROUP
                0x0000000000008000                __top_MFlash32 = 0x8000
                0x0000000010002000                __top_RamLoc8 = 0x10002000

.text           0x0000000000000000      0xce8
 FILL mask 0xff
                0x0000000000000000                __vectors_start__ = ABSOLUTE (.)
 *(.isr_vector)
 .isr_vector    0x0000000000000000       0xc0 ./example/src/cr_startup_lpc11xx.o
                0x0000000000000000                g_pfnVectors
                0x00000000000000c0                . = ALIGN (0x4)
                0x00000000000000c0                __section_table_start = .
                0x00000000000000c0                __data_section_table = .
                0x00000000000000c0        0x4 LONG 0xce8 LOADADDR (.data)
                0x00000000000000c4        0x4 LONG 0x10000000 ADDR (.data)
                0x00000000000000c8        0x4 LONG 0x0 SIZEOF (.data)
                0x00000000000000cc                __data_section_table_end = .
                0x00000000000000cc                __bss_section_table = .
                0x00000000000000cc        0x4 LONG 0x10000000 ADDR (.bss)
                0x00000000000000d0        0x4 LONG 0x168 SIZEOF (.bss)
                0x00000000000000d4                __bss_section_table_end = .
                0x00000000000000d4                __section_table_end = .
 *(.after_vectors*)
 .after_vectors
                0x00000000000000d4       0x70 ./example/src/cr_startup_lpc11xx.o
                0x00000000000000d4                NMI_Handler
                0x00000000000000d6                HardFault_Handler
                0x00000000000000d8                SVC_Handler
                0x00000000000000da                PendSV_Handler
                0x00000000000000dc                SysTick_Handler
                0x00000000000000de                PIOINT1_IRQHandler
                0x00000000000000de                SSP0_IRQHandler
                0x00000000000000de                TIMER16_0_IRQHandler
                0x00000000000000de                UART_IRQHandler
                0x00000000000000de                TIMER32_0_IRQHandler
                0x00000000000000de                TIMER32_1_IRQHandler
                0x00000000000000de                IntDefaultHandler
                0x00000000000000de                I2C_IRQHandler
                0x00000000000000de                WDT_IRQHandler
                0x00000000000000de                PIOINT3_IRQHandler
                0x00000000000000de                TIMER16_1_IRQHandler
                0x00000000000000de                ADC_IRQHandler
                0x00000000000000de                SSP1_IRQHandler
                0x00000000000000de                PIOINT2_IRQHandler
                0x00000000000000de                BOD_IRQHandler
                0x00000000000000de                WAKEUP_IRQHandler
                0x00000000000000de                PIOINT0_IRQHandler
                0x00000000000000e0                data_init
                0x00000000000000f2                bss_init
                0x0000000000000102                ResetISR
 *(.text*)
 .text.CAN_rx   0x0000000000000144       0x38 ./example/src/ccan_rom.o
                0x0000000000000144                CAN_rx
 .text.CAN_tx   0x000000000000017c        0x4 ./example/src/ccan_rom.o
                0x000000000000017c                CAN_tx
 .text.CAN_error
                0x0000000000000180        0x4 ./example/src/ccan_rom.o
                0x0000000000000180                CAN_error
 .text.baudrateCalculate
                0x0000000000000184       0x88 ./example/src/ccan_rom.o
                0x0000000000000184                baudrateCalculate
 .text.CAN_IRQHandler
                0x000000000000020c       0x14 ./example/src/ccan_rom.o
                0x000000000000020c                CAN_IRQHandler
 .text.main     0x0000000000000220       0xa4 ./example/src/ccan_rom.o
                0x0000000000000220                main
 .text.SystemInit
                0x00000000000002c4        0x8 ./example/src/sysinit.o
                0x00000000000002c4                SystemInit
 .text.Board_LED_Init
                0x00000000000002cc       0x14 /Users/keller_reto/_work/TrainHub/TrainTracker/_workspace_LpcXpresso/nxp_lpcxpresso_11c24_board_lib/Debug/libnxp_lpcxpresso_11c24_board_lib.a(board.o)
 .text.__sys_write
                0x00000000000002e0        0x4 /Users/keller_reto/_work/TrainHub/TrainTracker/_workspace_LpcXpresso/nxp_lpcxpresso_11c24_board_lib/Debug/libnxp_lpcxpresso_11c24_board_lib.a(board.o)
                0x00000000000002e0                __sys_write
 .text.Board_Init
                0x00000000000002e4       0x10 /Users/keller_reto/_work/TrainHub/TrainTracker/_workspace_LpcXpresso/nxp_lpcxpresso_11c24_board_lib/Debug/libnxp_lpcxpresso_11c24_board_lib.a(board.o)
                0x00000000000002e4                Board_Init
 .text.SystemSetupMuxing
                0x00000000000002f4       0x38 /Users/keller_reto/_work/TrainHub/TrainTracker/_workspace_LpcXpresso/nxp_lpcxpresso_11c24_board_lib/Debug/libnxp_lpcxpresso_11c24_board_lib.a(board_sysinit.o)
 .text.SystemSetupClocking
                0x000000000000032c       0x64 /Users/keller_reto/_work/TrainHub/TrainTracker/_workspace_LpcXpresso/nxp_lpcxpresso_11c24_board_lib/Debug/libnxp_lpcxpresso_11c24_board_lib.a(board_sysinit.o)
 .text.Board_SystemInit
                0x0000000000000390        0xc /Users/keller_reto/_work/TrainHub/TrainTracker/_workspace_LpcXpresso/nxp_lpcxpresso_11c24_board_lib/Debug/libnxp_lpcxpresso_11c24_board_lib.a(board_sysinit.o)
                0x0000000000000390                Board_SystemInit
 .text.SystemCoreClockUpdate
                0x000000000000039c       0x10 /Users/keller_reto/_work/TrainHub/TrainTracker/_workspace_LpcXpresso/lpc_chip_11cxx_lib/Debug/liblpc_chip_11cxx_lib.a(chip_11xx.o)
                0x000000000000039c                SystemCoreClockUpdate
 .text.Chip_Clock_GetWDTLFORate
                0x00000000000003ac       0x20 /Users/keller_reto/_work/TrainHub/TrainTracker/_workspace_LpcXpresso/lpc_chip_11cxx_lib/Debug/liblpc_chip_11cxx_lib.a(clock_11xx.o)
 .text.Chip_Clock_GetPLLFreq
                0x00000000000003cc        0xc /Users/keller_reto/_work/TrainHub/TrainTracker/_workspace_LpcXpresso/lpc_chip_11cxx_lib/Debug/liblpc_chip_11cxx_lib.a(clock_11xx.o)
 .text.Chip_Clock_SetSystemPLLSource
                0x00000000000003d8       0x14 /Users/keller_reto/_work/TrainHub/TrainTracker/_workspace_LpcXpresso/lpc_chip_11cxx_lib/Debug/liblpc_chip_11cxx_lib.a(clock_11xx.o)
                0x00000000000003d8                Chip_Clock_SetSystemPLLSource
 .text.Chip_Clock_SetMainClockSource
                0x00000000000003ec       0x14 /Users/keller_reto/_work/TrainHub/TrainTracker/_workspace_LpcXpresso/lpc_chip_11cxx_lib/Debug/liblpc_chip_11cxx_lib.a(clock_11xx.o)
                0x00000000000003ec                Chip_Clock_SetMainClockSource
 .text.Chip_Clock_GetWDTOSCRate
                0x0000000000000400       0x10 /Users/keller_reto/_work/TrainHub/TrainTracker/_workspace_LpcXpresso/lpc_chip_11cxx_lib/Debug/liblpc_chip_11cxx_lib.a(clock_11xx.o)
                0x0000000000000400                Chip_Clock_GetWDTOSCRate
 .text.Chip_Clock_GetSystemPLLInClockRate
                0x0000000000000410       0x2c /Users/keller_reto/_work/TrainHub/TrainTracker/_workspace_LpcXpresso/lpc_chip_11cxx_lib/Debug/liblpc_chip_11cxx_lib.a(clock_11xx.o)
                0x0000000000000410                Chip_Clock_GetSystemPLLInClockRate
 .text.Chip_Clock_GetSystemPLLOutClockRate
                0x000000000000043c       0x18 /Users/keller_reto/_work/TrainHub/TrainTracker/_workspace_LpcXpresso/lpc_chip_11cxx_lib/Debug/liblpc_chip_11cxx_lib.a(clock_11xx.o)
                0x000000000000043c                Chip_Clock_GetSystemPLLOutClockRate
 .text.Chip_Clock_GetMainClockRate
                0x0000000000000454       0x40 /Users/keller_reto/_work/TrainHub/TrainTracker/_workspace_LpcXpresso/lpc_chip_11cxx_lib/Debug/liblpc_chip_11cxx_lib.a(clock_11xx.o)
                0x0000000000000454                Chip_Clock_GetMainClockRate
 .text.Chip_Clock_GetSystemClockRate
                0x0000000000000494       0x14 /Users/keller_reto/_work/TrainHub/TrainTracker/_workspace_LpcXpresso/lpc_chip_11cxx_lib/Debug/liblpc_chip_11cxx_lib.a(clock_11xx.o)
                0x0000000000000494                Chip_Clock_GetSystemClockRate
 .text.Chip_GPIO_Init
                0x00000000000004a8       0x14 /Users/keller_reto/_work/TrainHub/TrainTracker/_workspace_LpcXpresso/lpc_chip_11cxx_lib/Debug/liblpc_chip_11cxx_lib.a(gpio_11xx_2.o)
                0x00000000000004a8                Chip_GPIO_Init
 .text.Chip_SYSCTL_PowerDown
                0x00000000000004bc       0x1c /Users/keller_reto/_work/TrainHub/TrainTracker/_workspace_LpcXpresso/lpc_chip_11cxx_lib/Debug/liblpc_chip_11cxx_lib.a(sysctl_11xx.o)
                0x00000000000004bc                Chip_SYSCTL_PowerDown
 .text.Chip_SYSCTL_PowerUp
                0x00000000000004d8       0x24 /Users/keller_reto/_work/TrainHub/TrainTracker/_workspace_LpcXpresso/lpc_chip_11cxx_lib/Debug/liblpc_chip_11cxx_lib.a(sysctl_11xx.o)
                0x00000000000004d8                Chip_SYSCTL_PowerUp
 .text.__main   0x00000000000004fc       0x12 /Applications/lpcxpresso_7.1.1_125/lpcxpresso/tools/bin/../lib/gcc/arm-none-eabi/4.8.3/../../../../arm-none-eabi/lib/armv6-m/libcr_nohost.a(_cr__main.o)
                0x00000000000004fc                __main
 *fill*         0x000000000000050e        0x2 
 .text._initio  0x0000000000000510       0xa4 /Applications/lpcxpresso_7.1.1_125/lpcxpresso/tools/bin/../lib/gcc/arm-none-eabi/4.8.3/../../../../arm-none-eabi/lib/armv6-m/libcr_c.a(initio.o)
                0x0000000000000510                _initio
 .text.setvbuf  0x00000000000005b4       0x48 /Applications/lpcxpresso_7.1.1_125/lpcxpresso/tools/bin/../lib/gcc/arm-none-eabi/4.8.3/../../../../arm-none-eabi/lib/armv6-m/libcr_c.a(setvbuf.o)
                0x00000000000005b4                setvbuf
 .text.memset   0x00000000000005fc        0x8 /Applications/lpcxpresso_7.1.1_125/lpcxpresso/tools/bin/../lib/gcc/arm-none-eabi/4.8.3/../../../../arm-none-eabi/lib/armv6-m/libcr_c.a(memset.o)
                0x00000000000005fc                memset
 .text._deferredlazyseek
                0x0000000000000604       0x44 /Applications/lpcxpresso_7.1.1_125/lpcxpresso/tools/bin/../lib/gcc/arm-none-eabi/4.8.3/../../../../arm-none-eabi/lib/armv6-m/libcr_c.a(_deferredlazyseek.o)
                0x0000000000000604                _deferredlazyseek
 .text._fdopen  0x0000000000000648       0x68 /Applications/lpcxpresso_7.1.1_125/lpcxpresso/tools/bin/../lib/gcc/arm-none-eabi/4.8.3/../../../../arm-none-eabi/lib/armv6-m/libcr_c.a(_fdopen.o)
                0x0000000000000648                _fdopen
 .text._fflush  0x00000000000006b0       0x64 /Applications/lpcxpresso_7.1.1_125/lpcxpresso/tools/bin/../lib/gcc/arm-none-eabi/4.8.3/../../../../arm-none-eabi/lib/armv6-m/libcr_c.a(_fflush.o)
                0x00000000000006b0                _fflush
 .text._Cwritebuf
                0x0000000000000714       0x6c /Applications/lpcxpresso_7.1.1_125/lpcxpresso/tools/bin/../lib/gcc/arm-none-eabi/4.8.3/../../../../arm-none-eabi/lib/armv6-m/libcr_c.a(_writebuf.o)
                0x0000000000000714                _Cwritebuf
 .text.malloc   0x0000000000000780       0xc0 /Applications/lpcxpresso_7.1.1_125/lpcxpresso/tools/bin/../lib/gcc/arm-none-eabi/4.8.3/../../../../arm-none-eabi/lib/armv6-m/libcr_c.a(alloc.o)
                0x0000000000000780                malloc
 .text.free     0x0000000000000840        0xe /Applications/lpcxpresso_7.1.1_125/lpcxpresso/tools/bin/../lib/gcc/arm-none-eabi/4.8.3/../../../../arm-none-eabi/lib/armv6-m/libcr_c.a(alloc.o)
                0x0000000000000840                free
 *fill*         0x000000000000084e        0x2 
 .text._Csys_alloc
                0x0000000000000850       0x20 /Applications/lpcxpresso_7.1.1_125/lpcxpresso/tools/bin/../lib/gcc/arm-none-eabi/4.8.3/../../../../arm-none-eabi/lib/armv6-m/libcr_c.a(alloc.o)
                0x0000000000000850                _Csys_alloc
 .text.fclose   0x0000000000000870       0x70 /Applications/lpcxpresso_7.1.1_125/lpcxpresso/tools/bin/../lib/gcc/arm-none-eabi/4.8.3/../../../../arm-none-eabi/lib/armv6-m/libcr_c.a(fclose.o)
                0x0000000000000870                fclose
 .text.fflush   0x00000000000008e0       0x34 /Applications/lpcxpresso_7.1.1_125/lpcxpresso/tools/bin/../lib/gcc/arm-none-eabi/4.8.3/../../../../arm-none-eabi/lib/armv6-m/libcr_c.a(fflush.o)
                0x00000000000008e0                fflush
 .text.fseek    0x0000000000000914       0xf8 /Applications/lpcxpresso_7.1.1_125/lpcxpresso/tools/bin/../lib/gcc/arm-none-eabi/4.8.3/../../../../arm-none-eabi/lib/armv6-m/libcr_c.a(fseek.o)
                0x0000000000000914                fseek
 .text.ftell    0x0000000000000a0c       0x4c /Applications/lpcxpresso_7.1.1_125/lpcxpresso/tools/bin/../lib/gcc/arm-none-eabi/4.8.3/../../../../arm-none-eabi/lib/armv6-m/libcr_c.a(ftell.o)
                0x0000000000000a0c                ftell
 .text.remove   0x0000000000000a58       0x12 /Applications/lpcxpresso_7.1.1_125/lpcxpresso/tools/bin/../lib/gcc/arm-none-eabi/4.8.3/../../../../arm-none-eabi/lib/armv6-m/libcr_c.a(remove.o)
                0x0000000000000a58                remove
 *fill*         0x0000000000000a6a        0x2 
 .text.strlen   0x0000000000000a6c       0x54 /Applications/lpcxpresso_7.1.1_125/lpcxpresso/tools/bin/../lib/gcc/arm-none-eabi/4.8.3/../../../../arm-none-eabi/lib/armv6-m/libcr_c.a(strlen.o)
                0x0000000000000a6c                strlen
 .text._sbrk    0x0000000000000ac0       0x40 /Applications/lpcxpresso_7.1.1_125/lpcxpresso/tools/bin/../lib/gcc/arm-none-eabi/4.8.3/../../../../arm-none-eabi/lib/armv6-m/libcr_c.a(_cr_sbrk.o)
                0x0000000000000ac0                _sbrk
 .text._do_fflush
                0x0000000000000b00       0x48 /Applications/lpcxpresso_7.1.1_125/lpcxpresso/tools/bin/../lib/gcc/arm-none-eabi/4.8.3/../../../../arm-none-eabi/lib/armv6-m/libcr_c.a(_do_fflush.o)
                0x0000000000000b00                _do_fflush
 .text.__check_heap_overflow
                0x0000000000000b48       0x2c /Applications/lpcxpresso_7.1.1_125/lpcxpresso/tools/bin/../lib/gcc/arm-none-eabi/4.8.3/../../../../arm-none-eabi/lib/armv6-m/libcr_c.a(_cr_check_heap.o)
                0x0000000000000b48                __check_heap_overflow
 .text.__aeabi_division_idivmod
                0x0000000000000b74       0x78 /Applications/lpcxpresso_7.1.1_125/lpcxpresso/tools/bin/../lib/gcc/arm-none-eabi/4.8.3/armv6-m/libcr_eabihelpers.a(division_32.o)
                0x0000000000000b74                __aeabi_idiv
                0x0000000000000b74                __aeabi_idivmod
                0x0000000000000b7a                __aeabi_uidiv
                0x0000000000000b7a                __aeabi_uidivmod
 .text.__aeabi_division_idiv0
                0x0000000000000bec        0x2 /Applications/lpcxpresso_7.1.1_125/lpcxpresso/tools/bin/../lib/gcc/arm-none-eabi/4.8.3/armv6-m/libcr_eabihelpers.a(division_idiv0.o)
                0x0000000000000bec                __aeabi_idiv0
 .text.__aeabi_memset_lowlevel
                0x0000000000000bee       0x2a /Applications/lpcxpresso_7.1.1_125/lpcxpresso/tools/bin/../lib/gcc/arm-none-eabi/4.8.3/armv6-m/libcr_eabihelpers.a(memcpy.o)
                0x0000000000000bee                __aeabi_lowlevel_memset
 .text.__sys_appexit
                0x0000000000000c18        0x2 /Applications/lpcxpresso_7.1.1_125/lpcxpresso/tools/bin/../lib/gcc/arm-none-eabi/4.8.3/../../../../arm-none-eabi/lib/armv6-m/libcr_nohost.a(__sys_appexit.o)
                0x0000000000000c18                __exit
                0x0000000000000c18                __sys_appexit
 .text.__sys_close
                0x0000000000000c1a        0x6 /Applications/lpcxpresso_7.1.1_125/lpcxpresso/tools/bin/../lib/gcc/arm-none-eabi/4.8.3/../../../../arm-none-eabi/lib/armv6-m/libcr_nohost.a(__sys_close.o)
                0x0000000000000c1a                __sys_close
 .text.__sys_flen
                0x0000000000000c20        0x6 /Applications/lpcxpresso_7.1.1_125/lpcxpresso/tools/bin/../lib/gcc/arm-none-eabi/4.8.3/../../../../arm-none-eabi/lib/armv6-m/libcr_nohost.a(__sys_flen.o)
                0x0000000000000c20                __sys_flen
 .text.__sys_istty
                0x0000000000000c26        0x6 /Applications/lpcxpresso_7.1.1_125/lpcxpresso/tools/bin/../lib/gcc/arm-none-eabi/4.8.3/../../../../arm-none-eabi/lib/armv6-m/libcr_nohost.a(__sys_istty.o)
                0x0000000000000c26                __sys_istty
 .text.__sys_remove
                0x0000000000000c2c        0x6 /Applications/lpcxpresso_7.1.1_125/lpcxpresso/tools/bin/../lib/gcc/arm-none-eabi/4.8.3/../../../../arm-none-eabi/lib/armv6-m/libcr_nohost.a(__sys_remove.o)
                0x0000000000000c2c                __sys_remove
 .text.__sys_seek
                0x0000000000000c32        0x6 /Applications/lpcxpresso_7.1.1_125/lpcxpresso/tools/bin/../lib/gcc/arm-none-eabi/4.8.3/../../../../arm-none-eabi/lib/armv6-m/libcr_nohost.a(__sys_seek.o)
                0x0000000000000c32                __sys_seek
 .text.__sys_tmpnam
                0x0000000000000c38        0x6 /Applications/lpcxpresso_7.1.1_125/lpcxpresso/tools/bin/../lib/gcc/arm-none-eabi/4.8.3/../../../../arm-none-eabi/lib/armv6-m/libcr_nohost.a(__sys_tmpnam.o)
                0x0000000000000c38                __sys_tmpnam
 *(.rodata .rodata.* .constdata .constdata.*)
 *fill*         0x0000000000000c3e        0x2 
 .rodata        0x0000000000000c40       0x20 ./example/src/ccan_rom.o
 .rodata.OscRateIn
                0x0000000000000c60        0x4 /Users/keller_reto/_work/TrainHub/TrainTracker/_workspace_LpcXpresso/nxp_lpcxpresso_11c24_board_lib/Debug/libnxp_lpcxpresso_11c24_board_lib.a(board.o)
                0x0000000000000c60                OscRateIn
 .rodata.pinmuxing
                0x0000000000000c64       0x28 /Users/keller_reto/_work/TrainHub/TrainTracker/_workspace_LpcXpresso/nxp_lpcxpresso_11c24_board_lib/Debug/libnxp_lpcxpresso_11c24_board_lib.a(board_sysinit.o)
 .rodata.wdtOSCRate
                0x0000000000000c8c       0x40 /Users/keller_reto/_work/TrainHub/TrainTracker/_workspace_LpcXpresso/lpc_chip_11cxx_lib/Debug/liblpc_chip_11cxx_lib.a(clock_11xx.o)
 .rodata.str1.1
                0x0000000000000ccc        0x4 /Applications/lpcxpresso_7.1.1_125/lpcxpresso/tools/bin/../lib/gcc/arm-none-eabi/4.8.3/../../../../arm-none-eabi/lib/armv6-m/libcr_c.a(initio.o)
 .rodata.str1.1
                0x0000000000000cd0       0x18 /Applications/lpcxpresso_7.1.1_125/lpcxpresso/tools/bin/../lib/gcc/arm-none-eabi/4.8.3/../../../../arm-none-eabi/lib/armv6-m/libcr_c.a(alloc.o)
                0x0000000000000ce8                . = ALIGN (0x4)

.glue_7         0x0000000000000ce8        0x0
 .glue_7        0x0000000000000000        0x0 linker stubs

.glue_7t        0x0000000000000ce8        0x0
 .glue_7t       0x0000000000000000        0x0 linker stubs

.vfp11_veneer   0x0000000000000ce8        0x0
 .vfp11_veneer  0x0000000000000000        0x0 linker stubs

.v4_bx          0x0000000000000ce8        0x0
 .v4_bx         0x0000000000000000        0x0 linker stubs

.iplt           0x0000000000000ce8        0x0
 .iplt          0x0000000000000000        0x0 ./example/src/ccan_rom.o

.rel.dyn        0x0000000000000ce8        0x0
 .rel.iplt      0x0000000000000000        0x0 ./example/src/ccan_rom.o

.ARM.extab
 *(.ARM.extab* .gnu.linkonce.armextab.*)
                0x0000000000000ce8                __exidx_start = .

.ARM.exidx
 *(.ARM.exidx* .gnu.linkonce.armexidx.*)
                0x0000000000000ce8                __exidx_end = .
                0x0000000000000ce8                _etext = .

.uninit_RESERVED
                0x0000000010000000        0x0
 *(.bss.$RESERVED*)
                0x0000000010000000                . = ALIGN (0x4)
                0x0000000010000000                _end_uninit_RESERVED = .

.data           0x0000000010000000        0x0 load address 0x0000000000000ce8
 FILL mask 0xff
                0x0000000010000000                _data = .
 *(vtable)
 *(.ramfunc*)
 *(.data*)
                0x0000000010000000                . = ALIGN (0x4)
                0x0000000010000000                _edata = .

.igot.plt       0x0000000010000000        0x0 load address 0x0000000000000ce8
 .igot.plt      0x0000000000000000        0x0 ./example/src/ccan_rom.o

.bss            0x0000000010000000      0x168 load address 0x0000000000000ce8
                0x0000000010000000                _bss = .
 *(.bss*)
 .bss.errno     0x0000000010000000        0x4 /Applications/lpcxpresso_7.1.1_125/lpcxpresso/tools/bin/../lib/gcc/arm-none-eabi/4.8.3/../../../../arm-none-eabi/lib/armv6-m/libcr_c.a(errno.o)
                0x0000000010000000                errno
 *(COMMON)
 COMMON         0x0000000010000004       0x14 ./example/src/ccan_rom.o
                0x0000000010000004                msg_obj
 COMMON         0x0000000010000018        0x4 /Users/keller_reto/_work/TrainHub/TrainTracker/_workspace_LpcXpresso/lpc_chip_11cxx_lib/Debug/liblpc_chip_11cxx_lib.a(chip_11xx.o)
                0x0000000010000018                SystemCoreClock
 COMMON         0x000000001000001c        0x4 /Applications/lpcxpresso_7.1.1_125/lpcxpresso/tools/bin/../lib/gcc/arm-none-eabi/4.8.3/../../../../arm-none-eabi/lib/armv6-m/libcr_c.a(initio.o)
                0x000000001000001c                _extra
 COMMON         0x0000000010000020      0x140 /Applications/lpcxpresso_7.1.1_125/lpcxpresso/tools/bin/../lib/gcc/arm-none-eabi/4.8.3/../../../../arm-none-eabi/lib/armv6-m/libcr_c.a(stdio.o)
                0x0000000010000020                __Ciob
 COMMON         0x0000000010000160        0x8 /Applications/lpcxpresso_7.1.1_125/lpcxpresso/tools/bin/../lib/gcc/arm-none-eabi/4.8.3/../../../../arm-none-eabi/lib/armv6-m/libcr_c.a(__init_alloc.o)
                0x0000000010000160                __heaps
                0x0000000010000164                __end_of_heap
                0x0000000010000168                . = ALIGN (0x4)
                0x0000000010000168                _ebss = .
                0x0000000010000168                PROVIDE (end, .)

.noinit         0x0000000010000168        0x0 load address 0x0000000000000ce8
                0x0000000010000168                _noinit = .
 *(.noinit*)
                0x0000000010000168                . = ALIGN (0x4)
                0x0000000010000168                _end_noinit = .
                0x0000000010000168                PROVIDE (_pvHeapStart, .)
                0x0000000010002000                PROVIDE (_vStackTop, (__top_RamLoc8 - 0x0))
OUTPUT(nxp_lpcxpresso_11c24_periph_ccan_rom.axf elf32-littlearm)

.debug_info     0x0000000000000000     0x4264
 .debug_info    0x0000000000000000      0xe5b ./example/src/ccan_rom.o
 .debug_info    0x0000000000000e5b      0x252 ./example/src/cr_startup_lpc11xx.o
 .debug_info    0x00000000000010ad       0xcd ./example/src/sysinit.o
 .debug_info    0x000000000000117a      0xa0b /Users/keller_reto/_work/TrainHub/TrainTracker/_workspace_LpcXpresso/nxp_lpcxpresso_11c24_board_lib/Debug/libnxp_lpcxpresso_11c24_board_lib.a(board.o)
 .debug_info    0x0000000000001b85      0xb45 /Users/keller_reto/_work/TrainHub/TrainTracker/_workspace_LpcXpresso/nxp_lpcxpresso_11c24_board_lib/Debug/libnxp_lpcxpresso_11c24_board_lib.a(board_sysinit.o)
 .debug_info    0x00000000000026ca       0xdc /Users/keller_reto/_work/TrainHub/TrainTracker/_workspace_LpcXpresso/lpc_chip_11cxx_lib/Debug/liblpc_chip_11cxx_lib.a(chip_11xx.o)
 .debug_info    0x00000000000027a6      0x8c4 /Users/keller_reto/_work/TrainHub/TrainTracker/_workspace_LpcXpresso/lpc_chip_11cxx_lib/Debug/liblpc_chip_11cxx_lib.a(clock_11xx.o)
 .debug_info    0x000000000000306a      0xc71 /Users/keller_reto/_work/TrainHub/TrainTracker/_workspace_LpcXpresso/lpc_chip_11cxx_lib/Debug/liblpc_chip_11cxx_lib.a(gpio_11xx_2.o)
 .debug_info    0x0000000000003cdb      0x589 /Users/keller_reto/_work/TrainHub/TrainTracker/_workspace_LpcXpresso/lpc_chip_11cxx_lib/Debug/liblpc_chip_11cxx_lib.a(sysctl_11xx.o)

.debug_abbrev   0x0000000000000000      0xf1a
 .debug_abbrev  0x0000000000000000      0x2ec ./example/src/ccan_rom.o
 .debug_abbrev  0x00000000000002ec       0xf9 ./example/src/cr_startup_lpc11xx.o
 .debug_abbrev  0x00000000000003e5       0x88 ./example/src/sysinit.o
 .debug_abbrev  0x000000000000046d      0x2de /Users/keller_reto/_work/TrainHub/TrainTracker/_workspace_LpcXpresso/nxp_lpcxpresso_11c24_board_lib/Debug/libnxp_lpcxpresso_11c24_board_lib.a(board.o)
 .debug_abbrev  0x000000000000074b      0x2a6 /Users/keller_reto/_work/TrainHub/TrainTracker/_workspace_LpcXpresso/nxp_lpcxpresso_11c24_board_lib/Debug/libnxp_lpcxpresso_11c24_board_lib.a(board_sysinit.o)
 .debug_abbrev  0x00000000000009f1       0x9b /Users/keller_reto/_work/TrainHub/TrainTracker/_workspace_LpcXpresso/lpc_chip_11cxx_lib/Debug/liblpc_chip_11cxx_lib.a(chip_11xx.o)
 .debug_abbrev  0x0000000000000a8c      0x1fb /Users/keller_reto/_work/TrainHub/TrainTracker/_workspace_LpcXpresso/lpc_chip_11cxx_lib/Debug/liblpc_chip_11cxx_lib.a(clock_11xx.o)
 .debug_abbrev  0x0000000000000c87      0x1c5 /Users/keller_reto/_work/TrainHub/TrainTracker/_workspace_LpcXpresso/lpc_chip_11cxx_lib/Debug/liblpc_chip_11cxx_lib.a(gpio_11xx_2.o)
 .debug_abbrev  0x0000000000000e4c       0xce /Users/keller_reto/_work/TrainHub/TrainTracker/_workspace_LpcXpresso/lpc_chip_11cxx_lib/Debug/liblpc_chip_11cxx_lib.a(sysctl_11xx.o)

.debug_loc      0x0000000000000000      0xf0f
 .debug_loc     0x0000000000000000      0x178 ./example/src/ccan_rom.o
 .debug_loc     0x0000000000000178      0x1bb ./example/src/cr_startup_lpc11xx.o
 .debug_loc     0x0000000000000333      0x168 /Users/keller_reto/_work/TrainHub/TrainTracker/_workspace_LpcXpresso/nxp_lpcxpresso_11c24_board_lib/Debug/libnxp_lpcxpresso_11c24_board_lib.a(board.o)
 .debug_loc     0x000000000000049b       0x85 /Users/keller_reto/_work/TrainHub/TrainTracker/_workspace_LpcXpresso/nxp_lpcxpresso_11c24_board_lib/Debug/libnxp_lpcxpresso_11c24_board_lib.a(board_sysinit.o)
 .debug_loc     0x0000000000000520      0x1b4 /Users/keller_reto/_work/TrainHub/TrainTracker/_workspace_LpcXpresso/lpc_chip_11cxx_lib/Debug/liblpc_chip_11cxx_lib.a(clock_11xx.o)
 .debug_loc     0x00000000000006d4      0x76b /Users/keller_reto/_work/TrainHub/TrainTracker/_workspace_LpcXpresso/lpc_chip_11cxx_lib/Debug/liblpc_chip_11cxx_lib.a(gpio_11xx_2.o)
 .debug_loc     0x0000000000000e3f       0xd0 /Users/keller_reto/_work/TrainHub/TrainTracker/_workspace_LpcXpresso/lpc_chip_11cxx_lib/Debug/liblpc_chip_11cxx_lib.a(sysctl_11xx.o)

.debug_aranges  0x0000000000000000      0x288
 .debug_aranges
                0x0000000000000000       0x48 ./example/src/ccan_rom.o
 .debug_aranges
                0x0000000000000048       0x60 ./example/src/cr_startup_lpc11xx.o
 .debug_aranges
                0x00000000000000a8       0x20 ./example/src/sysinit.o
 .debug_aranges
                0x00000000000000c8       0x70 /Users/keller_reto/_work/TrainHub/TrainTracker/_workspace_LpcXpresso/nxp_lpcxpresso_11c24_board_lib/Debug/libnxp_lpcxpresso_11c24_board_lib.a(board.o)
 .debug_aranges
                0x0000000000000138       0x30 /Users/keller_reto/_work/TrainHub/TrainTracker/_workspace_LpcXpresso/nxp_lpcxpresso_11c24_board_lib/Debug/libnxp_lpcxpresso_11c24_board_lib.a(board_sysinit.o)
 .debug_aranges
                0x0000000000000168       0x20 /Users/keller_reto/_work/TrainHub/TrainTracker/_workspace_LpcXpresso/lpc_chip_11cxx_lib/Debug/liblpc_chip_11cxx_lib.a(chip_11xx.o)
 .debug_aranges
                0x0000000000000188       0x78 /Users/keller_reto/_work/TrainHub/TrainTracker/_workspace_LpcXpresso/lpc_chip_11cxx_lib/Debug/liblpc_chip_11cxx_lib.a(clock_11xx.o)
 .debug_aranges
                0x0000000000000200       0x50 /Users/keller_reto/_work/TrainHub/TrainTracker/_workspace_LpcXpresso/lpc_chip_11cxx_lib/Debug/liblpc_chip_11cxx_lib.a(gpio_11xx_2.o)
 .debug_aranges
                0x0000000000000250       0x38 /Users/keller_reto/_work/TrainHub/TrainTracker/_workspace_LpcXpresso/lpc_chip_11cxx_lib/Debug/liblpc_chip_11cxx_lib.a(sysctl_11xx.o)

.debug_ranges   0x0000000000000000      0x210
 .debug_ranges  0x0000000000000000       0x38 ./example/src/ccan_rom.o
 .debug_ranges  0x0000000000000038       0x50 ./example/src/cr_startup_lpc11xx.o
 .debug_ranges  0x0000000000000088       0x10 ./example/src/sysinit.o
 .debug_ranges  0x0000000000000098       0x60 /Users/keller_reto/_work/TrainHub/TrainTracker/_workspace_LpcXpresso/nxp_lpcxpresso_11c24_board_lib/Debug/libnxp_lpcxpresso_11c24_board_lib.a(board.o)
 .debug_ranges  0x00000000000000f8       0x38 /Users/keller_reto/_work/TrainHub/TrainTracker/_workspace_LpcXpresso/nxp_lpcxpresso_11c24_board_lib/Debug/libnxp_lpcxpresso_11c24_board_lib.a(board_sysinit.o)
 .debug_ranges  0x0000000000000130       0x10 /Users/keller_reto/_work/TrainHub/TrainTracker/_workspace_LpcXpresso/lpc_chip_11cxx_lib/Debug/liblpc_chip_11cxx_lib.a(chip_11xx.o)
 .debug_ranges  0x0000000000000140       0x68 /Users/keller_reto/_work/TrainHub/TrainTracker/_workspace_LpcXpresso/lpc_chip_11cxx_lib/Debug/liblpc_chip_11cxx_lib.a(clock_11xx.o)
 .debug_ranges  0x00000000000001a8       0x40 /Users/keller_reto/_work/TrainHub/TrainTracker/_workspace_LpcXpresso/lpc_chip_11cxx_lib/Debug/liblpc_chip_11cxx_lib.a(gpio_11xx_2.o)
 .debug_ranges  0x00000000000001e8       0x28 /Users/keller_reto/_work/TrainHub/TrainTracker/_workspace_LpcXpresso/lpc_chip_11cxx_lib/Debug/liblpc_chip_11cxx_lib.a(sysctl_11xx.o)

.debug_macro    0x0000000000000000     0x3a43
 .debug_macro   0x0000000000000000      0x183 ./example/src/ccan_rom.o
 .debug_macro   0x0000000000000183      0x820 ./example/src/ccan_rom.o
 .debug_macro   0x00000000000009a3       0x10 ./example/src/ccan_rom.o
 .debug_macro   0x00000000000009b3      0x122 ./example/src/ccan_rom.o
 .debug_macro   0x0000000000000ad5      0x5b9 ./example/src/ccan_rom.o
 .debug_macro   0x000000000000108e       0x22 ./example/src/ccan_rom.o
 .debug_macro   0x00000000000010b0       0x7b ./example/src/ccan_rom.o
 .debug_macro   0x000000000000112b       0x10 ./example/src/ccan_rom.o
 .debug_macro   0x000000000000113b       0x1f ./example/src/ccan_rom.o
 .debug_macro   0x000000000000115a       0x3a ./example/src/ccan_rom.o
 .debug_macro   0x0000000000001194      0x241 ./example/src/ccan_rom.o
 .debug_macro   0x00000000000013d5      0x117 ./example/src/ccan_rom.o
 .debug_macro   0x00000000000014ec       0x22 ./example/src/ccan_rom.o
 .debug_macro   0x000000000000150e       0xb2 ./example/src/ccan_rom.o
 .debug_macro   0x00000000000015c0       0x10 ./example/src/ccan_rom.o
 .debug_macro   0x00000000000015d0      0x137 ./example/src/ccan_rom.o
 .debug_macro   0x0000000000001707       0x4c ./example/src/ccan_rom.o
 .debug_macro   0x0000000000001753       0x16 ./example/src/ccan_rom.o
 .debug_macro   0x0000000000001769      0x31a ./example/src/ccan_rom.o
 .debug_macro   0x0000000000001a83       0x2e ./example/src/ccan_rom.o
 .debug_macro   0x0000000000001ab1       0xb8 ./example/src/ccan_rom.o
 .debug_macro   0x0000000000001b69       0x11 ./example/src/ccan_rom.o
 .debug_macro   0x0000000000001b7a       0x7c ./example/src/ccan_rom.o
 .debug_macro   0x0000000000001bf6      0x21c ./example/src/ccan_rom.o
 .debug_macro   0x0000000000001e12      0x113 ./example/src/ccan_rom.o
 .debug_macro   0x0000000000001f25       0x10 ./example/src/ccan_rom.o
 .debug_macro   0x0000000000001f35       0x9a ./example/src/ccan_rom.o
 .debug_macro   0x0000000000001fcf       0x20 ./example/src/ccan_rom.o
 .debug_macro   0x0000000000001fef       0x26 ./example/src/cr_startup_lpc11xx.o
 .debug_macro   0x0000000000002015      0x826 ./example/src/cr_startup_lpc11xx.o
 .debug_macro   0x000000000000283b      0x17d ./example/src/sysinit.o
 .debug_macro   0x00000000000029b8      0x18a /Users/keller_reto/_work/TrainHub/TrainTracker/_workspace_LpcXpresso/nxp_lpcxpresso_11c24_board_lib/Debug/libnxp_lpcxpresso_11c24_board_lib.a(board.o)
 .debug_macro   0x0000000000002b42      0x81a /Users/keller_reto/_work/TrainHub/TrainTracker/_workspace_LpcXpresso/nxp_lpcxpresso_11c24_board_lib/Debug/libnxp_lpcxpresso_11c24_board_lib.a(board.o)
 .debug_macro   0x000000000000335c       0x12 /Users/keller_reto/_work/TrainHub/TrainTracker/_workspace_LpcXpresso/nxp_lpcxpresso_11c24_board_lib/Debug/libnxp_lpcxpresso_11c24_board_lib.a(board.o)
 .debug_macro   0x000000000000336e      0x18b /Users/keller_reto/_work/TrainHub/TrainTracker/_workspace_LpcXpresso/nxp_lpcxpresso_11c24_board_lib/Debug/libnxp_lpcxpresso_11c24_board_lib.a(board_sysinit.o)
 .debug_macro   0x00000000000034f9      0x148 /Users/keller_reto/_work/TrainHub/TrainTracker/_workspace_LpcXpresso/lpc_chip_11cxx_lib/Debug/liblpc_chip_11cxx_lib.a(chip_11xx.o)
 .debug_macro   0x0000000000003641      0x148 /Users/keller_reto/_work/TrainHub/TrainTracker/_workspace_LpcXpresso/lpc_chip_11cxx_lib/Debug/liblpc_chip_11cxx_lib.a(clock_11xx.o)
 .debug_macro   0x0000000000003789      0x148 /Users/keller_reto/_work/TrainHub/TrainTracker/_workspace_LpcXpresso/lpc_chip_11cxx_lib/Debug/liblpc_chip_11cxx_lib.a(gpio_11xx_2.o)
 .debug_macro   0x00000000000038d1      0x172 /Users/keller_reto/_work/TrainHub/TrainTracker/_workspace_LpcXpresso/lpc_chip_11cxx_lib/Debug/liblpc_chip_11cxx_lib.a(sysctl_11xx.o)

.debug_line     0x0000000000000000     0x1ed6
 .debug_line    0x0000000000000000      0x42c ./example/src/ccan_rom.o
 .debug_line    0x000000000000042c      0x10d ./example/src/cr_startup_lpc11xx.o
 .debug_line    0x0000000000000539      0x375 ./example/src/sysinit.o
 .debug_line    0x00000000000008ae      0x47d /Users/keller_reto/_work/TrainHub/TrainTracker/_workspace_LpcXpresso/nxp_lpcxpresso_11c24_board_lib/Debug/libnxp_lpcxpresso_11c24_board_lib.a(board.o)
 .debug_line    0x0000000000000d2b      0x422 /Users/keller_reto/_work/TrainHub/TrainTracker/_workspace_LpcXpresso/nxp_lpcxpresso_11c24_board_lib/Debug/libnxp_lpcxpresso_11c24_board_lib.a(board_sysinit.o)
 .debug_line    0x000000000000114d      0x2e2 /Users/keller_reto/_work/TrainHub/TrainTracker/_workspace_LpcXpresso/lpc_chip_11cxx_lib/Debug/liblpc_chip_11cxx_lib.a(chip_11xx.o)
 .debug_line    0x000000000000142f      0x3d8 /Users/keller_reto/_work/TrainHub/TrainTracker/_workspace_LpcXpresso/lpc_chip_11cxx_lib/Debug/liblpc_chip_11cxx_lib.a(clock_11xx.o)
 .debug_line    0x0000000000001807      0x3b0 /Users/keller_reto/_work/TrainHub/TrainTracker/_workspace_LpcXpresso/lpc_chip_11cxx_lib/Debug/liblpc_chip_11cxx_lib.a(gpio_11xx_2.o)
 .debug_line    0x0000000000001bb7      0x31f /Users/keller_reto/_work/TrainHub/TrainTracker/_workspace_LpcXpresso/lpc_chip_11cxx_lib/Debug/liblpc_chip_11cxx_lib.a(sysctl_11xx.o)

.debug_str      0x0000000000000000     0x9b08
 .debug_str     0x0000000000000000     0x884b ./example/src/ccan_rom.o
                                       0x8984 (size before relaxing)
 .debug_str     0x000000000000884b      0x248 ./example/src/cr_startup_lpc11xx.o
                                       0x24da (size before relaxing)
 .debug_str     0x0000000000008a93       0x2a ./example/src/sysinit.o
                                       0x7f70 (size before relaxing)
 .debug_str     0x0000000000008abd      0x546 /Users/keller_reto/_work/TrainHub/TrainTracker/_workspace_LpcXpresso/nxp_lpcxpresso_11c24_board_lib/Debug/libnxp_lpcxpresso_11c24_board_lib.a(board.o)
                                       0x844f (size before relaxing)
 .debug_str     0x0000000000009003      0x31e /Users/keller_reto/_work/TrainHub/TrainTracker/_workspace_LpcXpresso/nxp_lpcxpresso_11c24_board_lib/Debug/libnxp_lpcxpresso_11c24_board_lib.a(board_sysinit.o)
                                       0x8929 (size before relaxing)
 .debug_str     0x0000000000009321       0x9f /Users/keller_reto/_work/TrainHub/TrainTracker/_workspace_LpcXpresso/lpc_chip_11cxx_lib/Debug/liblpc_chip_11cxx_lib.a(chip_11xx.o)
                                       0x7caf (size before relaxing)
 .debug_str     0x00000000000093c0      0x3a0 /Users/keller_reto/_work/TrainHub/TrainTracker/_workspace_LpcXpresso/lpc_chip_11cxx_lib/Debug/liblpc_chip_11cxx_lib.a(clock_11xx.o)
                                       0x8455 (size before relaxing)
 .debug_str     0x0000000000009760      0x233 /Users/keller_reto/_work/TrainHub/TrainTracker/_workspace_LpcXpresso/lpc_chip_11cxx_lib/Debug/liblpc_chip_11cxx_lib.a(gpio_11xx_2.o)
                                       0x8333 (size before relaxing)
 .debug_str     0x0000000000009993      0x175 /Users/keller_reto/_work/TrainHub/TrainTracker/_workspace_LpcXpresso/lpc_chip_11cxx_lib/Debug/liblpc_chip_11cxx_lib.a(sysctl_11xx.o)
                                       0x809f (size before relaxing)

.comment        0x0000000000000000       0xe0
 .comment       0x0000000000000000       0x70 ./example/src/ccan_rom.o
                                         0x71 (size before relaxing)
 .comment       0x0000000000000000       0x71 ./example/src/cr_startup_lpc11xx.o
 .comment       0x0000000000000000       0x71 ./example/src/sysinit.o
 .comment       0x0000000000000000       0x71 /Users/keller_reto/_work/TrainHub/TrainTracker/_workspace_LpcXpresso/nxp_lpcxpresso_11c24_board_lib/Debug/libnxp_lpcxpresso_11c24_board_lib.a(board.o)
 .comment       0x0000000000000000       0x71 /Users/keller_reto/_work/TrainHub/TrainTracker/_workspace_LpcXpresso/nxp_lpcxpresso_11c24_board_lib/Debug/libnxp_lpcxpresso_11c24_board_lib.a(board_sysinit.o)
 .comment       0x0000000000000000       0x71 /Users/keller_reto/_work/TrainHub/TrainTracker/_workspace_LpcXpresso/lpc_chip_11cxx_lib/Debug/liblpc_chip_11cxx_lib.a(chip_11xx.o)
 .comment       0x0000000000000000       0x71 /Users/keller_reto/_work/TrainHub/TrainTracker/_workspace_LpcXpresso/lpc_chip_11cxx_lib/Debug/liblpc_chip_11cxx_lib.a(clock_11xx.o)
 .comment       0x0000000000000000       0x71 /Users/keller_reto/_work/TrainHub/TrainTracker/_workspace_LpcXpresso/lpc_chip_11cxx_lib/Debug/liblpc_chip_11cxx_lib.a(gpio_11xx_2.o)
 .comment       0x0000000000000000       0x71 /Users/keller_reto/_work/TrainHub/TrainTracker/_workspace_LpcXpresso/lpc_chip_11cxx_lib/Debug/liblpc_chip_11cxx_lib.a(sysctl_11xx.o)
 .comment       0x0000000000000070       0x70 /Applications/lpcxpresso_7.1.1_125/lpcxpresso/tools/bin/../lib/gcc/arm-none-eabi/4.8.3/../../../../arm-none-eabi/lib/armv6-m/libcr_nohost.a(_cr__main.o)
                                         0x71 (size before relaxing)
 .comment       0x0000000000000000       0x71 /Applications/lpcxpresso_7.1.1_125/lpcxpresso/tools/bin/../lib/gcc/arm-none-eabi/4.8.3/../../../../arm-none-eabi/lib/armv6-m/libcr_c.a(initio.o)
 .comment       0x0000000000000000       0x71 /Applications/lpcxpresso_7.1.1_125/lpcxpresso/tools/bin/../lib/gcc/arm-none-eabi/4.8.3/../../../../arm-none-eabi/lib/armv6-m/libcr_c.a(setvbuf.o)
 .comment       0x0000000000000000       0x71 /Applications/lpcxpresso_7.1.1_125/lpcxpresso/tools/bin/../lib/gcc/arm-none-eabi/4.8.3/../../../../arm-none-eabi/lib/armv6-m/libcr_c.a(stdio.o)
 .comment       0x0000000000000000       0x71 /Applications/lpcxpresso_7.1.1_125/lpcxpresso/tools/bin/../lib/gcc/arm-none-eabi/4.8.3/../../../../arm-none-eabi/lib/armv6-m/libcr_c.a(memset.o)
 .comment       0x0000000000000000       0x71 /Applications/lpcxpresso_7.1.1_125/lpcxpresso/tools/bin/../lib/gcc/arm-none-eabi/4.8.3/../../../../arm-none-eabi/lib/armv6-m/libcr_c.a(_deferredlazyseek.o)
 .comment       0x0000000000000000       0x71 /Applications/lpcxpresso_7.1.1_125/lpcxpresso/tools/bin/../lib/gcc/arm-none-eabi/4.8.3/../../../../arm-none-eabi/lib/armv6-m/libcr_c.a(_fdopen.o)
 .comment       0x0000000000000000       0x71 /Applications/lpcxpresso_7.1.1_125/lpcxpresso/tools/bin/../lib/gcc/arm-none-eabi/4.8.3/../../../../arm-none-eabi/lib/armv6-m/libcr_c.a(_fflush.o)
 .comment       0x0000000000000000       0x71 /Applications/lpcxpresso_7.1.1_125/lpcxpresso/tools/bin/../lib/gcc/arm-none-eabi/4.8.3/../../../../arm-none-eabi/lib/armv6-m/libcr_c.a(_writebuf.o)
 .comment       0x0000000000000000       0x71 /Applications/lpcxpresso_7.1.1_125/lpcxpresso/tools/bin/../lib/gcc/arm-none-eabi/4.8.3/../../../../arm-none-eabi/lib/armv6-m/libcr_c.a(alloc.o)
 .comment       0x0000000000000000       0x71 /Applications/lpcxpresso_7.1.1_125/lpcxpresso/tools/bin/../lib/gcc/arm-none-eabi/4.8.3/../../../../arm-none-eabi/lib/armv6-m/libcr_c.a(fclose.o)
 .comment       0x0000000000000000       0x71 /Applications/lpcxpresso_7.1.1_125/lpcxpresso/tools/bin/../lib/gcc/arm-none-eabi/4.8.3/../../../../arm-none-eabi/lib/armv6-m/libcr_c.a(fflush.o)
 .comment       0x0000000000000000       0x71 /Applications/lpcxpresso_7.1.1_125/lpcxpresso/tools/bin/../lib/gcc/arm-none-eabi/4.8.3/../../../../arm-none-eabi/lib/armv6-m/libcr_c.a(fseek.o)
 .comment       0x0000000000000000       0x71 /Applications/lpcxpresso_7.1.1_125/lpcxpresso/tools/bin/../lib/gcc/arm-none-eabi/4.8.3/../../../../arm-none-eabi/lib/armv6-m/libcr_c.a(ftell.o)
 .comment       0x0000000000000000       0x71 /Applications/lpcxpresso_7.1.1_125/lpcxpresso/tools/bin/../lib/gcc/arm-none-eabi/4.8.3/../../../../arm-none-eabi/lib/armv6-m/libcr_c.a(remove.o)
 .comment       0x0000000000000000       0x71 /Applications/lpcxpresso_7.1.1_125/lpcxpresso/tools/bin/../lib/gcc/arm-none-eabi/4.8.3/../../../../arm-none-eabi/lib/armv6-m/libcr_c.a(strlen.o)
 .comment       0x0000000000000000       0x71 /Applications/lpcxpresso_7.1.1_125/lpcxpresso/tools/bin/../lib/gcc/arm-none-eabi/4.8.3/../../../../arm-none-eabi/lib/armv6-m/libcr_c.a(__init_alloc.o)
 .comment       0x0000000000000000       0x71 /Applications/lpcxpresso_7.1.1_125/lpcxpresso/tools/bin/../lib/gcc/arm-none-eabi/4.8.3/../../../../arm-none-eabi/lib/armv6-m/libcr_c.a(_cr_sbrk.o)
 .comment       0x0000000000000000       0x71 /Applications/lpcxpresso_7.1.1_125/lpcxpresso/tools/bin/../lib/gcc/arm-none-eabi/4.8.3/../../../../arm-none-eabi/lib/armv6-m/libcr_c.a(_do_fflush.o)
 .comment       0x0000000000000000       0x71 /Applications/lpcxpresso_7.1.1_125/lpcxpresso/tools/bin/../lib/gcc/arm-none-eabi/4.8.3/../../../../arm-none-eabi/lib/armv6-m/libcr_c.a(errno.o)
 .comment       0x0000000000000000       0x71 /Applications/lpcxpresso_7.1.1_125/lpcxpresso/tools/bin/../lib/gcc/arm-none-eabi/4.8.3/../../../../arm-none-eabi/lib/armv6-m/libcr_c.a(_cr_check_heap.o)
 .comment       0x0000000000000000       0x71 /Applications/lpcxpresso_7.1.1_125/lpcxpresso/tools/bin/../lib/gcc/arm-none-eabi/4.8.3/../../../../arm-none-eabi/lib/armv6-m/libcr_nohost.a(__sys_appexit.o)
 .comment       0x0000000000000000       0x71 /Applications/lpcxpresso_7.1.1_125/lpcxpresso/tools/bin/../lib/gcc/arm-none-eabi/4.8.3/../../../../arm-none-eabi/lib/armv6-m/libcr_nohost.a(__sys_close.o)
 .comment       0x0000000000000000       0x71 /Applications/lpcxpresso_7.1.1_125/lpcxpresso/tools/bin/../lib/gcc/arm-none-eabi/4.8.3/../../../../arm-none-eabi/lib/armv6-m/libcr_nohost.a(__sys_flen.o)
 .comment       0x0000000000000000       0x71 /Applications/lpcxpresso_7.1.1_125/lpcxpresso/tools/bin/../lib/gcc/arm-none-eabi/4.8.3/../../../../arm-none-eabi/lib/armv6-m/libcr_nohost.a(__sys_istty.o)
 .comment       0x0000000000000000       0x71 /Applications/lpcxpresso_7.1.1_125/lpcxpresso/tools/bin/../lib/gcc/arm-none-eabi/4.8.3/../../../../arm-none-eabi/lib/armv6-m/libcr_nohost.a(__sys_remove.o)
 .comment       0x0000000000000000       0x71 /Applications/lpcxpresso_7.1.1_125/lpcxpresso/tools/bin/../lib/gcc/arm-none-eabi/4.8.3/../../../../arm-none-eabi/lib/armv6-m/libcr_nohost.a(__sys_seek.o)
 .comment       0x0000000000000000       0x71 /Applications/lpcxpresso_7.1.1_125/lpcxpresso/tools/bin/../lib/gcc/arm-none-eabi/4.8.3/../../../../arm-none-eabi/lib/armv6-m/libcr_nohost.a(__sys_tmpnam.o)

.ARM.attributes
                0x0000000000000000       0x2f
 .ARM.attributes
                0x0000000000000000       0x31 ./example/src/ccan_rom.o
 .ARM.attributes
                0x0000000000000031       0x31 ./example/src/cr_startup_lpc11xx.o
 .ARM.attributes
                0x0000000000000062       0x31 ./example/src/sysinit.o
 .ARM.attributes
                0x0000000000000093       0x31 /Users/keller_reto/_work/TrainHub/TrainTracker/_workspace_LpcXpresso/nxp_lpcxpresso_11c24_board_lib/Debug/libnxp_lpcxpresso_11c24_board_lib.a(board.o)
 .ARM.attributes
                0x00000000000000c4       0x31 /Users/keller_reto/_work/TrainHub/TrainTracker/_workspace_LpcXpresso/nxp_lpcxpresso_11c24_board_lib/Debug/libnxp_lpcxpresso_11c24_board_lib.a(board_sysinit.o)
 .ARM.attributes
                0x00000000000000f5       0x31 /Users/keller_reto/_work/TrainHub/TrainTracker/_workspace_LpcXpresso/lpc_chip_11cxx_lib/Debug/liblpc_chip_11cxx_lib.a(chip_11xx.o)
 .ARM.attributes
                0x0000000000000126       0x31 /Users/keller_reto/_work/TrainHub/TrainTracker/_workspace_LpcXpresso/lpc_chip_11cxx_lib/Debug/liblpc_chip_11cxx_lib.a(clock_11xx.o)
 .ARM.attributes
                0x0000000000000157       0x31 /Users/keller_reto/_work/TrainHub/TrainTracker/_workspace_LpcXpresso/lpc_chip_11cxx_lib/Debug/liblpc_chip_11cxx_lib.a(gpio_11xx_2.o)
 .ARM.attributes
                0x0000000000000188       0x31 /Users/keller_reto/_work/TrainHub/TrainTracker/_workspace_LpcXpresso/lpc_chip_11cxx_lib/Debug/liblpc_chip_11cxx_lib.a(sysctl_11xx.o)
 .ARM.attributes
                0x00000000000001b9       0x31 /Applications/lpcxpresso_7.1.1_125/lpcxpresso/tools/bin/../lib/gcc/arm-none-eabi/4.8.3/../../../../arm-none-eabi/lib/armv6-m/libcr_nohost.a(_cr__main.o)
 .ARM.attributes
                0x00000000000001ea       0x31 /Applications/lpcxpresso_7.1.1_125/lpcxpresso/tools/bin/../lib/gcc/arm-none-eabi/4.8.3/../../../../arm-none-eabi/lib/armv6-m/libcr_c.a(initio.o)
 .ARM.attributes
                0x000000000000021b       0x31 /Applications/lpcxpresso_7.1.1_125/lpcxpresso/tools/bin/../lib/gcc/arm-none-eabi/4.8.3/../../../../arm-none-eabi/lib/armv6-m/libcr_c.a(setvbuf.o)
 .ARM.attributes
                0x000000000000024c       0x31 /Applications/lpcxpresso_7.1.1_125/lpcxpresso/tools/bin/../lib/gcc/arm-none-eabi/4.8.3/../../../../arm-none-eabi/lib/armv6-m/libcr_c.a(stdio.o)
 .ARM.attributes
                0x000000000000027d       0x31 /Applications/lpcxpresso_7.1.1_125/lpcxpresso/tools/bin/../lib/gcc/arm-none-eabi/4.8.3/../../../../arm-none-eabi/lib/armv6-m/libcr_c.a(memset.o)
 .ARM.attributes
                0x00000000000002ae       0x31 /Applications/lpcxpresso_7.1.1_125/lpcxpresso/tools/bin/../lib/gcc/arm-none-eabi/4.8.3/../../../../arm-none-eabi/lib/armv6-m/libcr_c.a(_deferredlazyseek.o)
 .ARM.attributes
                0x00000000000002df       0x31 /Applications/lpcxpresso_7.1.1_125/lpcxpresso/tools/bin/../lib/gcc/arm-none-eabi/4.8.3/../../../../arm-none-eabi/lib/armv6-m/libcr_c.a(_fdopen.o)
 .ARM.attributes
                0x0000000000000310       0x31 /Applications/lpcxpresso_7.1.1_125/lpcxpresso/tools/bin/../lib/gcc/arm-none-eabi/4.8.3/../../../../arm-none-eabi/lib/armv6-m/libcr_c.a(_fflush.o)
 .ARM.attributes
                0x0000000000000341       0x31 /Applications/lpcxpresso_7.1.1_125/lpcxpresso/tools/bin/../lib/gcc/arm-none-eabi/4.8.3/../../../../arm-none-eabi/lib/armv6-m/libcr_c.a(_writebuf.o)
 .ARM.attributes
                0x0000000000000372       0x31 /Applications/lpcxpresso_7.1.1_125/lpcxpresso/tools/bin/../lib/gcc/arm-none-eabi/4.8.3/../../../../arm-none-eabi/lib/armv6-m/libcr_c.a(alloc.o)
 .ARM.attributes
                0x00000000000003a3       0x31 /Applications/lpcxpresso_7.1.1_125/lpcxpresso/tools/bin/../lib/gcc/arm-none-eabi/4.8.3/../../../../arm-none-eabi/lib/armv6-m/libcr_c.a(fclose.o)
 .ARM.attributes
                0x00000000000003d4       0x31 /Applications/lpcxpresso_7.1.1_125/lpcxpresso/tools/bin/../lib/gcc/arm-none-eabi/4.8.3/../../../../arm-none-eabi/lib/armv6-m/libcr_c.a(fflush.o)
 .ARM.attributes
                0x0000000000000405       0x31 /Applications/lpcxpresso_7.1.1_125/lpcxpresso/tools/bin/../lib/gcc/arm-none-eabi/4.8.3/../../../../arm-none-eabi/lib/armv6-m/libcr_c.a(fseek.o)
 .ARM.attributes
                0x0000000000000436       0x31 /Applications/lpcxpresso_7.1.1_125/lpcxpresso/tools/bin/../lib/gcc/arm-none-eabi/4.8.3/../../../../arm-none-eabi/lib/armv6-m/libcr_c.a(ftell.o)
 .ARM.attributes
                0x0000000000000467       0x31 /Applications/lpcxpresso_7.1.1_125/lpcxpresso/tools/bin/../lib/gcc/arm-none-eabi/4.8.3/../../../../arm-none-eabi/lib/armv6-m/libcr_c.a(remove.o)
 .ARM.attributes
                0x0000000000000498       0x31 /Applications/lpcxpresso_7.1.1_125/lpcxpresso/tools/bin/../lib/gcc/arm-none-eabi/4.8.3/../../../../arm-none-eabi/lib/armv6-m/libcr_c.a(strlen.o)
 .ARM.attributes
                0x00000000000004c9       0x31 /Applications/lpcxpresso_7.1.1_125/lpcxpresso/tools/bin/../lib/gcc/arm-none-eabi/4.8.3/../../../../arm-none-eabi/lib/armv6-m/libcr_c.a(__init_alloc.o)
 .ARM.attributes
                0x00000000000004fa       0x31 /Applications/lpcxpresso_7.1.1_125/lpcxpresso/tools/bin/../lib/gcc/arm-none-eabi/4.8.3/../../../../arm-none-eabi/lib/armv6-m/libcr_c.a(_cr_sbrk.o)
 .ARM.attributes
                0x000000000000052b       0x31 /Applications/lpcxpresso_7.1.1_125/lpcxpresso/tools/bin/../lib/gcc/arm-none-eabi/4.8.3/../../../../arm-none-eabi/lib/armv6-m/libcr_c.a(_do_fflush.o)
 .ARM.attributes
                0x000000000000055c       0x31 /Applications/lpcxpresso_7.1.1_125/lpcxpresso/tools/bin/../lib/gcc/arm-none-eabi/4.8.3/../../../../arm-none-eabi/lib/armv6-m/libcr_c.a(errno.o)
 .ARM.attributes
                0x000000000000058d       0x31 /Applications/lpcxpresso_7.1.1_125/lpcxpresso/tools/bin/../lib/gcc/arm-none-eabi/4.8.3/../../../../arm-none-eabi/lib/armv6-m/libcr_c.a(_cr_check_heap.o)
 .ARM.attributes
                0x00000000000005be       0x21 /Applications/lpcxpresso_7.1.1_125/lpcxpresso/tools/bin/../lib/gcc/arm-none-eabi/4.8.3/armv6-m/libcr_eabihelpers.a(division_32.o)
 .ARM.attributes
                0x00000000000005df       0x21 /Applications/lpcxpresso_7.1.1_125/lpcxpresso/tools/bin/../lib/gcc/arm-none-eabi/4.8.3/armv6-m/libcr_eabihelpers.a(division_idiv0.o)
 .ARM.attributes
                0x0000000000000600       0x21 /Applications/lpcxpresso_7.1.1_125/lpcxpresso/tools/bin/../lib/gcc/arm-none-eabi/4.8.3/armv6-m/libcr_eabihelpers.a(memcpy.o)
 .ARM.attributes
                0x0000000000000621       0x31 /Applications/lpcxpresso_7.1.1_125/lpcxpresso/tools/bin/../lib/gcc/arm-none-eabi/4.8.3/../../../../arm-none-eabi/lib/armv6-m/libcr_nohost.a(__sys_appexit.o)
 .ARM.attributes
                0x0000000000000652       0x31 /Applications/lpcxpresso_7.1.1_125/lpcxpresso/tools/bin/../lib/gcc/arm-none-eabi/4.8.3/../../../../arm-none-eabi/lib/armv6-m/libcr_nohost.a(__sys_close.o)
 .ARM.attributes
                0x0000000000000683       0x31 /Applications/lpcxpresso_7.1.1_125/lpcxpresso/tools/bin/../lib/gcc/arm-none-eabi/4.8.3/../../../../arm-none-eabi/lib/armv6-m/libcr_nohost.a(__sys_flen.o)
 .ARM.attributes
                0x00000000000006b4       0x31 /Applications/lpcxpresso_7.1.1_125/lpcxpresso/tools/bin/../lib/gcc/arm-none-eabi/4.8.3/../../../../arm-none-eabi/lib/armv6-m/libcr_nohost.a(__sys_istty.o)
 .ARM.attributes
                0x00000000000006e5       0x31 /Applications/lpcxpresso_7.1.1_125/lpcxpresso/tools/bin/../lib/gcc/arm-none-eabi/4.8.3/../../../../arm-none-eabi/lib/armv6-m/libcr_nohost.a(__sys_remove.o)
 .ARM.attributes
                0x0000000000000716       0x31 /Applications/lpcxpresso_7.1.1_125/lpcxpresso/tools/bin/../lib/gcc/arm-none-eabi/4.8.3/../../../../arm-none-eabi/lib/armv6-m/libcr_nohost.a(__sys_seek.o)
 .ARM.attributes
                0x0000000000000747       0x31 /Applications/lpcxpresso_7.1.1_125/lpcxpresso/tools/bin/../lib/gcc/arm-none-eabi/4.8.3/../../../../arm-none-eabi/lib/armv6-m/libcr_nohost.a(__sys_tmpnam.o)

.debug_frame    0x0000000000000000      0x4d0
 .debug_frame   0x0000000000000000       0x9c ./example/src/ccan_rom.o
 .debug_frame   0x000000000000009c       0xb0 ./example/src/cr_startup_lpc11xx.o
 .debug_frame   0x000000000000014c       0x28 ./example/src/sysinit.o
 .debug_frame   0x0000000000000174       0xe8 /Users/keller_reto/_work/TrainHub/TrainTracker/_workspace_LpcXpresso/nxp_lpcxpresso_11c24_board_lib/Debug/libnxp_lpcxpresso_11c24_board_lib.a(board.o)
 .debug_frame   0x000000000000025c       0x5c /Users/keller_reto/_work/TrainHub/TrainTracker/_workspace_LpcXpresso/nxp_lpcxpresso_11c24_board_lib/Debug/libnxp_lpcxpresso_11c24_board_lib.a(board_sysinit.o)
 .debug_frame   0x00000000000002b8       0x28 /Users/keller_reto/_work/TrainHub/TrainTracker/_workspace_LpcXpresso/lpc_chip_11cxx_lib/Debug/liblpc_chip_11cxx_lib.a(chip_11xx.o)
 .debug_frame   0x00000000000002e0       0xf8 /Users/keller_reto/_work/TrainHub/TrainTracker/_workspace_LpcXpresso/lpc_chip_11cxx_lib/Debug/liblpc_chip_11cxx_lib.a(clock_11xx.o)
 .debug_frame   0x00000000000003d8       0xa0 /Users/keller_reto/_work/TrainHub/TrainTracker/_workspace_LpcXpresso/lpc_chip_11cxx_lib/Debug/liblpc_chip_11cxx_lib.a(gpio_11xx_2.o)
 .debug_frame   0x0000000000000478       0x58 /Users/keller_reto/_work/TrainHub/TrainTracker/_workspace_LpcXpresso/lpc_chip_11cxx_lib/Debug/liblpc_chip_11cxx_lib.a(sysctl_11xx.o)
