Archive member included because of file (symbol)

/Users/keller_reto/_work/TrainHub/TrainTracker/_workspace_LpcXpresso/nxp_lpcxpresso_11c24_board_lib/Debug/libnxp_lpcxpresso_11c24_board_lib.a(board.o)
                              ./example/src/adc_11xx.o (Board_Init)
/Users/keller_reto/_work/TrainHub/TrainTracker/_workspace_LpcXpresso/nxp_lpcxpresso_11c24_board_lib/Debug/libnxp_lpcxpresso_11c24_board_lib.a(board_sysinit.o)
                              ./example/src/sysinit.o (Board_SystemInit)
/Users/keller_reto/_work/TrainHub/TrainTracker/_workspace_LpcXpresso/lpc_chip_11cxx_lib/Debug/liblpc_chip_11cxx_lib.a(adc_11xx.o)
                              ./example/src/adc_11xx.o (Chip_ADC_Init)
/Users/keller_reto/_work/TrainHub/TrainTracker/_workspace_LpcXpresso/lpc_chip_11cxx_lib/Debug/liblpc_chip_11cxx_lib.a(chip_11xx.o)
                              ./example/src/adc_11xx.o (SystemCoreClockUpdate)
/Users/keller_reto/_work/TrainHub/TrainTracker/_workspace_LpcXpresso/lpc_chip_11cxx_lib/Debug/liblpc_chip_11cxx_lib.a(clock_11xx.o)
                              /Users/keller_reto/_work/TrainHub/TrainTracker/_workspace_LpcXpresso/nxp_lpcxpresso_11c24_board_lib/Debug/libnxp_lpcxpresso_11c24_board_lib.a(board_sysinit.o) (Chip_Clock_SetSystemPLLSource)
/Users/keller_reto/_work/TrainHub/TrainTracker/_workspace_LpcXpresso/lpc_chip_11cxx_lib/Debug/liblpc_chip_11cxx_lib.a(gpio_11xx_2.o)
                              /Users/keller_reto/_work/TrainHub/TrainTracker/_workspace_LpcXpresso/nxp_lpcxpresso_11c24_board_lib/Debug/libnxp_lpcxpresso_11c24_board_lib.a(board.o) (Chip_GPIO_Init)
/Users/keller_reto/_work/TrainHub/TrainTracker/_workspace_LpcXpresso/lpc_chip_11cxx_lib/Debug/liblpc_chip_11cxx_lib.a(sysctl_11xx.o)
                              /Users/keller_reto/_work/TrainHub/TrainTracker/_workspace_LpcXpresso/nxp_lpcxpresso_11c24_board_lib/Debug/libnxp_lpcxpresso_11c24_board_lib.a(board_sysinit.o) (Chip_SYSCTL_PowerDown)
/Users/keller_reto/_work/TrainHub/TrainTracker/_workspace_LpcXpresso/lpc_chip_11cxx_lib/Debug/liblpc_chip_11cxx_lib.a(uart_11xx.o)
                              /Users/keller_reto/_work/TrainHub/TrainTracker/_workspace_LpcXpresso/nxp_lpcxpresso_11c24_board_lib/Debug/libnxp_lpcxpresso_11c24_board_lib.a(board.o) (Chip_UART_Init)
/Users/keller_reto/_work/TrainHub/TrainTracker/_workspace_LpcXpresso/lpc_chip_11cxx_lib/Debug/liblpc_chip_11cxx_lib.a(ring_buffer.o)
                              /Users/keller_reto/_work/TrainHub/TrainTracker/_workspace_LpcXpresso/lpc_chip_11cxx_lib/Debug/liblpc_chip_11cxx_lib.a(uart_11xx.o) (RingBuffer_Insert)
/Applications/lpcxpresso_7.1.1_125/lpcxpresso/tools/bin/../lib/gcc/arm-none-eabi/4.8.3/../../../../arm-none-eabi/lib/armv6-m/libcr_nohost.a(_cr__main.o)
                              ./example/src/cr_startup_lpc11xx.o (__main)
/Applications/lpcxpresso_7.1.1_125/lpcxpresso/tools/bin/../lib/gcc/arm-none-eabi/4.8.3/../../../../arm-none-eabi/lib/armv6-m/libcr_c.a(memcpy.o)
                              /Users/keller_reto/_work/TrainHub/TrainTracker/_workspace_LpcXpresso/lpc_chip_11cxx_lib/Debug/liblpc_chip_11cxx_lib.a(ring_buffer.o) (memcpy)
/Applications/lpcxpresso_7.1.1_125/lpcxpresso/tools/bin/../lib/gcc/arm-none-eabi/4.8.3/../../../../arm-none-eabi/lib/armv6-m/libcr_c.a(initio.o)
                              /Applications/lpcxpresso_7.1.1_125/lpcxpresso/tools/bin/../lib/gcc/arm-none-eabi/4.8.3/../../../../arm-none-eabi/lib/armv6-m/libcr_nohost.a(_cr__main.o) (_initio)
/Applications/lpcxpresso_7.1.1_125/lpcxpresso/tools/bin/../lib/gcc/arm-none-eabi/4.8.3/../../../../arm-none-eabi/lib/armv6-m/libcr_c.a(setvbuf.o)
                              /Applications/lpcxpresso_7.1.1_125/lpcxpresso/tools/bin/../lib/gcc/arm-none-eabi/4.8.3/../../../../arm-none-eabi/lib/armv6-m/libcr_c.a(initio.o) (setvbuf)
/Applications/lpcxpresso_7.1.1_125/lpcxpresso/tools/bin/../lib/gcc/arm-none-eabi/4.8.3/../../../../arm-none-eabi/lib/armv6-m/libcr_c.a(stdio.o)
                              /Applications/lpcxpresso_7.1.1_125/lpcxpresso/tools/bin/../lib/gcc/arm-none-eabi/4.8.3/../../../../arm-none-eabi/lib/armv6-m/libcr_c.a(initio.o) (__Ciob)
/Applications/lpcxpresso_7.1.1_125/lpcxpresso/tools/bin/../lib/gcc/arm-none-eabi/4.8.3/../../../../arm-none-eabi/lib/armv6-m/libcr_c.a(memset.o)
                              /Applications/lpcxpresso_7.1.1_125/lpcxpresso/tools/bin/../lib/gcc/arm-none-eabi/4.8.3/../../../../arm-none-eabi/lib/armv6-m/libcr_c.a(initio.o) (memset)
/Applications/lpcxpresso_7.1.1_125/lpcxpresso/tools/bin/../lib/gcc/arm-none-eabi/4.8.3/../../../../arm-none-eabi/lib/armv6-m/libcr_c.a(__fillbuf.o)
                              /Applications/lpcxpresso_7.1.1_125/lpcxpresso/tools/bin/../lib/gcc/arm-none-eabi/4.8.3/../../../../arm-none-eabi/lib/armv6-m/libcr_c.a(stdio.o) (__filbuf)
/Applications/lpcxpresso_7.1.1_125/lpcxpresso/tools/bin/../lib/gcc/arm-none-eabi/4.8.3/../../../../arm-none-eabi/lib/armv6-m/libcr_c.a(_deferredlazyseek.o)
[...]
Memory Configuration

Name             Origin             Length             Attributes
MFlash32         0x0000000000000000 0x0000000000008000 xr
RamLoc8          0x0000000010000000 0x0000000000002000 xrw
*default*        0x0000000000000000 0xffffffffffffffff

Linker script and memory map

LOAD ./example/src/adc_1125.o
LOAD ./example/src/adc_11xx.o
LOAD ./example/src/cr_startup_lpc11xx.o
LOAD ./example/src/sysinit.o
LOAD /Users/keller_reto/_work/TrainHub/TrainTracker/_workspace_LpcXpresso/nxp_lpcxpresso_11c24_board_lib/Debug/libnxp_lpcxpresso_11c24_board_lib.a
LOAD /Users/keller_reto/_work/TrainHub/TrainTracker/_workspace_LpcXpresso/lpc_chip_11cxx_lib/Debug/liblpc_chip_11cxx_lib.a
START GROUP
LOAD /Applications/lpcxpresso_7.1.1_125/lpcxpresso/tools/bin/../lib/gcc/arm-none-eabi/4.8.3/../../../../arm-none-eabi/lib/armv6-m/libcr_nohost.a
LOAD /Applications/lpcxpresso_7.1.1_125/lpcxpresso/tools/bin/../lib/gcc/arm-none-eabi/4.8.3/../../../../arm-none-eabi/lib/armv6-m/libcr_c.a
LOAD /Applications/lpcxpresso_7.1.1_125/lpcxpresso/tools/bin/../lib/gcc/arm-none-eabi/4.8.3/armv6-m/libcr_eabihelpers.a
END GROUP
                0x0000000000008000                __top_MFlash32 = 0x8000
                0x0000000010002000                __top_RamLoc8 = 0x10002000

.text           0x0000000000000000      0xcf0
 FILL mask 0xff
                0x0000000000000000                __vectors_start__ = ABSOLUTE (.)
 *(.isr_vector)
 .isr_vector    0x0000000000000000       0xc0 ./example/src/cr_startup_lpc11xx.o
                0x0000000000000000                g_pfnVectors
                0x00000000000000c0                . = ALIGN (0x4)
                0x00000000000000c0                __section_table_start = .
                0x00000000000000c0                __data_section_table = .
                0x00000000000000c0        0x4 LONG 0xcf0 LOADADDR (.data)
                0x00000000000000c4        0x4 LONG 0x10000000 ADDR (.data)
                0x00000000000000c8        0x4 LONG 0x0 SIZEOF (.data)
                0x00000000000000cc                __data_section_table_end = .
                0x00000000000000cc                __bss_section_table = .
                0x00000000000000cc        0x4 LONG 0x10000000 ADDR (.bss)
                0x00000000000000d0        0x4 LONG 0x15c SIZEOF (.bss)
                0x00000000000000d4                __bss_section_table_end = .
                0x00000000000000d4                __section_table_end = .
 *(.after_vectors*)
 .after_vectors
                0x00000000000000d4       0x70 ./example/src/cr_startup_lpc11xx.o
                0x00000000000000d4                NMI_Handler
                0x00000000000000d6                HardFault_Handler
                0x00000000000000d8                SVC_Handler
                0x00000000000000da                PendSV_Handler
                0x00000000000000dc                SysTick_Handler
                0x00000000000000de                PIOINT1_IRQHandler
                0x00000000000000de                CAN_IRQHandler
                0x00000000000000de                SSP0_IRQHandler
                0x00000000000000de                TIMER16_0_IRQHandler
                0x00000000000000de                UART_IRQHandler
                0x00000000000000de                TIMER32_0_IRQHandler
                0x00000000000000de                TIMER32_1_IRQHandler
                0x00000000000000de                IntDefaultHandler
                0x00000000000000de                I2C_IRQHandler
                0x00000000000000de                WDT_IRQHandler
                0x00000000000000de                PIOINT3_IRQHandler
                0x00000000000000de                TIMER16_1_IRQHandler
                0x00000000000000de                ADC_IRQHandler
                0x00000000000000de                SSP1_IRQHandler
                0x00000000000000de                PIOINT2_IRQHandler
                0x00000000000000de                BOD_IRQHandler
                0x00000000000000de                WAKEUP_IRQHandler
                0x00000000000000de                PIOINT0_IRQHandler
                0x00000000000000e0                data_init
                0x00000000000000f2                bss_init
                0x0000000000000102                ResetISR
 *(.text*)
 .text.Init_ADC_PinMux
                0x0000000000000144        0xc ./example/src/adc_11xx.o
 .text.main     0x0000000000000150       0x64 ./example/src/adc_11xx.o
                0x0000000000000150                main
 .text.SystemInit
                0x00000000000001b4        0x8 ./example/src/sysinit.o
                0x00000000000001b4                SystemInit
 .text.Board_LED_Init
                0x00000000000001bc       0x14 /Users/keller_reto/_work/TrainHub/TrainTracker/_workspace_LpcXpresso/nxp_lpcxpresso_11c24_board_lib/Debug/libnxp_lpcxpresso_11c24_board_lib.a(board.o)
 .text.__sys_write
                0x00000000000001d0        0x4 /Users/keller_reto/_work/TrainHub/TrainTracker/_workspace_LpcXpresso/nxp_lpcxpresso_11c24_board_lib/Debug/libnxp_lpcxpresso_11c24_board_lib.a(board.o)
                0x00000000000001d0                __sys_write
 .text.Board_Init
                0x00000000000001d4       0x10 /Users/keller_reto/_work/TrainHub/TrainTracker/_workspace_LpcXpresso/nxp_lpcxpresso_11c24_board_lib/Debug/libnxp_lpcxpresso_11c24_board_lib.a(board.o)
                0x00000000000001d4                Board_Init
 .text.SystemSetupMuxing
                0x00000000000001e4       0x38 /Users/keller_reto/_work/TrainHub/TrainTracker/_workspace_LpcXpresso/nxp_lpcxpresso_11c24_board_lib/Debug/libnxp_lpcxpresso_11c24_board_lib.a(board_sysinit.o)
 .text.SystemSetupClocking
                0x000000000000021c       0x64 /Users/keller_reto/_work/TrainHub/TrainTracker/_workspace_LpcXpresso/nxp_lpcxpresso_11c24_board_lib/Debug/libnxp_lpcxpresso_11c24_board_lib.a(board_sysinit.o)
 .text.Board_SystemInit
                0x0000000000000280        0xc /Users/keller_reto/_work/TrainHub/TrainTracker/_workspace_LpcXpresso/nxp_lpcxpresso_11c24_board_lib/Debug/libnxp_lpcxpresso_11c24_board_lib.a(board_sysinit.o)
                0x0000000000000280                Board_SystemInit
 .text.getClkDiv
                0x000000000000028c       0x2c /Users/keller_reto/_work/TrainHub/TrainTracker/_workspace_LpcXpresso/lpc_chip_11cxx_lib/Debug/liblpc_chip_11cxx_lib.a(adc_11xx.o)
 .text.setStartMode
                0x00000000000002b8       0x14 /Users/keller_reto/_work/TrainHub/TrainTracker/_workspace_LpcXpresso/lpc_chip_11cxx_lib/Debug/liblpc_chip_11cxx_lib.a(adc_11xx.o)
                0x00000000000002b8                setStartMode
 .text.readAdcVal
                0x00000000000002cc       0x18 /Users/keller_reto/_work/TrainHub/TrainTracker/_workspace_LpcXpresso/lpc_chip_11cxx_lib/Debug/liblpc_chip_11cxx_lib.a(adc_11xx.o)
                0x00000000000002cc                readAdcVal
 .text.Chip_ADC_Init
                0x00000000000002e4       0x50 /Users/keller_reto/_work/TrainHub/TrainTracker/_workspace_LpcXpresso/lpc_chip_11cxx_lib/Debug/liblpc_chip_11cxx_lib.a(adc_11xx.o)
                0x00000000000002e4                Chip_ADC_Init
 .text.Chip_ADC_ReadValue
                0x0000000000000334        0x8 /Users/keller_reto/_work/TrainHub/TrainTracker/_workspace_LpcXpresso/lpc_chip_11cxx_lib/Debug/liblpc_chip_11cxx_lib.a(adc_11xx.o)
                0x0000000000000334                Chip_ADC_ReadValue
 .text.Chip_ADC_ReadStatus
                0x000000000000033c       0x38 /Users/keller_reto/_work/TrainHub/TrainTracker/_workspace_LpcXpresso/lpc_chip_11cxx_lib/Debug/liblpc_chip_11cxx_lib.a(adc_11xx.o)
                0x000000000000033c                Chip_ADC_ReadStatus
 .text.Chip_ADC_SetStartMode
                0x0000000000000374       0x28 /Users/keller_reto/_work/TrainHub/TrainTracker/_workspace_LpcXpresso/lpc_chip_11cxx_lib/Debug/liblpc_chip_11cxx_lib.a(adc_11xx.o)
                0x0000000000000374                Chip_ADC_SetStartMode
 .text.Chip_ADC_EnableChannel
                0x000000000000039c       0x28 /Users/keller_reto/_work/TrainHub/TrainTracker/_workspace_LpcXpresso/lpc_chip_11cxx_lib/Debug/liblpc_chip_11cxx_lib.a(adc_11xx.o)
                0x000000000000039c                Chip_ADC_EnableChannel
 .text.SystemCoreClockUpdate
                0x00000000000003c4       0x10 /Users/keller_reto/_work/TrainHub/TrainTracker/_workspace_LpcXpresso/lpc_chip_11cxx_lib/Debug/liblpc_chip_11cxx_lib.a(chip_11xx.o)
                0x00000000000003c4                SystemCoreClockUpdate
 .text.Chip_Clock_GetWDTLFORate
                0x00000000000003d4       0x20 /Users/keller_reto/_work/TrainHub/TrainTracker/_workspace_LpcXpresso/lpc_chip_11cxx_lib/Debug/liblpc_chip_11cxx_lib.a(clock_11xx.o)
 .text.Chip_Clock_GetPLLFreq
                0x00000000000003f4        0xc /Users/keller_reto/_work/TrainHub/TrainTracker/_workspace_LpcXpresso/lpc_chip_11cxx_lib/Debug/liblpc_chip_11cxx_lib.a(clock_11xx.o)
 .text.Chip_Clock_SetSystemPLLSource
                0x0000000000000400       0x14 /Users/keller_reto/_work/TrainHub/TrainTracker/_workspace_LpcXpresso/lpc_chip_11cxx_lib/Debug/liblpc_chip_11cxx_lib.a(clock_11xx.o)
                0x0000000000000400                Chip_Clock_SetSystemPLLSource
 .text.Chip_Clock_SetMainClockSource
                0x0000000000000414       0x14 /Users/keller_reto/_work/TrainHub/TrainTracker/_workspace_LpcXpresso/lpc_chip_11cxx_lib/Debug/liblpc_chip_11cxx_lib.a(clock_11xx.o)
                0x0000000000000414                Chip_Clock_SetMainClockSource
 .text.Chip_Clock_GetWDTOSCRate
                0x0000000000000428       0x10 /Users/keller_reto/_work/TrainHub/TrainTracker/_workspace_LpcXpresso/lpc_chip_11cxx_lib/Debug/liblpc_chip_11cxx_lib.a(clock_11xx.o)
                0x0000000000000428                Chip_Clock_GetWDTOSCRate
 .text.Chip_Clock_GetSystemPLLInClockRate
                0x0000000000000438       0x2c /Users/keller_reto/_work/TrainHub/TrainTracker/_workspace_LpcXpresso/lpc_chip_11cxx_lib/Debug/liblpc_chip_11cxx_lib.a(clock_11xx.o)
                0x0000000000000438                Chip_Clock_GetSystemPLLInClockRate
 .text.Chip_Clock_GetSystemPLLOutClockRate
                0x0000000000000464       0x18 /Users/keller_reto/_work/TrainHub/TrainTracker/_workspace_LpcXpresso/lpc_chip_11cxx_lib/Debug/liblpc_chip_11cxx_lib.a(clock_11xx.o)
                0x0000000000000464                Chip_Clock_GetSystemPLLOutClockRate
 .text.Chip_Clock_GetMainClockRate
                0x000000000000047c       0x40 /Users/keller_reto/_work/TrainHub/TrainTracker/_workspace_LpcXpresso/lpc_chip_11cxx_lib/Debug/liblpc_chip_11cxx_lib.a(clock_11xx.o)
                0x000000000000047c                Chip_Clock_GetMainClockRate
 .text.Chip_Clock_GetSystemClockRate
                0x00000000000004bc       0x14 /Users/keller_reto/_work/TrainHub/TrainTracker/_workspace_LpcXpresso/lpc_chip_11cxx_lib/Debug/liblpc_chip_11cxx_lib.a(clock_11xx.o)
                0x00000000000004bc                Chip_Clock_GetSystemClockRate
 .text.Chip_GPIO_Init
                0x00000000000004d0       0x14 /Users/keller_reto/_work/TrainHub/TrainTracker/_workspace_LpcXpresso/lpc_chip_11cxx_lib/Debug/liblpc_chip_11cxx_lib.a(gpio_11xx_2.o)
                0x00000000000004d0                Chip_GPIO_Init
 .text.Chip_SYSCTL_PowerDown
                0x00000000000004e4       0x1c /Users/keller_reto/_work/TrainHub/TrainTracker/_workspace_LpcXpresso/lpc_chip_11cxx_lib/Debug/liblpc_chip_11cxx_lib.a(sysctl_11xx.o)
                0x00000000000004e4                Chip_SYSCTL_PowerDown
 .text.Chip_SYSCTL_PowerUp
                0x0000000000000500       0x24 /Users/keller_reto/_work/TrainHub/TrainTracker/_workspace_LpcXpresso/lpc_chip_11cxx_lib/Debug/liblpc_chip_11cxx_lib.a(sysctl_11xx.o)
                0x0000000000000500                Chip_SYSCTL_PowerUp
 .text.__main   0x0000000000000524       0x12 /Applications/lpcxpresso_7.1.1_125/lpcxpresso/tools/bin/../lib/gcc/arm-none-eabi/4.8.3/../../../../arm-none-eabi/lib/armv6-m/libcr_nohost.a(_cr__main.o)
                0x0000000000000524                __main
 *fill*         0x0000000000000536        0x2 
 .text._initio  0x0000000000000538       0xa4 /Applications/lpcxpresso_7.1.1_125/lpcxpresso/tools/bin/../lib/gcc/arm-none-eabi/4.8.3/../../../../arm-none-eabi/lib/armv6-m/libcr_c.a(initio.o)
                0x0000000000000538                _initio
 .text.setvbuf  0x00000000000005dc       0x48 /Applications/lpcxpresso_7.1.1_125/lpcxpresso/tools/bin/../lib/gcc/arm-none-eabi/4.8.3/../../../../arm-none-eabi/lib/armv6-m/libcr_c.a(setvbuf.o)
                0x00000000000005dc                setvbuf
 .text.memset   0x0000000000000624        0x8 /Applications/lpcxpresso_7.1.1_125/lpcxpresso/tools/bin/../lib/gcc/arm-none-eabi/4.8.3/../../../../arm-none-eabi/lib/armv6-m/libcr_c.a(memset.o)
                0x0000000000000624                memset
 .text._deferredlazyseek
                0x000000000000062c       0x44 /Applications/lpcxpresso_7.1.1_125/lpcxpresso/tools/bin/../lib/gcc/arm-none-eabi/4.8.3/../../../../arm-none-eabi/lib/armv6-m/libcr_c.a(_deferredlazyseek.o)
                0x000000000000062c                _deferredlazyseek
 .text._fdopen  0x0000000000000670       0x68 /Applications/lpcxpresso_7.1.1_125/lpcxpresso/tools/bin/../lib/gcc/arm-none-eabi/4.8.3/../../../../arm-none-eabi/lib/armv6-m/libcr_c.a(_fdopen.o)
                0x0000000000000670                _fdopen
 .text._fflush  0x00000000000006d8       0x64 /Applications/lpcxpresso_7.1.1_125/lpcxpresso/tools/bin/../lib/gcc/arm-none-eabi/4.8.3/../../../../arm-none-eabi/lib/armv6-m/libcr_c.a(_fflush.o)
                0x00000000000006d8                _fflush
 .text._Cwritebuf
                0x000000000000073c       0x6c /Applications/lpcxpresso_7.1.1_125/lpcxpresso/tools/bin/../lib/gcc/arm-none-eabi/4.8.3/../../../../arm-none-eabi/lib/armv6-m/libcr_c.a(_writebuf.o)
                0x000000000000073c                _Cwritebuf
 .text.malloc   0x00000000000007a8       0xc0 /Applications/lpcxpresso_7.1.1_125/lpcxpresso/tools/bin/../lib/gcc/arm-none-eabi/4.8.3/../../../../arm-none-eabi/lib/armv6-m/libcr_c.a(alloc.o)
                0x00000000000007a8                malloc
 .text.free     0x0000000000000868        0xe /Applications/lpcxpresso_7.1.1_125/lpcxpresso/tools/bin/../lib/gcc/arm-none-eabi/4.8.3/../../../../arm-none-eabi/lib/armv6-m/libcr_c.a(alloc.o)
                0x0000000000000868                free
 *fill*         0x0000000000000876        0x2 
 .text._Csys_alloc
                0x0000000000000878       0x20 /Applications/lpcxpresso_7.1.1_125/lpcxpresso/tools/bin/../lib/gcc/arm-none-eabi/4.8.3/../../../../arm-none-eabi/lib/armv6-m/libcr_c.a(alloc.o)
                0x0000000000000878                _Csys_alloc
 .text.fclose   0x0000000000000898       0x70 /Applications/lpcxpresso_7.1.1_125/lpcxpresso/tools/bin/../lib/gcc/arm-none-eabi/4.8.3/../../../../arm-none-eabi/lib/armv6-m/libcr_c.a(fclose.o)
                0x0000000000000898                fclose
 .text.fflush   0x0000000000000908       0x34 /Applications/lpcxpresso_7.1.1_125/lpcxpresso/tools/bin/../lib/gcc/arm-none-eabi/4.8.3/../../../../arm-none-eabi/lib/armv6-m/libcr_c.a(fflush.o)
                0x0000000000000908                fflush
 .text.fseek    0x000000000000093c       0xf8 /Applications/lpcxpresso_7.1.1_125/lpcxpresso/tools/bin/../lib/gcc/arm-none-eabi/4.8.3/../../../../arm-none-eabi/lib/armv6-m/libcr_c.a(fseek.o)
                0x000000000000093c                fseek
 .text.ftell    0x0000000000000a34       0x4c /Applications/lpcxpresso_7.1.1_125/lpcxpresso/tools/bin/../lib/gcc/arm-none-eabi/4.8.3/../../../../arm-none-eabi/lib/armv6-m/libcr_c.a(ftell.o)
                0x0000000000000a34                ftell
 .text.remove   0x0000000000000a80       0x12 /Applications/lpcxpresso_7.1.1_125/lpcxpresso/tools/bin/../lib/gcc/arm-none-eabi/4.8.3/../../../../arm-none-eabi/lib/armv6-m/libcr_c.a(remove.o)
                0x0000000000000a80                remove
 *fill*         0x0000000000000a92        0x2 
 .text.strlen   0x0000000000000a94       0x54 /Applications/lpcxpresso_7.1.1_125/lpcxpresso/tools/bin/../lib/gcc/arm-none-eabi/4.8.3/../../../../arm-none-eabi/lib/armv6-m/libcr_c.a(strlen.o)
                0x0000000000000a94                strlen
 .text._sbrk    0x0000000000000ae8       0x40 /Applications/lpcxpresso_7.1.1_125/lpcxpresso/tools/bin/../lib/gcc/arm-none-eabi/4.8.3/../../../../arm-none-eabi/lib/armv6-m/libcr_c.a(_cr_sbrk.o)
                0x0000000000000ae8                _sbrk
 .text._do_fflush
                0x0000000000000b28       0x48 /Applications/lpcxpresso_7.1.1_125/lpcxpresso/tools/bin/../lib/gcc/arm-none-eabi/4.8.3/../../../../arm-none-eabi/lib/armv6-m/libcr_c.a(_do_fflush.o)
                0x0000000000000b28                _do_fflush
 .text.__check_heap_overflow
                0x0000000000000b70       0x2c /Applications/lpcxpresso_7.1.1_125/lpcxpresso/tools/bin/../lib/gcc/arm-none-eabi/4.8.3/../../../../arm-none-eabi/lib/armv6-m/libcr_c.a(_cr_check_heap.o)
                0x0000000000000b70                __check_heap_overflow
 .text.__aeabi_division_idivmod
                0x0000000000000b9c       0x78 /Applications/lpcxpresso_7.1.1_125/lpcxpresso/tools/bin/../lib/gcc/arm-none-eabi/4.8.3/armv6-m/libcr_eabihelpers.a(division_32.o)
                0x0000000000000b9c                __aeabi_idiv
                0x0000000000000b9c                __aeabi_idivmod
                0x0000000000000ba2                __aeabi_uidiv
                0x0000000000000ba2                __aeabi_uidivmod
 .text.__aeabi_division_idiv0
                0x0000000000000c14        0x2 /Applications/lpcxpresso_7.1.1_125/lpcxpresso/tools/bin/../lib/gcc/arm-none-eabi/4.8.3/armv6-m/libcr_eabihelpers.a(division_idiv0.o)
                0x0000000000000c14                __aeabi_idiv0
 .text.__aeabi_memset_lowlevel
                0x0000000000000c16       0x2a /Applications/lpcxpresso_7.1.1_125/lpcxpresso/tools/bin/../lib/gcc/arm-none-eabi/4.8.3/armv6-m/libcr_eabihelpers.a(memcpy.o)
                0x0000000000000c16                __aeabi_lowlevel_memset
 .text.__sys_appexit
                0x0000000000000c40        0x2 /Applications/lpcxpresso_7.1.1_125/lpcxpresso/tools/bin/../lib/gcc/arm-none-eabi/4.8.3/../../../../arm-none-eabi/lib/armv6-m/libcr_nohost.a(__sys_appexit.o)
                0x0000000000000c40                __exit
                0x0000000000000c40                __sys_appexit
 .text.__sys_close
                0x0000000000000c42        0x6 /Applications/lpcxpresso_7.1.1_125/lpcxpresso/tools/bin/../lib/gcc/arm-none-eabi/4.8.3/../../../../arm-none-eabi/lib/armv6-m/libcr_nohost.a(__sys_close.o)
                0x0000000000000c42                __sys_close
 .text.__sys_flen
                0x0000000000000c48        0x6 /Applications/lpcxpresso_7.1.1_125/lpcxpresso/tools/bin/../lib/gcc/arm-none-eabi/4.8.3/../../../../arm-none-eabi/lib/armv6-m/libcr_nohost.a(__sys_flen.o)
                0x0000000000000c48                __sys_flen
 .text.__sys_istty
                0x0000000000000c4e        0x6 /Applications/lpcxpresso_7.1.1_125/lpcxpresso/tools/bin/../lib/gcc/arm-none-eabi/4.8.3/../../../../arm-none-eabi/lib/armv6-m/libcr_nohost.a(__sys_istty.o)
                0x0000000000000c4e                __sys_istty
 .text.__sys_remove
                0x0000000000000c54        0x6 /Applications/lpcxpresso_7.1.1_125/lpcxpresso/tools/bin/../lib/gcc/arm-none-eabi/4.8.3/../../../../arm-none-eabi/lib/armv6-m/libcr_nohost.a(__sys_remove.o)
                0x0000000000000c54                __sys_remove
 .text.__sys_seek
                0x0000000000000c5a        0x6 /Applications/lpcxpresso_7.1.1_125/lpcxpresso/tools/bin/../lib/gcc/arm-none-eabi/4.8.3/../../../../arm-none-eabi/lib/armv6-m/libcr_nohost.a(__sys_seek.o)
                0x0000000000000c5a                __sys_seek
 .text.__sys_tmpnam
                0x0000000000000c60        0x6 /Applications/lpcxpresso_7.1.1_125/lpcxpresso/tools/bin/../lib/gcc/arm-none-eabi/4.8.3/../../../../arm-none-eabi/lib/armv6-m/libcr_nohost.a(__sys_tmpnam.o)
                0x0000000000000c60                __sys_tmpnam
 *(.rodata .rodata.* .constdata .constdata.*)
 *fill*         0x0000000000000c66        0x2 
 .rodata.OscRateIn
                0x0000000000000c68        0x4 /Users/keller_reto/_work/TrainHub/TrainTracker/_workspace_LpcXpresso/nxp_lpcxpresso_11c24_board_lib/Debug/libnxp_lpcxpresso_11c24_board_lib.a(board.o)
                0x0000000000000c68                OscRateIn
 .rodata.pinmuxing
                0x0000000000000c6c       0x28 /Users/keller_reto/_work/TrainHub/TrainTracker/_workspace_LpcXpresso/nxp_lpcxpresso_11c24_board_lib/Debug/libnxp_lpcxpresso_11c24_board_lib.a(board_sysinit.o)
 .rodata.wdtOSCRate
                0x0000000000000c94       0x40 /Users/keller_reto/_work/TrainHub/TrainTracker/_workspace_LpcXpresso/lpc_chip_11cxx_lib/Debug/liblpc_chip_11cxx_lib.a(clock_11xx.o)
 .rodata.str1.1
                0x0000000000000cd4        0x4 /Applications/lpcxpresso_7.1.1_125/lpcxpresso/tools/bin/../lib/gcc/arm-none-eabi/4.8.3/../../../../arm-none-eabi/lib/armv6-m/libcr_c.a(initio.o)
 .rodata.str1.1
                0x0000000000000cd8       0x18 /Applications/lpcxpresso_7.1.1_125/lpcxpresso/tools/bin/../lib/gcc/arm-none-eabi/4.8.3/../../../../arm-none-eabi/lib/armv6-m/libcr_c.a(alloc.o)
                0x0000000000000cf0                . = ALIGN (0x4)

.glue_7         0x0000000000000cf0        0x0
 .glue_7        0x0000000000000000        0x0 linker stubs

.glue_7t        0x0000000000000cf0        0x0
 .glue_7t       0x0000000000000000        0x0 linker stubs

.vfp11_veneer   0x0000000000000cf0        0x0
 .vfp11_veneer  0x0000000000000000        0x0 linker stubs

.v4_bx          0x0000000000000cf0        0x0
 .v4_bx         0x0000000000000000        0x0 linker stubs

.iplt           0x0000000000000cf0        0x0
 .iplt          0x0000000000000000        0x0 ./example/src/adc_1125.o

.rel.dyn        0x0000000000000cf0        0x0
 .rel.iplt      0x0000000000000000        0x0 ./example/src/adc_1125.o

.ARM.extab
 *(.ARM.extab* .gnu.linkonce.armextab.*)
                0x0000000000000cf0                __exidx_start = .

.ARM.exidx
 *(.ARM.exidx* .gnu.linkonce.armexidx.*)
                0x0000000000000cf0                __exidx_end = .
                0x0000000000000cf0                _etext = .

.uninit_RESERVED
                0x0000000010000000        0x0
 *(.bss.$RESERVED*)
                0x0000000010000000                . = ALIGN (0x4)
                0x0000000010000000                _end_uninit_RESERVED = .

.data           0x0000000010000000        0x0 load address 0x0000000000000cf0
 FILL mask 0xff
                0x0000000010000000                _data = .
 *(vtable)
 *(.ramfunc*)
 *(.data*)
                0x0000000010000000                . = ALIGN (0x4)
                0x0000000010000000                _edata = .

.igot.plt       0x0000000010000000        0x0 load address 0x0000000000000cf0
 .igot.plt      0x0000000000000000        0x0 ./example/src/adc_1125.o

.bss            0x0000000010000000      0x15c load address 0x0000000000000cf0
                0x0000000010000000                _bss = .
 *(.bss*)
 .bss.ADCSetup  0x0000000010000000        0x8 ./example/src/adc_11xx.o
 .bss.errno     0x0000000010000008        0x4 /Applications/lpcxpresso_7.1.1_125/lpcxpresso/tools/bin/../lib/gcc/arm-none-eabi/4.8.3/../../../../arm-none-eabi/lib/armv6-m/libcr_c.a(errno.o)
                0x0000000010000008                errno
 *(COMMON)
 COMMON         0x000000001000000c        0x4 /Users/keller_reto/_work/TrainHub/TrainTracker/_workspace_LpcXpresso/lpc_chip_11cxx_lib/Debug/liblpc_chip_11cxx_lib.a(chip_11xx.o)
                0x000000001000000c                SystemCoreClock
 COMMON         0x0000000010000010        0x4 /Applications/lpcxpresso_7.1.1_125/lpcxpresso/tools/bin/../lib/gcc/arm-none-eabi/4.8.3/../../../../arm-none-eabi/lib/armv6-m/libcr_c.a(initio.o)
                0x0000000010000010                _extra
 COMMON         0x0000000010000014      0x140 /Applications/lpcxpresso_7.1.1_125/lpcxpresso/tools/bin/../lib/gcc/arm-none-eabi/4.8.3/../../../../arm-none-eabi/lib/armv6-m/libcr_c.a(stdio.o)
                0x0000000010000014                __Ciob
 COMMON         0x0000000010000154        0x8 /Applications/lpcxpresso_7.1.1_125/lpcxpresso/tools/bin/../lib/gcc/arm-none-eabi/4.8.3/../../../../arm-none-eabi/lib/armv6-m/libcr_c.a(__init_alloc.o)
                0x0000000010000154                __heaps
                0x0000000010000158                __end_of_heap
                0x000000001000015c                . = ALIGN (0x4)
                0x000000001000015c                _ebss = .
                0x000000001000015c                PROVIDE (end, .)

.noinit         0x000000001000015c        0x0 load address 0x0000000000000cf0
                0x000000001000015c                _noinit = .
 *(.noinit*)
                0x000000001000015c                . = ALIGN (0x4)
                0x000000001000015c                _end_noinit = .
                0x000000001000015c                PROVIDE (_pvHeapStart, .)
                0x0000000010002000                PROVIDE (_vStackTop, (__top_RamLoc8 - 0x0))
OUTPUT(nxp_lpcxpresso_11c24_periph_adc.axf elf32-littlearm)

.debug_info     0x0000000000000000     0x4729
 .debug_info    0x0000000000000000      0x5f6 ./example/src/adc_11xx.o
 .debug_info    0x00000000000005f6      0x252 ./example/src/cr_startup_lpc11xx.o
 .debug_info    0x0000000000000848       0xcd ./example/src/sysinit.o
 .debug_info    0x0000000000000915      0xa0b /Users/keller_reto/_work/TrainHub/TrainTracker/_workspace_LpcXpresso/nxp_lpcxpresso_11c24_board_lib/Debug/libnxp_lpcxpresso_11c24_board_lib.a(board.o)
 .debug_info    0x0000000000001320      0xb45 /Users/keller_reto/_work/TrainHub/TrainTracker/_workspace_LpcXpresso/nxp_lpcxpresso_11c24_board_lib/Debug/libnxp_lpcxpresso_11c24_board_lib.a(board_sysinit.o)
 .debug_info    0x0000000000001e65      0xd2a /Users/keller_reto/_work/TrainHub/TrainTracker/_workspace_LpcXpresso/lpc_chip_11cxx_lib/Debug/liblpc_chip_11cxx_lib.a(adc_11xx.o)
 .debug_info    0x0000000000002b8f       0xdc /Users/keller_reto/_work/TrainHub/TrainTracker/_workspace_LpcXpresso/lpc_chip_11cxx_lib/Debug/liblpc_chip_11cxx_lib.a(chip_11xx.o)
 .debug_info    0x0000000000002c6b      0x8c4 /Users/keller_reto/_work/TrainHub/TrainTracker/_workspace_LpcXpresso/lpc_chip_11cxx_lib/Debug/liblpc_chip_11cxx_lib.a(clock_11xx.o)
 .debug_info    0x000000000000352f      0xc71 /Users/keller_reto/_work/TrainHub/TrainTracker/_workspace_LpcXpresso/lpc_chip_11cxx_lib/Debug/liblpc_chip_11cxx_lib.a(gpio_11xx_2.o)
 .debug_info    0x00000000000041a0      0x589 /Users/keller_reto/_work/TrainHub/TrainTracker/_workspace_LpcXpresso/lpc_chip_11cxx_lib/Debug/liblpc_chip_11cxx_lib.a(sysctl_11xx.o)

.debug_abbrev   0x0000000000000000     0x107e
 .debug_abbrev  0x0000000000000000      0x1eb ./example/src/adc_11xx.o
 .debug_abbrev  0x00000000000001eb       0xf9 ./example/src/cr_startup_lpc11xx.o
 .debug_abbrev  0x00000000000002e4       0x88 ./example/src/sysinit.o
 .debug_abbrev  0x000000000000036c      0x2de /Users/keller_reto/_work/TrainHub/TrainTracker/_workspace_LpcXpresso/nxp_lpcxpresso_11c24_board_lib/Debug/libnxp_lpcxpresso_11c24_board_lib.a(board.o)
 .debug_abbrev  0x000000000000064a      0x2a6 /Users/keller_reto/_work/TrainHub/TrainTracker/_workspace_LpcXpresso/nxp_lpcxpresso_11c24_board_lib/Debug/libnxp_lpcxpresso_11c24_board_lib.a(board_sysinit.o)
 .debug_abbrev  0x00000000000008f0      0x265 /Users/keller_reto/_work/TrainHub/TrainTracker/_workspace_LpcXpresso/lpc_chip_11cxx_lib/Debug/liblpc_chip_11cxx_lib.a(adc_11xx.o)
 .debug_abbrev  0x0000000000000b55       0x9b /Users/keller_reto/_work/TrainHub/TrainTracker/_workspace_LpcXpresso/lpc_chip_11cxx_lib/Debug/liblpc_chip_11cxx_lib.a(chip_11xx.o)
 .debug_abbrev  0x0000000000000bf0      0x1fb /Users/keller_reto/_work/TrainHub/TrainTracker/_workspace_LpcXpresso/lpc_chip_11cxx_lib/Debug/liblpc_chip_11cxx_lib.a(clock_11xx.o)
 .debug_abbrev  0x0000000000000deb      0x1c5 /Users/keller_reto/_work/TrainHub/TrainTracker/_workspace_LpcXpresso/lpc_chip_11cxx_lib/Debug/liblpc_chip_11cxx_lib.a(gpio_11xx_2.o)
 .debug_abbrev  0x0000000000000fb0       0xce /Users/keller_reto/_work/TrainHub/TrainTracker/_workspace_LpcXpresso/lpc_chip_11cxx_lib/Debug/liblpc_chip_11cxx_lib.a(sysctl_11xx.o)

.debug_loc      0x0000000000000000     0x1426
 .debug_loc     0x0000000000000000       0x39 ./example/src/adc_11xx.o
 .debug_loc     0x0000000000000039      0x1bb ./example/src/cr_startup_lpc11xx.o
 .debug_loc     0x00000000000001f4      0x168 /Users/keller_reto/_work/TrainHub/TrainTracker/_workspace_LpcXpresso/nxp_lpcxpresso_11c24_board_lib/Debug/libnxp_lpcxpresso_11c24_board_lib.a(board.o)
 .debug_loc     0x000000000000035c       0x85 /Users/keller_reto/_work/TrainHub/TrainTracker/_workspace_LpcXpresso/nxp_lpcxpresso_11c24_board_lib/Debug/libnxp_lpcxpresso_11c24_board_lib.a(board_sysinit.o)
 .debug_loc     0x00000000000003e1      0x656 /Users/keller_reto/_work/TrainHub/TrainTracker/_workspace_LpcXpresso/lpc_chip_11cxx_lib/Debug/liblpc_chip_11cxx_lib.a(adc_11xx.o)
 .debug_loc     0x0000000000000a37      0x1b4 /Users/keller_reto/_work/TrainHub/TrainTracker/_workspace_LpcXpresso/lpc_chip_11cxx_lib/Debug/liblpc_chip_11cxx_lib.a(clock_11xx.o)
 .debug_loc     0x0000000000000beb      0x76b /Users/keller_reto/_work/TrainHub/TrainTracker/_workspace_LpcXpresso/lpc_chip_11cxx_lib/Debug/liblpc_chip_11cxx_lib.a(gpio_11xx_2.o)
 .debug_loc     0x0000000000001356       0xd0 /Users/keller_reto/_work/TrainHub/TrainTracker/_workspace_LpcXpresso/lpc_chip_11cxx_lib/Debug/liblpc_chip_11cxx_lib.a(sysctl_11xx.o)

.debug_aranges  0x0000000000000000      0x2f0
 .debug_aranges
                0x0000000000000000       0x28 ./example/src/adc_11xx.o
 .debug_aranges
                0x0000000000000028       0x60 ./example/src/cr_startup_lpc11xx.o
 .debug_aranges
                0x0000000000000088       0x20 ./example/src/sysinit.o
 .debug_aranges
                0x00000000000000a8       0x70 /Users/keller_reto/_work/TrainHub/TrainTracker/_workspace_LpcXpresso/nxp_lpcxpresso_11c24_board_lib/Debug/libnxp_lpcxpresso_11c24_board_lib.a(board.o)
 .debug_aranges
                0x0000000000000118       0x30 /Users/keller_reto/_work/TrainHub/TrainTracker/_workspace_LpcXpresso/nxp_lpcxpresso_11c24_board_lib/Debug/libnxp_lpcxpresso_11c24_board_lib.a(board_sysinit.o)
 .debug_aranges
                0x0000000000000148       0x88 /Users/keller_reto/_work/TrainHub/TrainTracker/_workspace_LpcXpresso/lpc_chip_11cxx_lib/Debug/liblpc_chip_11cxx_lib.a(adc_11xx.o)
 .debug_aranges
                0x00000000000001d0       0x20 /Users/keller_reto/_work/TrainHub/TrainTracker/_workspace_LpcXpresso/lpc_chip_11cxx_lib/Debug/liblpc_chip_11cxx_lib.a(chip_11xx.o)
 .debug_aranges
                0x00000000000001f0       0x78 /Users/keller_reto/_work/TrainHub/TrainTracker/_workspace_LpcXpresso/lpc_chip_11cxx_lib/Debug/liblpc_chip_11cxx_lib.a(clock_11xx.o)
 .debug_aranges
                0x0000000000000268       0x50 /Users/keller_reto/_work/TrainHub/TrainTracker/_workspace_LpcXpresso/lpc_chip_11cxx_lib/Debug/liblpc_chip_11cxx_lib.a(gpio_11xx_2.o)
 .debug_aranges
                0x00000000000002b8       0x38 /Users/keller_reto/_work/TrainHub/TrainTracker/_workspace_LpcXpresso/lpc_chip_11cxx_lib/Debug/liblpc_chip_11cxx_lib.a(sysctl_11xx.o)

.debug_ranges   0x0000000000000000      0x268
 .debug_ranges  0x0000000000000000       0x18 ./example/src/adc_11xx.o
 .debug_ranges  0x0000000000000018       0x50 ./example/src/cr_startup_lpc11xx.o
 .debug_ranges  0x0000000000000068       0x10 ./example/src/sysinit.o
 .debug_ranges  0x0000000000000078       0x60 /Users/keller_reto/_work/TrainHub/TrainTracker/_workspace_LpcXpresso/nxp_lpcxpresso_11c24_board_lib/Debug/libnxp_lpcxpresso_11c24_board_lib.a(board.o)
 .debug_ranges  0x00000000000000d8       0x38 /Users/keller_reto/_work/TrainHub/TrainTracker/_workspace_LpcXpresso/nxp_lpcxpresso_11c24_board_lib/Debug/libnxp_lpcxpresso_11c24_board_lib.a(board_sysinit.o)
 .debug_ranges  0x0000000000000110       0x78 /Users/keller_reto/_work/TrainHub/TrainTracker/_workspace_LpcXpresso/lpc_chip_11cxx_lib/Debug/liblpc_chip_11cxx_lib.a(adc_11xx.o)
 .debug_ranges  0x0000000000000188       0x10 /Users/keller_reto/_work/TrainHub/TrainTracker/_workspace_LpcXpresso/lpc_chip_11cxx_lib/Debug/liblpc_chip_11cxx_lib.a(chip_11xx.o)
 .debug_ranges  0x0000000000000198       0x68 /Users/keller_reto/_work/TrainHub/TrainTracker/_workspace_LpcXpresso/lpc_chip_11cxx_lib/Debug/liblpc_chip_11cxx_lib.a(clock_11xx.o)
 .debug_ranges  0x0000000000000200       0x40 /Users/keller_reto/_work/TrainHub/TrainTracker/_workspace_LpcXpresso/lpc_chip_11cxx_lib/Debug/liblpc_chip_11cxx_lib.a(gpio_11xx_2.o)
 .debug_ranges  0x0000000000000240       0x28 /Users/keller_reto/_work/TrainHub/TrainTracker/_workspace_LpcXpresso/lpc_chip_11cxx_lib/Debug/liblpc_chip_11cxx_lib.a(sysctl_11xx.o)

.debug_macro    0x0000000000000000     0x1d19
 .debug_macro   0x0000000000000000      0x17d ./example/src/adc_11xx.o
 .debug_macro   0x000000000000017d       0x26 ./example/src/cr_startup_lpc11xx.o
 .debug_macro   0x00000000000001a3      0x826 ./example/src/cr_startup_lpc11xx.o
 .debug_macro   0x00000000000009c9      0x17d ./example/src/sysinit.o
 .debug_macro   0x0000000000000b46      0x18a /Users/keller_reto/_work/TrainHub/TrainTracker/_workspace_LpcXpresso/nxp_lpcxpresso_11c24_board_lib/Debug/libnxp_lpcxpresso_11c24_board_lib.a(board.o)
 .debug_macro   0x0000000000000cd0      0x81a /Users/keller_reto/_work/TrainHub/TrainTracker/_workspace_LpcXpresso/nxp_lpcxpresso_11c24_board_lib/Debug/libnxp_lpcxpresso_11c24_board_lib.a(board.o)
 .debug_macro   0x00000000000014ea       0x12 /Users/keller_reto/_work/TrainHub/TrainTracker/_workspace_LpcXpresso/nxp_lpcxpresso_11c24_board_lib/Debug/libnxp_lpcxpresso_11c24_board_lib.a(board.o)
 .debug_macro   0x00000000000014fc      0x18b /Users/keller_reto/_work/TrainHub/TrainTracker/_workspace_LpcXpresso/nxp_lpcxpresso_11c24_board_lib/Debug/libnxp_lpcxpresso_11c24_board_lib.a(board_sysinit.o)
 .debug_macro   0x0000000000001687      0x148 /Users/keller_reto/_work/TrainHub/TrainTracker/_workspace_LpcXpresso/lpc_chip_11cxx_lib/Debug/liblpc_chip_11cxx_lib.a(adc_11xx.o)
 .debug_macro   0x00000000000017cf      0x148 /Users/keller_reto/_work/TrainHub/TrainTracker/_workspace_LpcXpresso/lpc_chip_11cxx_lib/Debug/liblpc_chip_11cxx_lib.a(chip_11xx.o)
 .debug_macro   0x0000000000001917      0x148 /Users/keller_reto/_work/TrainHub/TrainTracker/_workspace_LpcXpresso/lpc_chip_11cxx_lib/Debug/liblpc_chip_11cxx_lib.a(clock_11xx.o)
 .debug_macro   0x0000000000001a5f      0x148 /Users/keller_reto/_work/TrainHub/TrainTracker/_workspace_LpcXpresso/lpc_chip_11cxx_lib/Debug/liblpc_chip_11cxx_lib.a(gpio_11xx_2.o)
 .debug_macro   0x0000000000001ba7      0x172 /Users/keller_reto/_work/TrainHub/TrainTracker/_workspace_LpcXpresso/lpc_chip_11cxx_lib/Debug/liblpc_chip_11cxx_lib.a(sysctl_11xx.o)

.debug_line     0x0000000000000000     0x2262
 .debug_line    0x0000000000000000      0x3a9 ./example/src/adc_11xx.o
 .debug_line    0x00000000000003a9      0x10d ./example/src/cr_startup_lpc11xx.o
 .debug_line    0x00000000000004b6      0x375 ./example/src/sysinit.o
 .debug_line    0x000000000000082b      0x47d /Users/keller_reto/_work/TrainHub/TrainTracker/_workspace_LpcXpresso/nxp_lpcxpresso_11c24_board_lib/Debug/libnxp_lpcxpresso_11c24_board_lib.a(board.o)
 .debug_line    0x0000000000000ca8      0x422 /Users/keller_reto/_work/TrainHub/TrainTracker/_workspace_LpcXpresso/nxp_lpcxpresso_11c24_board_lib/Debug/libnxp_lpcxpresso_11c24_board_lib.a(board_sysinit.o)
 .debug_line    0x00000000000010ca      0x40f /Users/keller_reto/_work/TrainHub/TrainTracker/_workspace_LpcXpresso/lpc_chip_11cxx_lib/Debug/liblpc_chip_11cxx_lib.a(adc_11xx.o)
 .debug_line    0x00000000000014d9      0x2e2 /Users/keller_reto/_work/TrainHub/TrainTracker/_workspace_LpcXpresso/lpc_chip_11cxx_lib/Debug/liblpc_chip_11cxx_lib.a(chip_11xx.o)
 .debug_line    0x00000000000017bb      0x3d8 /Users/keller_reto/_work/TrainHub/TrainTracker/_workspace_LpcXpresso/lpc_chip_11cxx_lib/Debug/liblpc_chip_11cxx_lib.a(clock_11xx.o)
 .debug_line    0x0000000000001b93      0x3b0 /Users/keller_reto/_work/TrainHub/TrainTracker/_workspace_LpcXpresso/lpc_chip_11cxx_lib/Debug/liblpc_chip_11cxx_lib.a(gpio_11xx_2.o)
 .debug_line    0x0000000000001f43      0x31f /Users/keller_reto/_work/TrainHub/TrainTracker/_workspace_LpcXpresso/lpc_chip_11cxx_lib/Debug/liblpc_chip_11cxx_lib.a(sysctl_11xx.o)

.debug_str      0x0000000000000000     0x99e2
 .debug_str     0x0000000000000000     0x83af ./example/src/adc_11xx.o
                                       0x84b4 (size before relaxing)
 .debug_str     0x00000000000083af      0x248 ./example/src/cr_startup_lpc11xx.o
                                       0x24d5 (size before relaxing)
 .debug_str     0x00000000000085f7       0x2a ./example/src/sysinit.o
                                       0x7f6b (size before relaxing)
 .debug_str     0x0000000000008621      0x2d2 /Users/keller_reto/_work/TrainHub/TrainTracker/_workspace_LpcXpresso/nxp_lpcxpresso_11c24_board_lib/Debug/libnxp_lpcxpresso_11c24_board_lib.a(board.o)
                                       0x844f (size before relaxing)
 .debug_str     0x00000000000088f3      0x753 /Users/keller_reto/_work/TrainHub/TrainTracker/_workspace_LpcXpresso/nxp_lpcxpresso_11c24_board_lib/Debug/libnxp_lpcxpresso_11c24_board_lib.a(board_sysinit.o)
                                       0x8929 (size before relaxing)
 .debug_str     0x0000000000009046      0x238 /Users/keller_reto/_work/TrainHub/TrainTracker/_workspace_LpcXpresso/lpc_chip_11cxx_lib/Debug/liblpc_chip_11cxx_lib.a(adc_11xx.o)
                                       0x856c (size before relaxing)
 .debug_str     0x000000000000927e       0x23 /Users/keller_reto/_work/TrainHub/TrainTracker/_workspace_LpcXpresso/lpc_chip_11cxx_lib/Debug/liblpc_chip_11cxx_lib.a(chip_11xx.o)
                                       0x7caf (size before relaxing)
 .debug_str     0x00000000000092a1      0x3bc /Users/keller_reto/_work/TrainHub/TrainTracker/_workspace_LpcXpresso/lpc_chip_11cxx_lib/Debug/liblpc_chip_11cxx_lib.a(clock_11xx.o)
                                       0x8455 (size before relaxing)
 .debug_str     0x000000000000965d      0x210 /Users/keller_reto/_work/TrainHub/TrainTracker/_workspace_LpcXpresso/lpc_chip_11cxx_lib/Debug/liblpc_chip_11cxx_lib.a(gpio_11xx_2.o)
                                       0x8333 (size before relaxing)
 .debug_str     0x000000000000986d      0x175 /Users/keller_reto/_work/TrainHub/TrainTracker/_workspace_LpcXpresso/lpc_chip_11cxx_lib/Debug/liblpc_chip_11cxx_lib.a(sysctl_11xx.o)
                                       0x809f (size before relaxing)

.comment        0x0000000000000000       0xe0
 .comment       0x0000000000000000       0x70 ./example/src/adc_11xx.o
                                         0x71 (size before relaxing)
 .comment       0x0000000000000000       0x71 ./example/src/cr_startup_lpc11xx.o
 .comment       0x0000000000000000       0x71 ./example/src/sysinit.o
 .comment       0x0000000000000000       0x71 /Users/keller_reto/_work/TrainHub/TrainTracker/_workspace_LpcXpresso/nxp_lpcxpresso_11c24_board_lib/Debug/libnxp_lpcxpresso_11c24_board_lib.a(board.o)
 .comment       0x0000000000000000       0x71 /Users/keller_reto/_work/TrainHub/TrainTracker/_workspace_LpcXpresso/nxp_lpcxpresso_11c24_board_lib/Debug/libnxp_lpcxpresso_11c24_board_lib.a(board_sysinit.o)
 .comment       0x0000000000000000       0x71 /Users/keller_reto/_work/TrainHub/TrainTracker/_workspace_LpcXpresso/lpc_chip_11cxx_lib/Debug/liblpc_chip_11cxx_lib.a(adc_11xx.o)
 .comment       0x0000000000000000       0x71 /Users/keller_reto/_work/TrainHub/TrainTracker/_workspace_LpcXpresso/lpc_chip_11cxx_lib/Debug/liblpc_chip_11cxx_lib.a(chip_11xx.o)
 .comment       0x0000000000000000       0x71 /Users/keller_reto/_work/TrainHub/TrainTracker/_workspace_LpcXpresso/lpc_chip_11cxx_lib/Debug/liblpc_chip_11cxx_lib.a(clock_11xx.o)
 .comment       0x0000000000000000       0x71 /Users/keller_reto/_work/TrainHub/TrainTracker/_workspace_LpcXpresso/lpc_chip_11cxx_lib/Debug/liblpc_chip_11cxx_lib.a(gpio_11xx_2.o)
 .comment       0x0000000000000000       0x71 /Users/keller_reto/_work/TrainHub/TrainTracker/_workspace_LpcXpresso/lpc_chip_11cxx_lib/Debug/liblpc_chip_11cxx_lib.a(sysctl_11xx.o)
 .comment       0x0000000000000070       0x70 /Applications/lpcxpresso_7.1.1_125/lpcxpresso/tools/bin/../lib/gcc/arm-none-eabi/4.8.3/../../../../arm-none-eabi/lib/armv6-m/libcr_nohost.a(_cr__main.o)
                                         0x71 (size before relaxing)
 .comment       0x0000000000000000       0x71 /Applications/lpcxpresso_7.1.1_125/lpcxpresso/tools/bin/../lib/gcc/arm-none-eabi/4.8.3/../../../../arm-none-eabi/lib/armv6-m/libcr_c.a(initio.o)
 .comment       0x0000000000000000       0x71 /Applications/lpcxpresso_7.1.1_125/lpcxpresso/tools/bin/../lib/gcc/arm-none-eabi/4.8.3/../../../../arm-none-eabi/lib/armv6-m/libcr_c.a(setvbuf.o)
 .comment       0x0000000000000000       0x71 /Applications/lpcxpresso_7.1.1_125/lpcxpresso/tools/bin/../lib/gcc/arm-none-eabi/4.8.3/../../../../arm-none-eabi/lib/armv6-m/libcr_c.a(stdio.o)
 .comment       0x0000000000000000       0x71 /Applications/lpcxpresso_7.1.1_125/lpcxpresso/tools/bin/../lib/gcc/arm-none-eabi/4.8.3/../../../../arm-none-eabi/lib/armv6-m/libcr_c.a(memset.o)
 .comment       0x0000000000000000       0x71 /Applications/lpcxpresso_7.1.1_125/lpcxpresso/tools/bin/../lib/gcc/arm-none-eabi/4.8.3/../../../../arm-none-eabi/lib/armv6-m/libcr_c.a(_deferredlazyseek.o)
 .comment       0x0000000000000000       0x71 /Applications/lpcxpresso_7.1.1_125/lpcxpresso/tools/bin/../lib/gcc/arm-none-eabi/4.8.3/../../../../arm-none-eabi/lib/armv6-m/libcr_c.a(_fdopen.o)
 .comment       0x0000000000000000       0x71 /Applications/lpcxpresso_7.1.1_125/lpcxpresso/tools/bin/../lib/gcc/arm-none-eabi/4.8.3/../../../../arm-none-eabi/lib/armv6-m/libcr_c.a(_fflush.o)
 .comment       0x0000000000000000       0x71 /Applications/lpcxpresso_7.1.1_125/lpcxpresso/tools/bin/../lib/gcc/arm-none-eabi/4.8.3/../../../../arm-none-eabi/lib/armv6-m/libcr_c.a(_writebuf.o)
 .comment       0x0000000000000000       0x71 /Applications/lpcxpresso_7.1.1_125/lpcxpresso/tools/bin/../lib/gcc/arm-none-eabi/4.8.3/../../../../arm-none-eabi/lib/armv6-m/libcr_c.a(alloc.o)
 .comment       0x0000000000000000       0x71 /Applications/lpcxpresso_7.1.1_125/lpcxpresso/tools/bin/../lib/gcc/arm-none-eabi/4.8.3/../../../../arm-none-eabi/lib/armv6-m/libcr_c.a(fclose.o)
 .comment       0x0000000000000000       0x71 /Applications/lpcxpresso_7.1.1_125/lpcxpresso/tools/bin/../lib/gcc/arm-none-eabi/4.8.3/../../../../arm-none-eabi/lib/armv6-m/libcr_c.a(fflush.o)
 .comment       0x0000000000000000       0x71 /Applications/lpcxpresso_7.1.1_125/lpcxpresso/tools/bin/../lib/gcc/arm-none-eabi/4.8.3/../../../../arm-none-eabi/lib/armv6-m/libcr_c.a(fseek.o)
 .comment       0x0000000000000000       0x71 /Applications/lpcxpresso_7.1.1_125/lpcxpresso/tools/bin/../lib/gcc/arm-none-eabi/4.8.3/../../../../arm-none-eabi/lib/armv6-m/libcr_c.a(ftell.o)
 .comment       0x0000000000000000       0x71 /Applications/lpcxpresso_7.1.1_125/lpcxpresso/tools/bin/../lib/gcc/arm-none-eabi/4.8.3/../../../../arm-none-eabi/lib/armv6-m/libcr_c.a(remove.o)
 .comment       0x0000000000000000       0x71 /Applications/lpcxpresso_7.1.1_125/lpcxpresso/tools/bin/../lib/gcc/arm-none-eabi/4.8.3/../../../../arm-none-eabi/lib/armv6-m/libcr_c.a(strlen.o)
 .comment       0x0000000000000000       0x71 /Applications/lpcxpresso_7.1.1_125/lpcxpresso/tools/bin/../lib/gcc/arm-none-eabi/4.8.3/../../../../arm-none-eabi/lib/armv6-m/libcr_c.a(__init_alloc.o)
 .comment       0x0000000000000000       0x71 /Applications/lpcxpresso_7.1.1_125/lpcxpresso/tools/bin/../lib/gcc/arm-none-eabi/4.8.3/../../../../arm-none-eabi/lib/armv6-m/libcr_c.a(_cr_sbrk.o)
 .comment       0x0000000000000000       0x71 /Applications/lpcxpresso_7.1.1_125/lpcxpresso/tools/bin/../lib/gcc/arm-none-eabi/4.8.3/../../../../arm-none-eabi/lib/armv6-m/libcr_c.a(_do_fflush.o)
 .comment       0x0000000000000000       0x71 /Applications/lpcxpresso_7.1.1_125/lpcxpresso/tools/bin/../lib/gcc/arm-none-eabi/4.8.3/../../../../arm-none-eabi/lib/armv6-m/libcr_c.a(errno.o)
 .comment       0x0000000000000000       0x71 /Applications/lpcxpresso_7.1.1_125/lpcxpresso/tools/bin/../lib/gcc/arm-none-eabi/4.8.3/../../../../arm-none-eabi/lib/armv6-m/libcr_c.a(_cr_check_heap.o)
 .comment       0x0000000000000000       0x71 /Applications/lpcxpresso_7.1.1_125/lpcxpresso/tools/bin/../lib/gcc/arm-none-eabi/4.8.3/../../../../arm-none-eabi/lib/armv6-m/libcr_nohost.a(__sys_appexit.o)
 .comment       0x0000000000000000       0x71 /Applications/lpcxpresso_7.1.1_125/lpcxpresso/tools/bin/../lib/gcc/arm-none-eabi/4.8.3/../../../../arm-none-eabi/lib/armv6-m/libcr_nohost.a(__sys_close.o)
 .comment       0x0000000000000000       0x71 /Applications/lpcxpresso_7.1.1_125/lpcxpresso/tools/bin/../lib/gcc/arm-none-eabi/4.8.3/../../../../arm-none-eabi/lib/armv6-m/libcr_nohost.a(__sys_flen.o)
 .comment       0x0000000000000000       0x71 /Applications/lpcxpresso_7.1.1_125/lpcxpresso/tools/bin/../lib/gcc/arm-none-eabi/4.8.3/../../../../arm-none-eabi/lib/armv6-m/libcr_nohost.a(__sys_istty.o)
 .comment       0x0000000000000000       0x71 /Applications/lpcxpresso_7.1.1_125/lpcxpresso/tools/bin/../lib/gcc/arm-none-eabi/4.8.3/../../../../arm-none-eabi/lib/armv6-m/libcr_nohost.a(__sys_remove.o)
 .comment       0x0000000000000000       0x71 /Applications/lpcxpresso_7.1.1_125/lpcxpresso/tools/bin/../lib/gcc/arm-none-eabi/4.8.3/../../../../arm-none-eabi/lib/armv6-m/libcr_nohost.a(__sys_seek.o)
 .comment       0x0000000000000000       0x71 /Applications/lpcxpresso_7.1.1_125/lpcxpresso/tools/bin/../lib/gcc/arm-none-eabi/4.8.3/../../../../arm-none-eabi/lib/armv6-m/libcr_nohost.a(__sys_tmpnam.o)

.ARM.attributes
                0x0000000000000000       0x2f
 .ARM.attributes
                0x0000000000000000       0x31 ./example/src/adc_11xx.o
 .ARM.attributes
                0x0000000000000031       0x31 ./example/src/cr_startup_lpc11xx.o
 .ARM.attributes
                0x0000000000000062       0x31 ./example/src/sysinit.o
 .ARM.attributes
                0x0000000000000093       0x31 /Users/keller_reto/_work/TrainHub/TrainTracker/_workspace_LpcXpresso/nxp_lpcxpresso_11c24_board_lib/Debug/libnxp_lpcxpresso_11c24_board_lib.a(board.o)
 .ARM.attributes
                0x00000000000000c4       0x31 /Users/keller_reto/_work/TrainHub/TrainTracker/_workspace_LpcXpresso/nxp_lpcxpresso_11c24_board_lib/Debug/libnxp_lpcxpresso_11c24_board_lib.a(board_sysinit.o)
 .ARM.attributes
                0x00000000000000f5       0x31 /Users/keller_reto/_work/TrainHub/TrainTracker/_workspace_LpcXpresso/lpc_chip_11cxx_lib/Debug/liblpc_chip_11cxx_lib.a(adc_11xx.o)
 .ARM.attributes
                0x0000000000000126       0x31 /Users/keller_reto/_work/TrainHub/TrainTracker/_workspace_LpcXpresso/lpc_chip_11cxx_lib/Debug/liblpc_chip_11cxx_lib.a(chip_11xx.o)
 .ARM.attributes
                0x0000000000000157       0x31 /Users/keller_reto/_work/TrainHub/TrainTracker/_workspace_LpcXpresso/lpc_chip_11cxx_lib/Debug/liblpc_chip_11cxx_lib.a(clock_11xx.o)
 .ARM.attributes
                0x0000000000000188       0x31 /Users/keller_reto/_work/TrainHub/TrainTracker/_workspace_LpcXpresso/lpc_chip_11cxx_lib/Debug/liblpc_chip_11cxx_lib.a(gpio_11xx_2.o)
 .ARM.attributes
                0x00000000000001b9       0x31 /Users/keller_reto/_work/TrainHub/TrainTracker/_workspace_LpcXpresso/lpc_chip_11cxx_lib/Debug/liblpc_chip_11cxx_lib.a(sysctl_11xx.o)
 .ARM.attributes
                0x00000000000001ea       0x31 /Applications/lpcxpresso_7.1.1_125/lpcxpresso/tools/bin/../lib/gcc/arm-none-eabi/4.8.3/../../../../arm-none-eabi/lib/armv6-m/libcr_nohost.a(_cr__main.o)
 .ARM.attributes
                0x000000000000021b       0x31 /Applications/lpcxpresso_7.1.1_125/lpcxpresso/tools/bin/../lib/gcc/arm-none-eabi/4.8.3/../../../../arm-none-eabi/lib/armv6-m/libcr_c.a(initio.o)
 .ARM.attributes
                0x000000000000024c       0x31 /Applications/lpcxpresso_7.1.1_125/lpcxpresso/tools/bin/../lib/gcc/arm-none-eabi/4.8.3/../../../../arm-none-eabi/lib/armv6-m/libcr_c.a(setvbuf.o)
 .ARM.attributes
                0x000000000000027d       0x31 /Applications/lpcxpresso_7.1.1_125/lpcxpresso/tools/bin/../lib/gcc/arm-none-eabi/4.8.3/../../../../arm-none-eabi/lib/armv6-m/libcr_c.a(stdio.o)
 .ARM.attributes
                0x00000000000002ae       0x31 /Applications/lpcxpresso_7.1.1_125/lpcxpresso/tools/bin/../lib/gcc/arm-none-eabi/4.8.3/../../../../arm-none-eabi/lib/armv6-m/libcr_c.a(memset.o)
 .ARM.attributes
                0x00000000000002df       0x31 /Applications/lpcxpresso_7.1.1_125/lpcxpresso/tools/bin/../lib/gcc/arm-none-eabi/4.8.3/../../../../arm-none-eabi/lib/armv6-m/libcr_c.a(_deferredlazyseek.o)
 .ARM.attributes
                0x0000000000000310       0x31 /Applications/lpcxpresso_7.1.1_125/lpcxpresso/tools/bin/../lib/gcc/arm-none-eabi/4.8.3/../../../../arm-none-eabi/lib/armv6-m/libcr_c.a(_fdopen.o)
 .ARM.attributes
                0x0000000000000341       0x31 /Applications/lpcxpresso_7.1.1_125/lpcxpresso/tools/bin/../lib/gcc/arm-none-eabi/4.8.3/../../../../arm-none-eabi/lib/armv6-m/libcr_c.a(_fflush.o)
 .ARM.attributes
                0x0000000000000372       0x31 /Applications/lpcxpresso_7.1.1_125/lpcxpresso/tools/bin/../lib/gcc/arm-none-eabi/4.8.3/../../../../arm-none-eabi/lib/armv6-m/libcr_c.a(_writebuf.o)
 .ARM.attributes
                0x00000000000003a3       0x31 /Applications/lpcxpresso_7.1.1_125/lpcxpresso/tools/bin/../lib/gcc/arm-none-eabi/4.8.3/../../../../arm-none-eabi/lib/armv6-m/libcr_c.a(alloc.o)
 .ARM.attributes
                0x00000000000003d4       0x31 /Applications/lpcxpresso_7.1.1_125/lpcxpresso/tools/bin/../lib/gcc/arm-none-eabi/4.8.3/../../../../arm-none-eabi/lib/armv6-m/libcr_c.a(fclose.o)
 .ARM.attributes
                0x0000000000000405       0x31 /Applications/lpcxpresso_7.1.1_125/lpcxpresso/tools/bin/../lib/gcc/arm-none-eabi/4.8.3/../../../../arm-none-eabi/lib/armv6-m/libcr_c.a(fflush.o)
 .ARM.attributes
                0x0000000000000436       0x31 /Applications/lpcxpresso_7.1.1_125/lpcxpresso/tools/bin/../lib/gcc/arm-none-eabi/4.8.3/../../../../arm-none-eabi/lib/armv6-m/libcr_c.a(fseek.o)
 .ARM.attributes
                0x0000000000000467       0x31 /Applications/lpcxpresso_7.1.1_125/lpcxpresso/tools/bin/../lib/gcc/arm-none-eabi/4.8.3/../../../../arm-none-eabi/lib/armv6-m/libcr_c.a(ftell.o)
 .ARM.attributes
                0x0000000000000498       0x31 /Applications/lpcxpresso_7.1.1_125/lpcxpresso/tools/bin/../lib/gcc/arm-none-eabi/4.8.3/../../../../arm-none-eabi/lib/armv6-m/libcr_c.a(remove.o)
 .ARM.attributes
                0x00000000000004c9       0x31 /Applications/lpcxpresso_7.1.1_125/lpcxpresso/tools/bin/../lib/gcc/arm-none-eabi/4.8.3/../../../../arm-none-eabi/lib/armv6-m/libcr_c.a(strlen.o)
 .ARM.attributes
                0x00000000000004fa       0x31 /Applications/lpcxpresso_7.1.1_125/lpcxpresso/tools/bin/../lib/gcc/arm-none-eabi/4.8.3/../../../../arm-none-eabi/lib/armv6-m/libcr_c.a(__init_alloc.o)
 .ARM.attributes
                0x000000000000052b       0x31 /Applications/lpcxpresso_7.1.1_125/lpcxpresso/tools/bin/../lib/gcc/arm-none-eabi/4.8.3/../../../../arm-none-eabi/lib/armv6-m/libcr_c.a(_cr_sbrk.o)
 .ARM.attributes
                0x000000000000055c       0x31 /Applications/lpcxpresso_7.1.1_125/lpcxpresso/tools/bin/../lib/gcc/arm-none-eabi/4.8.3/../../../../arm-none-eabi/lib/armv6-m/libcr_c.a(_do_fflush.o)
 .ARM.attributes
                0x000000000000058d       0x31 /Applications/lpcxpresso_7.1.1_125/lpcxpresso/tools/bin/../lib/gcc/arm-none-eabi/4.8.3/../../../../arm-none-eabi/lib/armv6-m/libcr_c.a(errno.o)
 .ARM.attributes
                0x00000000000005be       0x31 /Applications/lpcxpresso_7.1.1_125/lpcxpresso/tools/bin/../lib/gcc/arm-none-eabi/4.8.3/../../../../arm-none-eabi/lib/armv6-m/libcr_c.a(_cr_check_heap.o)
 .ARM.attributes
                0x00000000000005ef       0x21 /Applications/lpcxpresso_7.1.1_125/lpcxpresso/tools/bin/../lib/gcc/arm-none-eabi/4.8.3/armv6-m/libcr_eabihelpers.a(division_32.o)
 .ARM.attributes
                0x0000000000000610       0x21 /Applications/lpcxpresso_7.1.1_125/lpcxpresso/tools/bin/../lib/gcc/arm-none-eabi/4.8.3/armv6-m/libcr_eabihelpers.a(division_idiv0.o)
 .ARM.attributes
                0x0000000000000631       0x21 /Applications/lpcxpresso_7.1.1_125/lpcxpresso/tools/bin/../lib/gcc/arm-none-eabi/4.8.3/armv6-m/libcr_eabihelpers.a(memcpy.o)
 .ARM.attributes
                0x0000000000000652       0x31 /Applications/lpcxpresso_7.1.1_125/lpcxpresso/tools/bin/../lib/gcc/arm-none-eabi/4.8.3/../../../../arm-none-eabi/lib/armv6-m/libcr_nohost.a(__sys_appexit.o)
 .ARM.attributes
                0x0000000000000683       0x31 /Applications/lpcxpresso_7.1.1_125/lpcxpresso/tools/bin/../lib/gcc/arm-none-eabi/4.8.3/../../../../arm-none-eabi/lib/armv6-m/libcr_nohost.a(__sys_close.o)
 .ARM.attributes
                0x00000000000006b4       0x31 /Applications/lpcxpresso_7.1.1_125/lpcxpresso/tools/bin/../lib/gcc/arm-none-eabi/4.8.3/../../../../arm-none-eabi/lib/armv6-m/libcr_nohost.a(__sys_flen.o)
 .ARM.attributes
                0x00000000000006e5       0x31 /Applications/lpcxpresso_7.1.1_125/lpcxpresso/tools/bin/../lib/gcc/arm-none-eabi/4.8.3/../../../../arm-none-eabi/lib/armv6-m/libcr_nohost.a(__sys_istty.o)
 .ARM.attributes
                0x0000000000000716       0x31 /Applications/lpcxpresso_7.1.1_125/lpcxpresso/tools/bin/../lib/gcc/arm-none-eabi/4.8.3/../../../../arm-none-eabi/lib/armv6-m/libcr_nohost.a(__sys_remove.o)
 .ARM.attributes
                0x0000000000000747       0x31 /Applications/lpcxpresso_7.1.1_125/lpcxpresso/tools/bin/../lib/gcc/arm-none-eabi/4.8.3/../../../../arm-none-eabi/lib/armv6-m/libcr_nohost.a(__sys_seek.o)
 .ARM.attributes
                0x0000000000000778       0x31 /Applications/lpcxpresso_7.1.1_125/lpcxpresso/tools/bin/../lib/gcc/arm-none-eabi/4.8.3/../../../../arm-none-eabi/lib/armv6-m/libcr_nohost.a(__sys_tmpnam.o)

.debug_frame    0x0000000000000000      0x5bc
 .debug_frame   0x0000000000000000       0x3c ./example/src/adc_11xx.o
 .debug_frame   0x000000000000003c       0xb0 ./example/src/cr_startup_lpc11xx.o
 .debug_frame   0x00000000000000ec       0x28 ./example/src/sysinit.o
 .debug_frame   0x0000000000000114       0xe8 /Users/keller_reto/_work/TrainHub/TrainTracker/_workspace_LpcXpresso/nxp_lpcxpresso_11c24_board_lib/Debug/libnxp_lpcxpresso_11c24_board_lib.a(board.o)
 .debug_frame   0x00000000000001fc       0x5c /Users/keller_reto/_work/TrainHub/TrainTracker/_workspace_LpcXpresso/nxp_lpcxpresso_11c24_board_lib/Debug/libnxp_lpcxpresso_11c24_board_lib.a(board_sysinit.o)
 .debug_frame   0x0000000000000258      0x14c /Users/keller_reto/_work/TrainHub/TrainTracker/_workspace_LpcXpresso/lpc_chip_11cxx_lib/Debug/liblpc_chip_11cxx_lib.a(adc_11xx.o)
 .debug_frame   0x00000000000003a4       0x28 /Users/keller_reto/_work/TrainHub/TrainTracker/_workspace_LpcXpresso/lpc_chip_11cxx_lib/Debug/liblpc_chip_11cxx_lib.a(chip_11xx.o)
 .debug_frame   0x00000000000003cc       0xf8 /Users/keller_reto/_work/TrainHub/TrainTracker/_workspace_LpcXpresso/lpc_chip_11cxx_lib/Debug/liblpc_chip_11cxx_lib.a(clock_11xx.o)
 .debug_frame   0x00000000000004c4       0xa0 /Users/keller_reto/_work/TrainHub/TrainTracker/_workspace_LpcXpresso/lpc_chip_11cxx_lib/Debug/liblpc_chip_11cxx_lib.a(gpio_11xx_2.o)
 .debug_frame   0x0000000000000564       0x58 /Users/keller_reto/_work/TrainHub/TrainTracker/_workspace_LpcXpresso/lpc_chip_11cxx_lib/Debug/liblpc_chip_11cxx_lib.a(sysctl_11xx.o)
