22:35:59 **** Incremental Build of configuration Debug for project lpc_chip_11cxx_lib ****
make all 
make: Nothing to be done for `all'.
22:36:00 **** Incremental Build of configuration Debug for project nxp_lpcxpresso_11c24_board_lib ****
make all 
make: Nothing to be done for `all'.
22:36:01 **** Incremental Build of configuration Debug for project nxp_lpcxpresso_11c24_freertos_blinky ****
make all 
make: Nothing to be done for `all'.
22:36:21 **** Incremental Build of configuration Debug for project lpc_chip_11cxx_lib ****
make all 
make: Nothing to be done for `all'.
22:36:21 **** Incremental Build of configuration Debug for project nxp_lpcxpresso_11c24_board_lib ****
make all 
make: Nothing to be done for `all'.
22:36:23 **** Incremental Build of configuration Debug for project nxp_lpcxpresso_11c24_freertos_blinky ****
make all 
make: Nothing to be done for `all'.
22:55:42 **** Incremental Build of configuration Debug for project lpc_chip_11cxx_lib ****
make all 
make: Nothing to be done for `all'.
22:55:42 **** Incremental Build of configuration Debug for project nxp_lpcxpresso_11c24_board_lib ****
make all 
make: Nothing to be done for `all'.
22:55:43 **** Incremental Build of configuration Debug for project nxp_lpcxpresso_11c24_periph_ccan_rom ****
make all 
make: Nothing to be done for `all'.
23:00:18 **** Incremental Build of configuration Debug for project lpc_chip_11cxx_lib ****
make all 
make: Nothing to be done for `all'.
23:00:19 **** Incremental Build of configuration Debug for project nxp_lpcxpresso_11c24_board_lib ****
make all 
make: Nothing to be done for `all'.
23:00:20 **** Incremental Build of configuration Debug for project nxp_lpcxpresso_11c24_periph_uart ****
make all 
make: Nothing to be done for `all'.
23:25:08 **** Incremental Build of configuration Debug for project lpc_chip_11cxx_lib ****
make all 
make: Nothing to be done for `all'.
23:25:09 **** Incremental Build of configuration Debug for project nxp_lpcxpresso_11c24_board_lib ****
make all 
make: Nothing to be done for `all'.
23:25:09 **** Incremental Build of configuration Debug for project nxp_lpcxpresso_11c24_periph_uart ****
make all 
Building file: ../example/src/uart.c
Invoking: MCU C Compiler
arm-none-eabi-gcc -D__REDLIB__ -DDEBUG -D__CODE_RED -D__USE_LPCOPEN -DCORE_M0 -I"/Users/keller_reto/_work/TrainHub/TrainTracker/_workspace_LpcXpresso/nxp_lpcxpresso_11c24_periph_uart/example/inc" -I"/Users/keller_reto/_work/TrainHub/TrainTracker/_workspace_LpcXpresso/lpc_chip_11cxx_lib/inc" -I"/Users/keller_reto/_work/TrainHub/TrainTracker/_workspace_LpcXpresso/nxp_lpcxpresso_11c24_board_lib/inc" -Og -g3 -Wall -c -fmessage-length=0 -fno-builtin -ffunction-sections -fdata-sections -mcpu=cortex-m0 -mthumb -D__REDLIB__ -specs=redlib.specs -MMD -MP -MF"example/src/uart.d" -MT"example/src/uart.d" -o "example/src/uart.o" "../example/src/uart.c"
In file included from /Users/keller_reto/_work/TrainHub/TrainTracker/_workspace_LpcXpresso/lpc_chip_11cxx_lib/inc/chip.h:232:0,
                 from ../example/src/uart.c:32:
/Users/keller_reto/_work/TrainHub/TrainTracker/_workspace_LpcXpresso/lpc_chip_11cxx_lib/inc/pmu_11xx.h:49:8: warning: missing terminating " character [enabled by default]
 #error "LPC1125 support for the PMU driver is not ready
        ^
../example/src/uart.c:52:1: error: invalid initializer
 const char cmd_echo[] = 0x55;
 ^
make: *** [example/src/uart.o] Error 1
23:26:55 **** Incremental Build of configuration Debug for project lpc_chip_11cxx_lib ****
make all 
make: Nothing to be done for `all'.
23:26:56 **** Incremental Build of configuration Debug for project nxp_lpcxpresso_11c24_board_lib ****
make all 
make: Nothing to be done for `all'.
23:26:57 **** Incremental Build of configuration Debug for project nxp_lpcxpresso_11c24_periph_uart ****
make all 
Building file: ../example/src/uart.c
Invoking: MCU C Compiler
arm-none-eabi-gcc -D__REDLIB__ -DDEBUG -D__CODE_RED -D__USE_LPCOPEN -DCORE_M0 -I"/Users/keller_reto/_work/TrainHub/TrainTracker/_workspace_LpcXpresso/nxp_lpcxpresso_11c24_periph_uart/example/inc" -I"/Users/keller_reto/_work/TrainHub/TrainTracker/_workspace_LpcXpresso/lpc_chip_11cxx_lib/inc" -I"/Users/keller_reto/_work/TrainHub/TrainTracker/_workspace_LpcXpresso/nxp_lpcxpresso_11c24_board_lib/inc" -Og -g3 -Wall -c -fmessage-length=0 -fno-builtin -ffunction-sections -fdata-sections -mcpu=cortex-m0 -mthumb -D__REDLIB__ -specs=redlib.specs -MMD -MP -MF"example/src/uart.d" -MT"example/src/uart.d" -o "example/src/uart.o" "../example/src/uart.c"
In file included from /Users/keller_reto/_work/TrainHub/TrainTracker/_workspace_LpcXpresso/lpc_chip_11cxx_lib/inc/chip.h:232:0,
                 from ../example/src/uart.c:32:
/Users/keller_reto/_work/TrainHub/TrainTracker/_workspace_LpcXpresso/lpc_chip_11cxx_lib/inc/pmu_11xx.h:49:8: warning: missing terminating " character [enabled by default]
 #error "LPC1125 support for the PMU driver is not ready
        ^
Finished building: ../example/src/uart.c
 
Building target: nxp_lpcxpresso_11c24_periph_uart.axf
Invoking: MCU Linker
arm-none-eabi-gcc -nostdlib -L"/Users/keller_reto/_work/TrainHub/TrainTracker/_workspace_LpcXpresso/nxp_lpcxpresso_11c24_board_lib/Debug" -L"/Users/keller_reto/_work/TrainHub/TrainTracker/_workspace_LpcXpresso/lpc_chip_11cxx_lib/Debug" -Xlinker -Map="nxp_lpcxpresso_11c24_periph_uart.map" -Xlinker --gc-sections -mcpu=cortex-m0 -mthumb -T "nxp_lpcxpresso_11c24_periph_uart_Debug.ld" -o "nxp_lpcxpresso_11c24_periph_uart.axf"  ./example/src/cr_startup_lpc11xx.o ./example/src/sysinit.o ./example/src/uart.o   -lnxp_lpcxpresso_11c24_board_lib -llpc_chip_11cxx_lib
Finished building target: nxp_lpcxpresso_11c24_periph_uart.axf
 
make --no-print-directory post-build
Performing post-build steps
arm-none-eabi-size "nxp_lpcxpresso_11c24_periph_uart.axf"; # arm-none-eabi-objcopy -O binary "nxp_lpcxpresso_11c24_periph_uart.axf" "nxp_lpcxpresso_11c24_periph_uart.bin" ; checksum -p LPC11C24_301 -d "nxp_lpcxpresso_11c24_periph_uart.bin";
   text	   data	    bss	    dec	    hex	filename
   3984	      0	    540	   4524	   11ac	nxp_lpcxpresso_11c24_periph_uart.axf
 
23:27:33 **** Clean-only build of configuration Debug for project lpc_chip_11cxx_lib ****
make clean 
rm -rf  ./src/adc_1125.o ./src/adc_11xx.o ./src/chip_11xx.o ./src/clock_11xx.o ./src/gpio_11xx_1.o ./src/gpio_11xx_2.o ./src/gpiogroup_11xx.o ./src/i2c_11xx.o ./src/iocon_11xx.o ./src/pinint_11xx.o ./src/pmu_11xx.o ./src/ring_buffer.o ./src/ssp_11xx.o ./src/sysctl_11xx.o ./src/sysinit_11xx.o ./src/timer_11xx.o ./src/uart_11xx.o ./src/wwdt_11xx.o  ./src/adc_1125.d ./src/adc_11xx.d ./src/chip_11xx.d ./src/clock_11xx.d ./src/gpio_11xx_1.d ./src/gpio_11xx_2.d ./src/gpiogroup_11xx.d ./src/i2c_11xx.d ./src/iocon_11xx.d ./src/pinint_11xx.d ./src/pmu_11xx.d ./src/ring_buffer.d ./src/ssp_11xx.d ./src/sysctl_11xx.d ./src/sysinit_11xx.d ./src/timer_11xx.d ./src/uart_11xx.d ./src/wwdt_11xx.d  liblpc_chip_11cxx_lib.a
 
23:27:33 **** Clean-only build of configuration Debug for project nxp_lpcxpresso_11c24_board_lib ****
make clean 
rm -rf  ./src/board.o ./src/board_sysinit.o  ./src/board.d ./src/board_sysinit.d  libnxp_lpcxpresso_11c24_board_lib.a
 
23:27:33 **** Clean-only build of configuration Debug for project nxp_lpcxpresso_11c24_periph_uart ****
make clean 
rm -rf  ./example/src/cr_startup_lpc11xx.o ./example/src/sysinit.o ./example/src/uart.o  ./example/src/cr_startup_lpc11xx.d ./example/src/sysinit.d ./example/src/uart.d  nxp_lpcxpresso_11c24_periph_uart.axf
 
23:27:34 **** Clean-only build of configuration Debug for project lpc_chip_11cxx_lib ****
make clean 
rm -rf  ./src/adc_1125.o ./src/adc_11xx.o ./src/chip_11xx.o ./src/clock_11xx.o ./src/gpio_11xx_1.o ./src/gpio_11xx_2.o ./src/gpiogroup_11xx.o ./src/i2c_11xx.o ./src/iocon_11xx.o ./src/pinint_11xx.o ./src/pmu_11xx.o ./src/ring_buffer.o ./src/ssp_11xx.o ./src/sysctl_11xx.o ./src/sysinit_11xx.o ./src/timer_11xx.o ./src/uart_11xx.o ./src/wwdt_11xx.o  ./src/adc_1125.d ./src/adc_11xx.d ./src/chip_11xx.d ./src/clock_11xx.d ./src/gpio_11xx_1.d ./src/gpio_11xx_2.d ./src/gpiogroup_11xx.d ./src/i2c_11xx.d ./src/iocon_11xx.d ./src/pinint_11xx.d ./src/pmu_11xx.d ./src/ring_buffer.d ./src/ssp_11xx.d ./src/sysctl_11xx.d ./src/sysinit_11xx.d ./src/timer_11xx.d ./src/uart_11xx.d ./src/wwdt_11xx.d  liblpc_chip_11cxx_lib.a
 
23:27:34 **** Clean-only build of configuration Debug for project nxp_lpcxpresso_11c24_board_lib ****
make clean 
rm -rf  ./src/board.o ./src/board_sysinit.o  ./src/board.d ./src/board_sysinit.d  libnxp_lpcxpresso_11c24_board_lib.a
 
23:27:34 **** Clean-only build of configuration Debug for project nxp_lpcxpresso_11c24_periph_uart ****
make clean 
rm -rf  ./example/src/cr_startup_lpc11xx.o ./example/src/sysinit.o ./example/src/uart.o  ./example/src/cr_startup_lpc11xx.d ./example/src/sysinit.d ./example/src/uart.d  nxp_lpcxpresso_11c24_periph_uart.axf
 
23:27:37 **** Build of configuration Debug for project lpc_chip_11cxx_lib ****
make all 
Building file: ../src/adc_1125.c
Invoking: MCU C Compiler
arm-none-eabi-gcc -D__REDLIB__ -DDEBUG -D__CODE_RED -DCORE_M0 -I"/Users/keller_reto/_work/TrainHub/TrainTracker/_workspace_LpcXpresso/lpc_chip_11cxx_lib/inc" -Og -g3 -Wall -c -fmessage-length=0 -fno-builtin -ffunction-sections -fdata-sections -mcpu=cortex-m0 -mthumb -D__REDLIB__ -specs=redlib.specs -MMD -MP -MF"src/adc_1125.d" -MT"src/adc_1125.d" -o "src/adc_1125.o" "../src/adc_1125.c"
In file included from /Users/keller_reto/_work/TrainHub/TrainTracker/_workspace_LpcXpresso/lpc_chip_11cxx_lib/inc/chip.h:232:0,
                 from ../src/adc_1125.c:32:
/Users/keller_reto/_work/TrainHub/TrainTracker/_workspace_LpcXpresso/lpc_chip_11cxx_lib/inc/pmu_11xx.h:49:8: warning: missing terminating " character [enabled by default]
 #error "LPC1125 support for the PMU driver is not ready
        ^
Finished building: ../src/adc_1125.c
 
Building file: ../src/adc_11xx.c
Invoking: MCU C Compiler
arm-none-eabi-gcc -D__REDLIB__ -DDEBUG -D__CODE_RED -DCORE_M0 -I"/Users/keller_reto/_work/TrainHub/TrainTracker/_workspace_LpcXpresso/lpc_chip_11cxx_lib/inc" -Og -g3 -Wall -c -fmessage-length=0 -fno-builtin -ffunction-sections -fdata-sections -mcpu=cortex-m0 -mthumb -D__REDLIB__ -specs=redlib.specs -MMD -MP -MF"src/adc_11xx.d" -MT"src/adc_11xx.d" -o "src/adc_11xx.o" "../src/adc_11xx.c"
In file included from /Users/keller_reto/_work/TrainHub/TrainTracker/_workspace_LpcXpresso/lpc_chip_11cxx_lib/inc/chip.h:232:0,
                 from ../src/adc_11xx.c:32:
/Users/keller_reto/_work/TrainHub/TrainTracker/_workspace_LpcXpresso/lpc_chip_11cxx_lib/inc/pmu_11xx.h:49:8: warning: missing terminating " character [enabled by default]
 #error "LPC1125 support for the PMU driver is not ready
        ^
Finished building: ../src/adc_11xx.c
 
Building file: ../src/chip_11xx.c
Invoking: MCU C Compiler
arm-none-eabi-gcc -D__REDLIB__ -DDEBUG -D__CODE_RED -DCORE_M0 -I"/Users/keller_reto/_work/TrainHub/TrainTracker/_workspace_LpcXpresso/lpc_chip_11cxx_lib/inc" -Og -g3 -Wall -c -fmessage-length=0 -fno-builtin -ffunction-sections -fdata-sections -mcpu=cortex-m0 -mthumb -D__REDLIB__ -specs=redlib.specs -MMD -MP -MF"src/chip_11xx.d" -MT"src/chip_11xx.d" -o "src/chip_11xx.o" "../src/chip_11xx.c"
In file included from /Users/keller_reto/_work/TrainHub/TrainTracker/_workspace_LpcXpresso/lpc_chip_11cxx_lib/inc/chip.h:232:0,
                 from ../src/chip_11xx.c:32:
/Users/keller_reto/_work/TrainHub/TrainTracker/_workspace_LpcXpresso/lpc_chip_11cxx_lib/inc/pmu_11xx.h:49:8: warning: missing terminating " character [enabled by default]
 #error "LPC1125 support for the PMU driver is not ready
        ^
Finished building: ../src/chip_11xx.c
 
Building file: ../src/clock_11xx.c
Invoking: MCU C Compiler
arm-none-eabi-gcc -D__REDLIB__ -DDEBUG -D__CODE_RED -DCORE_M0 -I"/Users/keller_reto/_work/TrainHub/TrainTracker/_workspace_LpcXpresso/lpc_chip_11cxx_lib/inc" -Og -g3 -Wall -c -fmessage-length=0 -fno-builtin -ffunction-sections -fdata-sections -mcpu=cortex-m0 -mthumb -D__REDLIB__ -specs=redlib.specs -MMD -MP -MF"src/clock_11xx.d" -MT"src/clock_11xx.d" -o "src/clock_11xx.o" "../src/clock_11xx.c"
In file included from /Users/keller_reto/_work/TrainHub/TrainTracker/_workspace_LpcXpresso/lpc_chip_11cxx_lib/inc/chip.h:232:0,
                 from ../src/clock_11xx.c:29:
/Users/keller_reto/_work/TrainHub/TrainTracker/_workspace_LpcXpresso/lpc_chip_11cxx_lib/inc/pmu_11xx.h:49:8: warning: missing terminating " character [enabled by default]
 #error "LPC1125 support for the PMU driver is not ready
        ^
Finished building: ../src/clock_11xx.c
 
Building file: ../src/gpio_11xx_1.c
Invoking: MCU C Compiler
arm-none-eabi-gcc -D__REDLIB__ -DDEBUG -D__CODE_RED -DCORE_M0 -I"/Users/keller_reto/_work/TrainHub/TrainTracker/_workspace_LpcXpresso/lpc_chip_11cxx_lib/inc" -Og -g3 -Wall -c -fmessage-length=0 -fno-builtin -ffunction-sections -fdata-sections -mcpu=cortex-m0 -mthumb -D__REDLIB__ -specs=redlib.specs -MMD -MP -MF"src/gpio_11xx_1.d" -MT"src/gpio_11xx_1.d" -o "src/gpio_11xx_1.o" "../src/gpio_11xx_1.c"
In file included from /Users/keller_reto/_work/TrainHub/TrainTracker/_workspace_LpcXpresso/lpc_chip_11cxx_lib/inc/chip.h:232:0,
                 from ../src/gpio_11xx_1.c:33:
/Users/keller_reto/_work/TrainHub/TrainTracker/_workspace_LpcXpresso/lpc_chip_11cxx_lib/inc/pmu_11xx.h:49:8: warning: missing terminating " character [enabled by default]
 #error "LPC1125 support for the PMU driver is not ready
        ^
Finished building: ../src/gpio_11xx_1.c
 
Building file: ../src/gpio_11xx_2.c
Invoking: MCU C Compiler
arm-none-eabi-gcc -D__REDLIB__ -DDEBUG -D__CODE_RED -DCORE_M0 -I"/Users/keller_reto/_work/TrainHub/TrainTracker/_workspace_LpcXpresso/lpc_chip_11cxx_lib/inc" -Og -g3 -Wall -c -fmessage-length=0 -fno-builtin -ffunction-sections -fdata-sections -mcpu=cortex-m0 -mthumb -D__REDLIB__ -specs=redlib.specs -MMD -MP -MF"src/gpio_11xx_2.d" -MT"src/gpio_11xx_2.d" -o "src/gpio_11xx_2.o" "../src/gpio_11xx_2.c"
In file included from /Users/keller_reto/_work/TrainHub/TrainTracker/_workspace_LpcXpresso/lpc_chip_11cxx_lib/inc/chip.h:232:0,
                 from ../src/gpio_11xx_2.c:33:
/Users/keller_reto/_work/TrainHub/TrainTracker/_workspace_LpcXpresso/lpc_chip_11cxx_lib/inc/pmu_11xx.h:49:8: warning: missing terminating " character [enabled by default]
 #error "LPC1125 support for the PMU driver is not ready
        ^
Finished building: ../src/gpio_11xx_2.c
 
Building file: ../src/gpiogroup_11xx.c
Invoking: MCU C Compiler
arm-none-eabi-gcc -D__REDLIB__ -DDEBUG -D__CODE_RED -DCORE_M0 -I"/Users/keller_reto/_work/TrainHub/TrainTracker/_workspace_LpcXpresso/lpc_chip_11cxx_lib/inc" -Og -g3 -Wall -c -fmessage-length=0 -fno-builtin -ffunction-sections -fdata-sections -mcpu=cortex-m0 -mthumb -D__REDLIB__ -specs=redlib.specs -MMD -MP -MF"src/gpiogroup_11xx.d" -MT"src/gpiogroup_11xx.d" -o "src/gpiogroup_11xx.o" "../src/gpiogroup_11xx.c"
In file included from /Users/keller_reto/_work/TrainHub/TrainTracker/_workspace_LpcXpresso/lpc_chip_11cxx_lib/inc/chip.h:232:0,
                 from ../src/gpiogroup_11xx.c:33:
/Users/keller_reto/_work/TrainHub/TrainTracker/_workspace_LpcXpresso/lpc_chip_11cxx_lib/inc/pmu_11xx.h:49:8: warning: missing terminating " character [enabled by default]
 #error "LPC1125 support for the PMU driver is not ready
        ^
Finished building: ../src/gpiogroup_11xx.c
 
Building file: ../src/i2c_11xx.c
Invoking: MCU C Compiler
arm-none-eabi-gcc -D__REDLIB__ -DDEBUG -D__CODE_RED -DCORE_M0 -I"/Users/keller_reto/_work/TrainHub/TrainTracker/_workspace_LpcXpresso/lpc_chip_11cxx_lib/inc" -Og -g3 -Wall -c -fmessage-length=0 -fno-builtin -ffunction-sections -fdata-sections -mcpu=cortex-m0 -mthumb -D__REDLIB__ -specs=redlib.specs -MMD -MP -MF"src/i2c_11xx.d" -MT"src/i2c_11xx.d" -o "src/i2c_11xx.o" "../src/i2c_11xx.c"
In file included from /Users/keller_reto/_work/TrainHub/TrainTracker/_workspace_LpcXpresso/lpc_chip_11cxx_lib/inc/chip.h:232:0,
                 from ../src/i2c_11xx.c:32:
/Users/keller_reto/_work/TrainHub/TrainTracker/_workspace_LpcXpresso/lpc_chip_11cxx_lib/inc/pmu_11xx.h:49:8: warning: missing terminating " character [enabled by default]
 #error "LPC1125 support for the PMU driver is not ready
        ^
Finished building: ../src/i2c_11xx.c
 
Building file: ../src/iocon_11xx.c
Invoking: MCU C Compiler
arm-none-eabi-gcc -D__REDLIB__ -DDEBUG -D__CODE_RED -DCORE_M0 -I"/Users/keller_reto/_work/TrainHub/TrainTracker/_workspace_LpcXpresso/lpc_chip_11cxx_lib/inc" -Og -g3 -Wall -c -fmessage-length=0 -fno-builtin -ffunction-sections -fdata-sections -mcpu=cortex-m0 -mthumb -D__REDLIB__ -specs=redlib.specs -MMD -MP -MF"src/iocon_11xx.d" -MT"src/iocon_11xx.d" -o "src/iocon_11xx.o" "../src/iocon_11xx.c"
In file included from /Users/keller_reto/_work/TrainHub/TrainTracker/_workspace_LpcXpresso/lpc_chip_11cxx_lib/inc/chip.h:232:0,
                 from ../src/iocon_11xx.c:29:
/Users/keller_reto/_work/TrainHub/TrainTracker/_workspace_LpcXpresso/lpc_chip_11cxx_lib/inc/pmu_11xx.h:49:8: warning: missing terminating " character [enabled by default]
 #error "LPC1125 support for the PMU driver is not ready
        ^
Finished building: ../src/iocon_11xx.c
 
Building file: ../src/pinint_11xx.c
Invoking: MCU C Compiler
arm-none-eabi-gcc -D__REDLIB__ -DDEBUG -D__CODE_RED -DCORE_M0 -I"/Users/keller_reto/_work/TrainHub/TrainTracker/_workspace_LpcXpresso/lpc_chip_11cxx_lib/inc" -Og -g3 -Wall -c -fmessage-length=0 -fno-builtin -ffunction-sections -fdata-sections -mcpu=cortex-m0 -mthumb -D__REDLIB__ -specs=redlib.specs -MMD -MP -MF"src/pinint_11xx.d" -MT"src/pinint_11xx.d" -o "src/pinint_11xx.o" "../src/pinint_11xx.c"
In file included from /Users/keller_reto/_work/TrainHub/TrainTracker/_workspace_LpcXpresso/lpc_chip_11cxx_lib/inc/chip.h:232:0,
                 from ../src/pinint_11xx.c:32:
/Users/keller_reto/_work/TrainHub/TrainTracker/_workspace_LpcXpresso/lpc_chip_11cxx_lib/inc/pmu_11xx.h:49:8: warning: missing terminating " character [enabled by default]
 #error "LPC1125 support for the PMU driver is not ready
        ^
Finished building: ../src/pinint_11xx.c
 
Building file: ../src/pmu_11xx.c
Invoking: MCU C Compiler
arm-none-eabi-gcc -D__REDLIB__ -DDEBUG -D__CODE_RED -DCORE_M0 -I"/Users/keller_reto/_work/TrainHub/TrainTracker/_workspace_LpcXpresso/lpc_chip_11cxx_lib/inc" -Og -g3 -Wall -c -fmessage-length=0 -fno-builtin -ffunction-sections -fdata-sections -mcpu=cortex-m0 -mthumb -D__REDLIB__ -specs=redlib.specs -MMD -MP -MF"src/pmu_11xx.d" -MT"src/pmu_11xx.d" -o "src/pmu_11xx.o" "../src/pmu_11xx.c"
In file included from /Users/keller_reto/_work/TrainHub/TrainTracker/_workspace_LpcXpresso/lpc_chip_11cxx_lib/inc/chip.h:232:0,
                 from ../src/pmu_11xx.c:32:
/Users/keller_reto/_work/TrainHub/TrainTracker/_workspace_LpcXpresso/lpc_chip_11cxx_lib/inc/pmu_11xx.h:49:8: warning: missing terminating " character [enabled by default]
 #error "LPC1125 support for the PMU driver is not ready
        ^
Finished building: ../src/pmu_11xx.c
 
Building file: ../src/ring_buffer.c
Invoking: MCU C Compiler
arm-none-eabi-gcc -D__REDLIB__ -DDEBUG -D__CODE_RED -DCORE_M0 -I"/Users/keller_reto/_work/TrainHub/TrainTracker/_workspace_LpcXpresso/lpc_chip_11cxx_lib/inc" -Og -g3 -Wall -c -fmessage-length=0 -fno-builtin -ffunction-sections -fdata-sections -mcpu=cortex-m0 -mthumb -D__REDLIB__ -specs=redlib.specs -MMD -MP -MF"src/ring_buffer.d" -MT"src/ring_buffer.d" -o "src/ring_buffer.o" "../src/ring_buffer.c"
Finished building: ../src/ring_buffer.c
 
Building file: ../src/ssp_11xx.c
Invoking: MCU C Compiler
arm-none-eabi-gcc -D__REDLIB__ -DDEBUG -D__CODE_RED -DCORE_M0 -I"/Users/keller_reto/_work/TrainHub/TrainTracker/_workspace_LpcXpresso/lpc_chip_11cxx_lib/inc" -Og -g3 -Wall -c -fmessage-length=0 -fno-builtin -ffunction-sections -fdata-sections -mcpu=cortex-m0 -mthumb -D__REDLIB__ -specs=redlib.specs -MMD -MP -MF"src/ssp_11xx.d" -MT"src/ssp_11xx.d" -o "src/ssp_11xx.o" "../src/ssp_11xx.c"
In file included from /Users/keller_reto/_work/TrainHub/TrainTracker/_workspace_LpcXpresso/lpc_chip_11cxx_lib/inc/chip.h:232:0,
                 from ../src/ssp_11xx.c:32:
/Users/keller_reto/_work/TrainHub/TrainTracker/_workspace_LpcXpresso/lpc_chip_11cxx_lib/inc/pmu_11xx.h:49:8: warning: missing terminating " character [enabled by default]
 #error "LPC1125 support for the PMU driver is not ready
        ^
Finished building: ../src/ssp_11xx.c
 
Building file: ../src/sysctl_11xx.c
Invoking: MCU C Compiler
arm-none-eabi-gcc -D__REDLIB__ -DDEBUG -D__CODE_RED -DCORE_M0 -I"/Users/keller_reto/_work/TrainHub/TrainTracker/_workspace_LpcXpresso/lpc_chip_11cxx_lib/inc" -Og -g3 -Wall -c -fmessage-length=0 -fno-builtin -ffunction-sections -fdata-sections -mcpu=cortex-m0 -mthumb -D__REDLIB__ -specs=redlib.specs -MMD -MP -MF"src/sysctl_11xx.d" -MT"src/sysctl_11xx.d" -o "src/sysctl_11xx.o" "../src/sysctl_11xx.c"
In file included from /Users/keller_reto/_work/TrainHub/TrainTracker/_workspace_LpcXpresso/lpc_chip_11cxx_lib/inc/chip.h:232:0,
                 from ../src/sysctl_11xx.c:29:
/Users/keller_reto/_work/TrainHub/TrainTracker/_workspace_LpcXpresso/lpc_chip_11cxx_lib/inc/pmu_11xx.h:49:8: warning: missing terminating " character [enabled by default]
 #error "LPC1125 support for the PMU driver is not ready
        ^
Finished building: ../src/sysctl_11xx.c
 
Building file: ../src/sysinit_11xx.c
Invoking: MCU C Compiler
arm-none-eabi-gcc -D__REDLIB__ -DDEBUG -D__CODE_RED -DCORE_M0 -I"/Users/keller_reto/_work/TrainHub/TrainTracker/_workspace_LpcXpresso/lpc_chip_11cxx_lib/inc" -Og -g3 -Wall -c -fmessage-length=0 -fno-builtin -ffunction-sections -fdata-sections -mcpu=cortex-m0 -mthumb -D__REDLIB__ -specs=redlib.specs -MMD -MP -MF"src/sysinit_11xx.d" -MT"src/sysinit_11xx.d" -o "src/sysinit_11xx.o" "../src/sysinit_11xx.c"
In file included from /Users/keller_reto/_work/TrainHub/TrainTracker/_workspace_LpcXpresso/lpc_chip_11cxx_lib/inc/chip.h:232:0,
                 from ../src/sysinit_11xx.c:32:
/Users/keller_reto/_work/TrainHub/TrainTracker/_workspace_LpcXpresso/lpc_chip_11cxx_lib/inc/pmu_11xx.h:49:8: warning: missing terminating " character [enabled by default]
 #error "LPC1125 support for the PMU driver is not ready
        ^
Finished building: ../src/sysinit_11xx.c
 
Building file: ../src/timer_11xx.c
Invoking: MCU C Compiler
arm-none-eabi-gcc -D__REDLIB__ -DDEBUG -D__CODE_RED -DCORE_M0 -I"/Users/keller_reto/_work/TrainHub/TrainTracker/_workspace_LpcXpresso/lpc_chip_11cxx_lib/inc" -Og -g3 -Wall -c -fmessage-length=0 -fno-builtin -ffunction-sections -fdata-sections -mcpu=cortex-m0 -mthumb -D__REDLIB__ -specs=redlib.specs -MMD -MP -MF"src/timer_11xx.d" -MT"src/timer_11xx.d" -o "src/timer_11xx.o" "../src/timer_11xx.c"
In file included from /Users/keller_reto/_work/TrainHub/TrainTracker/_workspace_LpcXpresso/lpc_chip_11cxx_lib/inc/chip.h:232:0,
                 from ../src/timer_11xx.c:32:
/Users/keller_reto/_work/TrainHub/TrainTracker/_workspace_LpcXpresso/lpc_chip_11cxx_lib/inc/pmu_11xx.h:49:8: warning: missing terminating " character [enabled by default]
 #error "LPC1125 support for the PMU driver is not ready
        ^
Finished building: ../src/timer_11xx.c
 
Building file: ../src/uart_11xx.c
Invoking: MCU C Compiler
arm-none-eabi-gcc -D__REDLIB__ -DDEBUG -D__CODE_RED -DCORE_M0 -I"/Users/keller_reto/_work/TrainHub/TrainTracker/_workspace_LpcXpresso/lpc_chip_11cxx_lib/inc" -Og -g3 -Wall -c -fmessage-length=0 -fno-builtin -ffunction-sections -fdata-sections -mcpu=cortex-m0 -mthumb -D__REDLIB__ -specs=redlib.specs -MMD -MP -MF"src/uart_11xx.d" -MT"src/uart_11xx.d" -o "src/uart_11xx.o" "../src/uart_11xx.c"
In file included from /Users/keller_reto/_work/TrainHub/TrainTracker/_workspace_LpcXpresso/lpc_chip_11cxx_lib/inc/chip.h:232:0,
                 from ../src/uart_11xx.c:32:
/Users/keller_reto/_work/TrainHub/TrainTracker/_workspace_LpcXpresso/lpc_chip_11cxx_lib/inc/pmu_11xx.h:49:8: warning: missing terminating " character [enabled by default]
 #error "LPC1125 support for the PMU driver is not ready
        ^
../src/uart_11xx.c: In function 'Chip_UART_SetBaudFDR':
../src/uart_11xx.c:267:10: warning: 'mval' may be used uninitialized in this function [-Wmaybe-uninitialized]
     mval &= 0xf;
          ^
Finished building: ../src/uart_11xx.c
 
Building file: ../src/wwdt_11xx.c
Invoking: MCU C Compiler
arm-none-eabi-gcc -D__REDLIB__ -DDEBUG -D__CODE_RED -DCORE_M0 -I"/Users/keller_reto/_work/TrainHub/TrainTracker/_workspace_LpcXpresso/lpc_chip_11cxx_lib/inc" -Og -g3 -Wall -c -fmessage-length=0 -fno-builtin -ffunction-sections -fdata-sections -mcpu=cortex-m0 -mthumb -D__REDLIB__ -specs=redlib.specs -MMD -MP -MF"src/wwdt_11xx.d" -MT"src/wwdt_11xx.d" -o "src/wwdt_11xx.o" "../src/wwdt_11xx.c"
In file included from /Users/keller_reto/_work/TrainHub/TrainTracker/_workspace_LpcXpresso/lpc_chip_11cxx_lib/inc/chip.h:232:0,
                 from ../src/wwdt_11xx.c:32:
/Users/keller_reto/_work/TrainHub/TrainTracker/_workspace_LpcXpresso/lpc_chip_11cxx_lib/inc/pmu_11xx.h:49:8: warning: missing terminating " character [enabled by default]
 #error "LPC1125 support for the PMU driver is not ready
        ^
Finished building: ../src/wwdt_11xx.c
 
Building target: liblpc_chip_11cxx_lib.a
Invoking: MCU Archiver
arm-none-eabi-ar -r  "liblpc_chip_11cxx_lib.a"  ./src/adc_1125.o ./src/adc_11xx.o ./src/chip_11xx.o ./src/clock_11xx.o ./src/gpio_11xx_1.o ./src/gpio_11xx_2.o ./src/gpiogroup_11xx.o ./src/i2c_11xx.o ./src/iocon_11xx.o ./src/pinint_11xx.o ./src/pmu_11xx.o ./src/ring_buffer.o ./src/ssp_11xx.o ./src/sysctl_11xx.o ./src/sysinit_11xx.o ./src/timer_11xx.o ./src/uart_11xx.o ./src/wwdt_11xx.o   
arm-none-eabi-ar: creating liblpc_chip_11cxx_lib.a
Finished building target: liblpc_chip_11cxx_lib.a
 
make --no-print-directory post-build
Performing post-build steps
arm-none-eabi-size "liblpc_chip_11cxx_lib.a" ; # arm-none-eabi-objdump -h -S "liblpc_chip_11cxx_lib.a" >"liblpc_chip_11cxx_lib.lss"
   text	   data	    bss	    dec	    hex	filename
      0	      0	      0	      0	      0	adc_1125.o (ex liblpc_chip_11cxx_lib.a)
    516	      0	      0	    516	    204	adc_11xx.o (ex liblpc_chip_11cxx_lib.a)
     16	      0	      0	     16	     10	chip_11xx.o (ex liblpc_chip_11cxx_lib.a)
    396	      0	      0	    396	    18c	clock_11xx.o (ex liblpc_chip_11cxx_lib.a)
      0	      0	      0	      0	      0	gpio_11xx_1.o (ex liblpc_chip_11cxx_lib.a)
    316	      0	      0	    316	    13c	gpio_11xx_2.o (ex liblpc_chip_11cxx_lib.a)
      0	      0	      0	      0	      0	gpiogroup_11xx.o (ex liblpc_chip_11cxx_lib.a)
   2232	     28	     40	   2300	    8fc	i2c_11xx.o (ex liblpc_chip_11cxx_lib.a)
      0	      0	      0	      0	      0	iocon_11xx.o (ex liblpc_chip_11cxx_lib.a)
      0	      0	      0	      0	      0	pinint_11xx.o (ex liblpc_chip_11cxx_lib.a)
     44	      0	      0	     44	     2c	pmu_11xx.o (ex liblpc_chip_11cxx_lib.a)
    360	      0	      0	    360	    168	ring_buffer.o (ex liblpc_chip_11cxx_lib.a)
   1320	      0	      0	   1320	    528	ssp_11xx.o (ex liblpc_chip_11cxx_lib.a)
    116	      0	      0	    116	     74	sysctl_11xx.o (ex liblpc_chip_11cxx_lib.a)
     96	      0	      0	     96	     60	sysinit_11xx.o (ex liblpc_chip_11cxx_lib.a)
    160	      0	      0	    160	     a0	timer_11xx.o (ex liblpc_chip_11cxx_lib.a)
    616	      0	      0	    616	    268	uart_11xx.o (ex liblpc_chip_11cxx_lib.a)
     84	      0	      0	     84	     54	wwdt_11xx.o (ex liblpc_chip_11cxx_lib.a)
 
23:27:41 **** Incremental Build of configuration Debug for project lpc_chip_11cxx_lib ****
make all 
make: Nothing to be done for `all'.
23:27:41 **** Build of configuration Debug for project nxp_lpcxpresso_11c24_board_lib ****
make all 
Building file: ../src/board.c
Invoking: MCU C Compiler
arm-none-eabi-gcc -D__REDLIB__ -DDEBUG -D__CODE_RED -DCORE_M0 -I"/Users/keller_reto/_work/TrainHub/TrainTracker/_workspace_LpcXpresso/lpc_chip_11cxx_lib/inc" -I"/Users/keller_reto/_work/TrainHub/TrainTracker/_workspace_LpcXpresso/nxp_lpcxpresso_11c24_board_lib/inc" -Og -g3 -Wall -c -fmessage-length=0 -fno-builtin -ffunction-sections -fdata-sections -mcpu=cortex-m0 -mthumb -D__REDLIB__ -specs=redlib.specs -MMD -MP -MF"src/board.d" -MT"src/board.d" -o "src/board.o" "../src/board.c"
In file included from /Users/keller_reto/_work/TrainHub/TrainTracker/_workspace_LpcXpresso/lpc_chip_11cxx_lib/inc/chip.h:232:0,
                 from /Users/keller_reto/_work/TrainHub/TrainTracker/_workspace_LpcXpresso/nxp_lpcxpresso_11c24_board_lib/inc/board.h:35,
                 from ../src/board.c:32:
/Users/keller_reto/_work/TrainHub/TrainTracker/_workspace_LpcXpresso/lpc_chip_11cxx_lib/inc/pmu_11xx.h:49:8: warning: missing terminating " character [enabled by default]
 #error "LPC1125 support for the PMU driver is not ready
        ^
Finished building: ../src/board.c
 
Building file: ../src/board_sysinit.c
Invoking: MCU C Compiler
arm-none-eabi-gcc -D__REDLIB__ -DDEBUG -D__CODE_RED -DCORE_M0 -I"/Users/keller_reto/_work/TrainHub/TrainTracker/_workspace_LpcXpresso/lpc_chip_11cxx_lib/inc" -I"/Users/keller_reto/_work/TrainHub/TrainTracker/_workspace_LpcXpresso/nxp_lpcxpresso_11c24_board_lib/inc" -Og -g3 -Wall -c -fmessage-length=0 -fno-builtin -ffunction-sections -fdata-sections -mcpu=cortex-m0 -mthumb -D__REDLIB__ -specs=redlib.specs -MMD -MP -MF"src/board_sysinit.d" -MT"src/board_sysinit.d" -o "src/board_sysinit.o" "../src/board_sysinit.c"
In file included from /Users/keller_reto/_work/TrainHub/TrainTracker/_workspace_LpcXpresso/lpc_chip_11cxx_lib/inc/chip.h:232:0,
                 from /Users/keller_reto/_work/TrainHub/TrainTracker/_workspace_LpcXpresso/nxp_lpcxpresso_11c24_board_lib/inc/board.h:35,
                 from ../src/board_sysinit.c:32:
/Users/keller_reto/_work/TrainHub/TrainTracker/_workspace_LpcXpresso/lpc_chip_11cxx_lib/inc/pmu_11xx.h:49:8: warning: missing terminating " character [enabled by default]
 #error "LPC1125 support for the PMU driver is not ready
        ^
Finished building: ../src/board_sysinit.c
 
Building target: libnxp_lpcxpresso_11c24_board_lib.a
Invoking: MCU Archiver
arm-none-eabi-ar -r  "libnxp_lpcxpresso_11c24_board_lib.a"  ./src/board.o ./src/board_sysinit.o   
arm-none-eabi-ar: creating libnxp_lpcxpresso_11c24_board_lib.a
Finished building target: libnxp_lpcxpresso_11c24_board_lib.a
 
make --no-print-directory post-build
Performing post-build steps
arm-none-eabi-size "libnxp_lpcxpresso_11c24_board_lib.a" ; # arm-none-eabi-objdump -h -S "libnxp_lpcxpresso_11c24_board_lib.a" >"libnxp_lpcxpresso_11c24_board_lib.lss"
   text	   data	    bss	    dec	    hex	filename
    264	      0	      0	    264	    108	board.o (ex libnxp_lpcxpresso_11c24_board_lib.a)
    208	      0	      0	    208	     d0	board_sysinit.o (ex libnxp_lpcxpresso_11c24_board_lib.a)
 
23:27:42 **** Incremental Build of configuration Debug for project nxp_lpcxpresso_11c24_board_lib ****
make all 
make: Nothing to be done for `all'.
23:27:43 **** Build of configuration Debug for project nxp_lpcxpresso_11c24_periph_uart ****
make all 
Building file: ../example/src/cr_startup_lpc11xx.c
Invoking: MCU C Compiler
arm-none-eabi-gcc -D__REDLIB__ -DDEBUG -D__CODE_RED -D__USE_LPCOPEN -DCORE_M0 -I"/Users/keller_reto/_work/TrainHub/TrainTracker/_workspace_LpcXpresso/nxp_lpcxpresso_11c24_periph_uart/example/inc" -I"/Users/keller_reto/_work/TrainHub/TrainTracker/_workspace_LpcXpresso/lpc_chip_11cxx_lib/inc" -I"/Users/keller_reto/_work/TrainHub/TrainTracker/_workspace_LpcXpresso/nxp_lpcxpresso_11c24_board_lib/inc" -Os -g3 -Wall -c -fmessage-length=0 -fno-builtin -ffunction-sections -fdata-sections -mcpu=cortex-m0 -mthumb -D__REDLIB__ -specs=redlib.specs -MMD -MP -MF"example/src/cr_startup_lpc11xx.d" -MT"example/src/cr_startup_lpc11xx.d" -o "example/src/cr_startup_lpc11xx.o" "../example/src/cr_startup_lpc11xx.c"
Finished building: ../example/src/cr_startup_lpc11xx.c
 
Building file: ../example/src/sysinit.c
Invoking: MCU C Compiler
arm-none-eabi-gcc -D__REDLIB__ -DDEBUG -D__CODE_RED -D__USE_LPCOPEN -DCORE_M0 -I"/Users/keller_reto/_work/TrainHub/TrainTracker/_workspace_LpcXpresso/nxp_lpcxpresso_11c24_periph_uart/example/inc" -I"/Users/keller_reto/_work/TrainHub/TrainTracker/_workspace_LpcXpresso/lpc_chip_11cxx_lib/inc" -I"/Users/keller_reto/_work/TrainHub/TrainTracker/_workspace_LpcXpresso/nxp_lpcxpresso_11c24_board_lib/inc" -Og -g3 -Wall -c -fmessage-length=0 -fno-builtin -ffunction-sections -fdata-sections -mcpu=cortex-m0 -mthumb -D__REDLIB__ -specs=redlib.specs -MMD -MP -MF"example/src/sysinit.d" -MT"example/src/sysinit.d" -o "example/src/sysinit.o" "../example/src/sysinit.c"
In file included from /Users/keller_reto/_work/TrainHub/TrainTracker/_workspace_LpcXpresso/lpc_chip_11cxx_lib/inc/chip.h:232:0,
                 from /Users/keller_reto/_work/TrainHub/TrainTracker/_workspace_LpcXpresso/nxp_lpcxpresso_11c24_board_lib/inc/board.h:35,
                 from ../example/src/sysinit.c:32:
/Users/keller_reto/_work/TrainHub/TrainTracker/_workspace_LpcXpresso/lpc_chip_11cxx_lib/inc/pmu_11xx.h:49:8: warning: missing terminating " character [enabled by default]
 #error "LPC1125 support for the PMU driver is not ready
        ^
Finished building: ../example/src/sysinit.c
 
Building file: ../example/src/uart.c
Invoking: MCU C Compiler
arm-none-eabi-gcc -D__REDLIB__ -DDEBUG -D__CODE_RED -D__USE_LPCOPEN -DCORE_M0 -I"/Users/keller_reto/_work/TrainHub/TrainTracker/_workspace_LpcXpresso/nxp_lpcxpresso_11c24_periph_uart/example/inc" -I"/Users/keller_reto/_work/TrainHub/TrainTracker/_workspace_LpcXpresso/lpc_chip_11cxx_lib/inc" -I"/Users/keller_reto/_work/TrainHub/TrainTracker/_workspace_LpcXpresso/nxp_lpcxpresso_11c24_board_lib/inc" -Og -g3 -Wall -c -fmessage-length=0 -fno-builtin -ffunction-sections -fdata-sections -mcpu=cortex-m0 -mthumb -D__REDLIB__ -specs=redlib.specs -MMD -MP -MF"example/src/uart.d" -MT"example/src/uart.d" -o "example/src/uart.o" "../example/src/uart.c"
In file included from /Users/keller_reto/_work/TrainHub/TrainTracker/_workspace_LpcXpresso/lpc_chip_11cxx_lib/inc/chip.h:232:0,
                 from ../example/src/uart.c:32:
/Users/keller_reto/_work/TrainHub/TrainTracker/_workspace_LpcXpresso/lpc_chip_11cxx_lib/inc/pmu_11xx.h:49:8: warning: missing terminating " character [enabled by default]
 #error "LPC1125 support for the PMU driver is not ready
        ^
Finished building: ../example/src/uart.c
 
Building target: nxp_lpcxpresso_11c24_periph_uart.axf
Invoking: MCU Linker
arm-none-eabi-gcc -nostdlib -L"/Users/keller_reto/_work/TrainHub/TrainTracker/_workspace_LpcXpresso/nxp_lpcxpresso_11c24_board_lib/Debug" -L"/Users/keller_reto/_work/TrainHub/TrainTracker/_workspace_LpcXpresso/lpc_chip_11cxx_lib/Debug" -Xlinker -Map="nxp_lpcxpresso_11c24_periph_uart.map" -Xlinker --gc-sections -mcpu=cortex-m0 -mthumb -T "nxp_lpcxpresso_11c24_periph_uart_Debug.ld" -o "nxp_lpcxpresso_11c24_periph_uart.axf"  ./example/src/cr_startup_lpc11xx.o ./example/src/sysinit.o ./example/src/uart.o   -lnxp_lpcxpresso_11c24_board_lib -llpc_chip_11cxx_lib
Finished building target: nxp_lpcxpresso_11c24_periph_uart.axf
 
make --no-print-directory post-build
Performing post-build steps
arm-none-eabi-size "nxp_lpcxpresso_11c24_periph_uart.axf"; # arm-none-eabi-objcopy -O binary "nxp_lpcxpresso_11c24_periph_uart.axf" "nxp_lpcxpresso_11c24_periph_uart.bin" ; checksum -p LPC11C24_301 -d "nxp_lpcxpresso_11c24_periph_uart.bin";
   text	   data	    bss	    dec	    hex	filename
   3984	      0	    540	   4524	   11ac	nxp_lpcxpresso_11c24_periph_uart.axf
 
23:27:45 **** Incremental Build of configuration Debug for project nxp_lpcxpresso_11c24_periph_uart ****
make all 
make: Nothing to be done for `all'.
23:28:06 **** Incremental Build of configuration Debug for project lpc_chip_11cxx_lib ****
make all 
make: Nothing to be done for `all'.
23:28:07 **** Incremental Build of configuration Debug for project nxp_lpcxpresso_11c24_board_lib ****
make all 
make: Nothing to be done for `all'.
23:28:08 **** Incremental Build of configuration Debug for project nxp_lpcxpresso_11c24_periph_uart ****
make all 
make: Nothing to be done for `all'.
23:29:19 **** Incremental Build of configuration Debug for project nxp_lpcxpresso_11c24_periph_uart ****
make all 
make: Nothing to be done for `all'.
23:37:34 **** Incremental Build of configuration Debug for project nxp_lpcxpresso_11c24_periph_uart ****
make all 
Building file: ../example/src/uart.c
Invoking: MCU C Compiler
arm-none-eabi-gcc -D__REDLIB__ -DDEBUG -D__CODE_RED -D__USE_LPCOPEN -DCORE_M0 -I"/Users/keller_reto/_work/TrainHub/TrainTracker/_workspace_LpcXpresso/nxp_lpcxpresso_11c24_periph_uart/example/inc" -I"/Users/keller_reto/_work/TrainHub/TrainTracker/_workspace_LpcXpresso/lpc_chip_11cxx_lib/inc" -I"/Users/keller_reto/_work/TrainHub/TrainTracker/_workspace_LpcXpresso/nxp_lpcxpresso_11c24_board_lib/inc" -Og -g3 -Wall -c -fmessage-length=0 -fno-builtin -ffunction-sections -fdata-sections -mcpu=cortex-m0 -mthumb -D__REDLIB__ -specs=redlib.specs -MMD -MP -MF"example/src/uart.d" -MT"example/src/uart.d" -o "example/src/uart.o" "../example/src/uart.c"
In file included from /Users/keller_reto/_work/TrainHub/TrainTracker/_workspace_LpcXpresso/lpc_chip_11cxx_lib/inc/chip.h:232:0,
                 from ../example/src/uart.c:32:
/Users/keller_reto/_work/TrainHub/TrainTracker/_workspace_LpcXpresso/lpc_chip_11cxx_lib/inc/pmu_11xx.h:49:8: warning: missing terminating " character [enabled by default]
 #error "LPC1125 support for the PMU driver is not ready
        ^
Finished building: ../example/src/uart.c
 
Building target: nxp_lpcxpresso_11c24_periph_uart.axf
Invoking: MCU Linker
arm-none-eabi-gcc -nostdlib -L"/Users/keller_reto/_work/TrainHub/TrainTracker/_workspace_LpcXpresso/nxp_lpcxpresso_11c24_board_lib/Debug" -L"/Users/keller_reto/_work/TrainHub/TrainTracker/_workspace_LpcXpresso/lpc_chip_11cxx_lib/Debug" -Xlinker -Map="nxp_lpcxpresso_11c24_periph_uart.map" -Xlinker --gc-sections -mcpu=cortex-m0 -mthumb -T "nxp_lpcxpresso_11c24_periph_uart_Debug.ld" -o "nxp_lpcxpresso_11c24_periph_uart.axf"  ./example/src/cr_startup_lpc11xx.o ./example/src/sysinit.o ./example/src/uart.o   -lnxp_lpcxpresso_11c24_board_lib -llpc_chip_11cxx_lib
Finished building target: nxp_lpcxpresso_11c24_periph_uart.axf
 
make --no-print-directory post-build
Performing post-build steps
arm-none-eabi-size "nxp_lpcxpresso_11c24_periph_uart.axf"; # arm-none-eabi-objcopy -O binary "nxp_lpcxpresso_11c24_periph_uart.axf" "nxp_lpcxpresso_11c24_periph_uart.bin" ; checksum -p LPC11C24_301 -d "nxp_lpcxpresso_11c24_periph_uart.bin";
   text	   data	    bss	    dec	    hex	filename
   4004	      0	    540	   4544	   11c0	nxp_lpcxpresso_11c24_periph_uart.axf
 
23:37:45 **** Incremental Build of configuration Debug for project lpc_chip_11cxx_lib ****
make all 
make: Nothing to be done for `all'.
23:37:46 **** Incremental Build of configuration Debug for project nxp_lpcxpresso_11c24_board_lib ****
make all 
make: Nothing to be done for `all'.
23:37:47 **** Incremental Build of configuration Debug for project nxp_lpcxpresso_11c24_periph_uart ****
make all 
make: Nothing to be done for `all'.
23:38:28 **** Incremental Build of configuration Debug for project lpc_chip_11cxx_lib ****
make all 
make: Nothing to be done for `all'.
23:38:29 **** Incremental Build of configuration Debug for project nxp_lpcxpresso_11c24_board_lib ****
make all 
make: Nothing to be done for `all'.
23:38:30 **** Incremental Build of configuration Debug for project nxp_lpcxpresso_11c24_periph_uart ****
make all 
make: Nothing to be done for `all'.
23:39:04 **** Incremental Build of configuration Debug for project nxp_lpcxpresso_11c24_periph_uart ****
make all 
make: Nothing to be done for `all'.
23:39:25 **** Incremental Build of configuration Debug for project lpc_chip_11cxx_lib ****
make all 
make: Nothing to be done for `all'.
23:39:26 **** Incremental Build of configuration Debug for project nxp_lpcxpresso_11c24_board_lib ****
make all 
make: Nothing to be done for `all'.
23:39:27 **** Incremental Build of configuration Debug for project nxp_lpcxpresso_11c24_periph_uart ****
make all 
make: Nothing to be done for `all'.
23:39:51 **** Incremental Build of configuration Debug for project lpc_chip_11cxx_lib ****
make all 
make: Nothing to be done for `all'.
23:39:52 **** Incremental Build of configuration Debug for project nxp_lpcxpresso_11c24_board_lib ****
make all 
make: Nothing to be done for `all'.
23:39:53 **** Incremental Build of configuration Debug for project nxp_lpcxpresso_11c24_periph_uart ****
make all 
make: Nothing to be done for `all'.
23:41:04 **** Clean-only build of configuration Debug for project lpc_chip_11cxx_lib ****
make clean 
rm -rf  ./src/adc_1125.o ./src/adc_11xx.o ./src/chip_11xx.o ./src/clock_11xx.o ./src/gpio_11xx_1.o ./src/gpio_11xx_2.o ./src/gpiogroup_11xx.o ./src/i2c_11xx.o ./src/iocon_11xx.o ./src/pinint_11xx.o ./src/pmu_11xx.o ./src/ring_buffer.o ./src/ssp_11xx.o ./src/sysctl_11xx.o ./src/sysinit_11xx.o ./src/timer_11xx.o ./src/uart_11xx.o ./src/wwdt_11xx.o  ./src/adc_1125.d ./src/adc_11xx.d ./src/chip_11xx.d ./src/clock_11xx.d ./src/gpio_11xx_1.d ./src/gpio_11xx_2.d ./src/gpiogroup_11xx.d ./src/i2c_11xx.d ./src/iocon_11xx.d ./src/pinint_11xx.d ./src/pmu_11xx.d ./src/ring_buffer.d ./src/ssp_11xx.d ./src/sysctl_11xx.d ./src/sysinit_11xx.d ./src/timer_11xx.d ./src/uart_11xx.d ./src/wwdt_11xx.d  liblpc_chip_11cxx_lib.a
 
23:41:04 **** Clean-only build of configuration Debug for project nxp_lpcxpresso_11c24_board_lib ****
make clean 
rm -rf  ./src/board.o ./src/board_sysinit.o  ./src/board.d ./src/board_sysinit.d  libnxp_lpcxpresso_11c24_board_lib.a
 
23:41:04 **** Clean-only build of configuration Debug for project nxp_lpcxpresso_11c24_periph_uart ****
make clean 
rm -rf  ./example/src/cr_startup_lpc11xx.o ./example/src/sysinit.o ./example/src/uart.o  ./example/src/cr_startup_lpc11xx.d ./example/src/sysinit.d ./example/src/uart.d  nxp_lpcxpresso_11c24_periph_uart.axf
 
23:41:19 **** Build of configuration Debug for project lpc_chip_11cxx_lib ****
make all 
Building file: ../src/adc_1125.c
Invoking: MCU C Compiler
arm-none-eabi-gcc -D__REDLIB__ -DDEBUG -D__CODE_RED -DCORE_M0 -I"/Users/keller_reto/_work/TrainHub/TrainTracker/_workspace_LpcXpresso/lpc_chip_11cxx_lib/inc" -Og -g3 -Wall -c -fmessage-length=0 -fno-builtin -ffunction-sections -fdata-sections -mcpu=cortex-m0 -mthumb -D__REDLIB__ -specs=redlib.specs -MMD -MP -MF"src/adc_1125.d" -MT"src/adc_1125.d" -o "src/adc_1125.o" "../src/adc_1125.c"
In file included from /Users/keller_reto/_work/TrainHub/TrainTracker/_workspace_LpcXpresso/lpc_chip_11cxx_lib/inc/chip.h:232:0,
                 from ../src/adc_1125.c:32:
/Users/keller_reto/_work/TrainHub/TrainTracker/_workspace_LpcXpresso/lpc_chip_11cxx_lib/inc/pmu_11xx.h:49:8: warning: missing terminating " character [enabled by default]
 #error "LPC1125 support for the PMU driver is not ready
        ^
Finished building: ../src/adc_1125.c
 
Building file: ../src/adc_11xx.c
Invoking: MCU C Compiler
arm-none-eabi-gcc -D__REDLIB__ -DDEBUG -D__CODE_RED -DCORE_M0 -I"/Users/keller_reto/_work/TrainHub/TrainTracker/_workspace_LpcXpresso/lpc_chip_11cxx_lib/inc" -Og -g3 -Wall -c -fmessage-length=0 -fno-builtin -ffunction-sections -fdata-sections -mcpu=cortex-m0 -mthumb -D__REDLIB__ -specs=redlib.specs -MMD -MP -MF"src/adc_11xx.d" -MT"src/adc_11xx.d" -o "src/adc_11xx.o" "../src/adc_11xx.c"
In file included from /Users/keller_reto/_work/TrainHub/TrainTracker/_workspace_LpcXpresso/lpc_chip_11cxx_lib/inc/chip.h:232:0,
                 from ../src/adc_11xx.c:32:
/Users/keller_reto/_work/TrainHub/TrainTracker/_workspace_LpcXpresso/lpc_chip_11cxx_lib/inc/pmu_11xx.h:49:8: warning: missing terminating " character [enabled by default]
 #error "LPC1125 support for the PMU driver is not ready
        ^
Finished building: ../src/adc_11xx.c
 
Building file: ../src/chip_11xx.c
Invoking: MCU C Compiler
arm-none-eabi-gcc -D__REDLIB__ -DDEBUG -D__CODE_RED -DCORE_M0 -I"/Users/keller_reto/_work/TrainHub/TrainTracker/_workspace_LpcXpresso/lpc_chip_11cxx_lib/inc" -Og -g3 -Wall -c -fmessage-length=0 -fno-builtin -ffunction-sections -fdata-sections -mcpu=cortex-m0 -mthumb -D__REDLIB__ -specs=redlib.specs -MMD -MP -MF"src/chip_11xx.d" -MT"src/chip_11xx.d" -o "src/chip_11xx.o" "../src/chip_11xx.c"
In file included from /Users/keller_reto/_work/TrainHub/TrainTracker/_workspace_LpcXpresso/lpc_chip_11cxx_lib/inc/chip.h:232:0,
                 from ../src/chip_11xx.c:32:
/Users/keller_reto/_work/TrainHub/TrainTracker/_workspace_LpcXpresso/lpc_chip_11cxx_lib/inc/pmu_11xx.h:49:8: warning: missing terminating " character [enabled by default]
 #error "LPC1125 support for the PMU driver is not ready
        ^
Finished building: ../src/chip_11xx.c
 
Building file: ../src/clock_11xx.c
Invoking: MCU C Compiler
arm-none-eabi-gcc -D__REDLIB__ -DDEBUG -D__CODE_RED -DCORE_M0 -I"/Users/keller_reto/_work/TrainHub/TrainTracker/_workspace_LpcXpresso/lpc_chip_11cxx_lib/inc" -Og -g3 -Wall -c -fmessage-length=0 -fno-builtin -ffunction-sections -fdata-sections -mcpu=cortex-m0 -mthumb -D__REDLIB__ -specs=redlib.specs -MMD -MP -MF"src/clock_11xx.d" -MT"src/clock_11xx.d" -o "src/clock_11xx.o" "../src/clock_11xx.c"
In file included from /Users/keller_reto/_work/TrainHub/TrainTracker/_workspace_LpcXpresso/lpc_chip_11cxx_lib/inc/chip.h:232:0,
                 from ../src/clock_11xx.c:29:
/Users/keller_reto/_work/TrainHub/TrainTracker/_workspace_LpcXpresso/lpc_chip_11cxx_lib/inc/pmu_11xx.h:49:8: warning: missing terminating " character [enabled by default]
 #error "LPC1125 support for the PMU driver is not ready
        ^
Finished building: ../src/clock_11xx.c
 
Building file: ../src/gpio_11xx_1.c
Invoking: MCU C Compiler
arm-none-eabi-gcc -D__REDLIB__ -DDEBUG -D__CODE_RED -DCORE_M0 -I"/Users/keller_reto/_work/TrainHub/TrainTracker/_workspace_LpcXpresso/lpc_chip_11cxx_lib/inc" -Og -g3 -Wall -c -fmessage-length=0 -fno-builtin -ffunction-sections -fdata-sections -mcpu=cortex-m0 -mthumb -D__REDLIB__ -specs=redlib.specs -MMD -MP -MF"src/gpio_11xx_1.d" -MT"src/gpio_11xx_1.d" -o "src/gpio_11xx_1.o" "../src/gpio_11xx_1.c"
In file included from /Users/keller_reto/_work/TrainHub/TrainTracker/_workspace_LpcXpresso/lpc_chip_11cxx_lib/inc/chip.h:232:0,
                 from ../src/gpio_11xx_1.c:33:
/Users/keller_reto/_work/TrainHub/TrainTracker/_workspace_LpcXpresso/lpc_chip_11cxx_lib/inc/pmu_11xx.h:49:8: warning: missing terminating " character [enabled by default]
 #error "LPC1125 support for the PMU driver is not ready
        ^
Finished building: ../src/gpio_11xx_1.c
 
Building file: ../src/gpio_11xx_2.c
Invoking: MCU C Compiler
arm-none-eabi-gcc -D__REDLIB__ -DDEBUG -D__CODE_RED -DCORE_M0 -I"/Users/keller_reto/_work/TrainHub/TrainTracker/_workspace_LpcXpresso/lpc_chip_11cxx_lib/inc" -Og -g3 -Wall -c -fmessage-length=0 -fno-builtin -ffunction-sections -fdata-sections -mcpu=cortex-m0 -mthumb -D__REDLIB__ -specs=redlib.specs -MMD -MP -MF"src/gpio_11xx_2.d" -MT"src/gpio_11xx_2.d" -o "src/gpio_11xx_2.o" "../src/gpio_11xx_2.c"
In file included from /Users/keller_reto/_work/TrainHub/TrainTracker/_workspace_LpcXpresso/lpc_chip_11cxx_lib/inc/chip.h:232:0,
                 from ../src/gpio_11xx_2.c:33:
/Users/keller_reto/_work/TrainHub/TrainTracker/_workspace_LpcXpresso/lpc_chip_11cxx_lib/inc/pmu_11xx.h:49:8: warning: missing terminating " character [enabled by default]
 #error "LPC1125 support for the PMU driver is not ready
        ^
Finished building: ../src/gpio_11xx_2.c
 
Building file: ../src/gpiogroup_11xx.c
Invoking: MCU C Compiler
arm-none-eabi-gcc -D__REDLIB__ -DDEBUG -D__CODE_RED -DCORE_M0 -I"/Users/keller_reto/_work/TrainHub/TrainTracker/_workspace_LpcXpresso/lpc_chip_11cxx_lib/inc" -Og -g3 -Wall -c -fmessage-length=0 -fno-builtin -ffunction-sections -fdata-sections -mcpu=cortex-m0 -mthumb -D__REDLIB__ -specs=redlib.specs -MMD -MP -MF"src/gpiogroup_11xx.d" -MT"src/gpiogroup_11xx.d" -o "src/gpiogroup_11xx.o" "../src/gpiogroup_11xx.c"
In file included from /Users/keller_reto/_work/TrainHub/TrainTracker/_workspace_LpcXpresso/lpc_chip_11cxx_lib/inc/chip.h:232:0,
                 from ../src/gpiogroup_11xx.c:33:
/Users/keller_reto/_work/TrainHub/TrainTracker/_workspace_LpcXpresso/lpc_chip_11cxx_lib/inc/pmu_11xx.h:49:8: warning: missing terminating " character [enabled by default]
 #error "LPC1125 support for the PMU driver is not ready
        ^
Finished building: ../src/gpiogroup_11xx.c
 
Building file: ../src/i2c_11xx.c
Invoking: MCU C Compiler
arm-none-eabi-gcc -D__REDLIB__ -DDEBUG -D__CODE_RED -DCORE_M0 -I"/Users/keller_reto/_work/TrainHub/TrainTracker/_workspace_LpcXpresso/lpc_chip_11cxx_lib/inc" -Og -g3 -Wall -c -fmessage-length=0 -fno-builtin -ffunction-sections -fdata-sections -mcpu=cortex-m0 -mthumb -D__REDLIB__ -specs=redlib.specs -MMD -MP -MF"src/i2c_11xx.d" -MT"src/i2c_11xx.d" -o "src/i2c_11xx.o" "../src/i2c_11xx.c"
In file included from /Users/keller_reto/_work/TrainHub/TrainTracker/_workspace_LpcXpresso/lpc_chip_11cxx_lib/inc/chip.h:232:0,
                 from ../src/i2c_11xx.c:32:
/Users/keller_reto/_work/TrainHub/TrainTracker/_workspace_LpcXpresso/lpc_chip_11cxx_lib/inc/pmu_11xx.h:49:8: warning: missing terminating " character [enabled by default]
 #error "LPC1125 support for the PMU driver is not ready
        ^
Finished building: ../src/i2c_11xx.c
 
Building file: ../src/iocon_11xx.c
Invoking: MCU C Compiler
arm-none-eabi-gcc -D__REDLIB__ -DDEBUG -D__CODE_RED -DCORE_M0 -I"/Users/keller_reto/_work/TrainHub/TrainTracker/_workspace_LpcXpresso/lpc_chip_11cxx_lib/inc" -Og -g3 -Wall -c -fmessage-length=0 -fno-builtin -ffunction-sections -fdata-sections -mcpu=cortex-m0 -mthumb -D__REDLIB__ -specs=redlib.specs -MMD -MP -MF"src/iocon_11xx.d" -MT"src/iocon_11xx.d" -o "src/iocon_11xx.o" "../src/iocon_11xx.c"
In file included from /Users/keller_reto/_work/TrainHub/TrainTracker/_workspace_LpcXpresso/lpc_chip_11cxx_lib/inc/chip.h:232:0,
                 from ../src/iocon_11xx.c:29:
/Users/keller_reto/_work/TrainHub/TrainTracker/_workspace_LpcXpresso/lpc_chip_11cxx_lib/inc/pmu_11xx.h:49:8: warning: missing terminating " character [enabled by default]
 #error "LPC1125 support for the PMU driver is not ready
        ^
Finished building: ../src/iocon_11xx.c
 
Building file: ../src/pinint_11xx.c
Invoking: MCU C Compiler
arm-none-eabi-gcc -D__REDLIB__ -DDEBUG -D__CODE_RED -DCORE_M0 -I"/Users/keller_reto/_work/TrainHub/TrainTracker/_workspace_LpcXpresso/lpc_chip_11cxx_lib/inc" -Og -g3 -Wall -c -fmessage-length=0 -fno-builtin -ffunction-sections -fdata-sections -mcpu=cortex-m0 -mthumb -D__REDLIB__ -specs=redlib.specs -MMD -MP -MF"src/pinint_11xx.d" -MT"src/pinint_11xx.d" -o "src/pinint_11xx.o" "../src/pinint_11xx.c"
In file included from /Users/keller_reto/_work/TrainHub/TrainTracker/_workspace_LpcXpresso/lpc_chip_11cxx_lib/inc/chip.h:232:0,
                 from ../src/pinint_11xx.c:32:
/Users/keller_reto/_work/TrainHub/TrainTracker/_workspace_LpcXpresso/lpc_chip_11cxx_lib/inc/pmu_11xx.h:49:8: warning: missing terminating " character [enabled by default]
 #error "LPC1125 support for the PMU driver is not ready
        ^
Finished building: ../src/pinint_11xx.c
 
Building file: ../src/pmu_11xx.c
Invoking: MCU C Compiler
arm-none-eabi-gcc -D__REDLIB__ -DDEBUG -D__CODE_RED -DCORE_M0 -I"/Users/keller_reto/_work/TrainHub/TrainTracker/_workspace_LpcXpresso/lpc_chip_11cxx_lib/inc" -Og -g3 -Wall -c -fmessage-length=0 -fno-builtin -ffunction-sections -fdata-sections -mcpu=cortex-m0 -mthumb -D__REDLIB__ -specs=redlib.specs -MMD -MP -MF"src/pmu_11xx.d" -MT"src/pmu_11xx.d" -o "src/pmu_11xx.o" "../src/pmu_11xx.c"
In file included from /Users/keller_reto/_work/TrainHub/TrainTracker/_workspace_LpcXpresso/lpc_chip_11cxx_lib/inc/chip.h:232:0,
                 from ../src/pmu_11xx.c:32:
/Users/keller_reto/_work/TrainHub/TrainTracker/_workspace_LpcXpresso/lpc_chip_11cxx_lib/inc/pmu_11xx.h:49:8: warning: missing terminating " character [enabled by default]
 #error "LPC1125 support for the PMU driver is not ready
        ^
Finished building: ../src/pmu_11xx.c
 
Building file: ../src/ring_buffer.c
Invoking: MCU C Compiler
arm-none-eabi-gcc -D__REDLIB__ -DDEBUG -D__CODE_RED -DCORE_M0 -I"/Users/keller_reto/_work/TrainHub/TrainTracker/_workspace_LpcXpresso/lpc_chip_11cxx_lib/inc" -Og -g3 -Wall -c -fmessage-length=0 -fno-builtin -ffunction-sections -fdata-sections -mcpu=cortex-m0 -mthumb -D__REDLIB__ -specs=redlib.specs -MMD -MP -MF"src/ring_buffer.d" -MT"src/ring_buffer.d" -o "src/ring_buffer.o" "../src/ring_buffer.c"
Finished building: ../src/ring_buffer.c
 
Building file: ../src/ssp_11xx.c
Invoking: MCU C Compiler
arm-none-eabi-gcc -D__REDLIB__ -DDEBUG -D__CODE_RED -DCORE_M0 -I"/Users/keller_reto/_work/TrainHub/TrainTracker/_workspace_LpcXpresso/lpc_chip_11cxx_lib/inc" -Og -g3 -Wall -c -fmessage-length=0 -fno-builtin -ffunction-sections -fdata-sections -mcpu=cortex-m0 -mthumb -D__REDLIB__ -specs=redlib.specs -MMD -MP -MF"src/ssp_11xx.d" -MT"src/ssp_11xx.d" -o "src/ssp_11xx.o" "../src/ssp_11xx.c"
In file included from /Users/keller_reto/_work/TrainHub/TrainTracker/_workspace_LpcXpresso/lpc_chip_11cxx_lib/inc/chip.h:232:0,
                 from ../src/ssp_11xx.c:32:
/Users/keller_reto/_work/TrainHub/TrainTracker/_workspace_LpcXpresso/lpc_chip_11cxx_lib/inc/pmu_11xx.h:49:8: warning: missing terminating " character [enabled by default]
 #error "LPC1125 support for the PMU driver is not ready
        ^
Finished building: ../src/ssp_11xx.c
 
Building file: ../src/sysctl_11xx.c
Invoking: MCU C Compiler
arm-none-eabi-gcc -D__REDLIB__ -DDEBUG -D__CODE_RED -DCORE_M0 -I"/Users/keller_reto/_work/TrainHub/TrainTracker/_workspace_LpcXpresso/lpc_chip_11cxx_lib/inc" -Og -g3 -Wall -c -fmessage-length=0 -fno-builtin -ffunction-sections -fdata-sections -mcpu=cortex-m0 -mthumb -D__REDLIB__ -specs=redlib.specs -MMD -MP -MF"src/sysctl_11xx.d" -MT"src/sysctl_11xx.d" -o "src/sysctl_11xx.o" "../src/sysctl_11xx.c"
In file included from /Users/keller_reto/_work/TrainHub/TrainTracker/_workspace_LpcXpresso/lpc_chip_11cxx_lib/inc/chip.h:232:0,
                 from ../src/sysctl_11xx.c:29:
/Users/keller_reto/_work/TrainHub/TrainTracker/_workspace_LpcXpresso/lpc_chip_11cxx_lib/inc/pmu_11xx.h:49:8: warning: missing terminating " character [enabled by default]
 #error "LPC1125 support for the PMU driver is not ready
        ^
Finished building: ../src/sysctl_11xx.c
 
Building file: ../src/sysinit_11xx.c
Invoking: MCU C Compiler
arm-none-eabi-gcc -D__REDLIB__ -DDEBUG -D__CODE_RED -DCORE_M0 -I"/Users/keller_reto/_work/TrainHub/TrainTracker/_workspace_LpcXpresso/lpc_chip_11cxx_lib/inc" -Og -g3 -Wall -c -fmessage-length=0 -fno-builtin -ffunction-sections -fdata-sections -mcpu=cortex-m0 -mthumb -D__REDLIB__ -specs=redlib.specs -MMD -MP -MF"src/sysinit_11xx.d" -MT"src/sysinit_11xx.d" -o "src/sysinit_11xx.o" "../src/sysinit_11xx.c"
In file included from /Users/keller_reto/_work/TrainHub/TrainTracker/_workspace_LpcXpresso/lpc_chip_11cxx_lib/inc/chip.h:232:0,
                 from ../src/sysinit_11xx.c:32:
/Users/keller_reto/_work/TrainHub/TrainTracker/_workspace_LpcXpresso/lpc_chip_11cxx_lib/inc/pmu_11xx.h:49:8: warning: missing terminating " character [enabled by default]
 #error "LPC1125 support for the PMU driver is not ready
        ^
Finished building: ../src/sysinit_11xx.c
 
Building file: ../src/timer_11xx.c
Invoking: MCU C Compiler
arm-none-eabi-gcc -D__REDLIB__ -DDEBUG -D__CODE_RED -DCORE_M0 -I"/Users/keller_reto/_work/TrainHub/TrainTracker/_workspace_LpcXpresso/lpc_chip_11cxx_lib/inc" -Og -g3 -Wall -c -fmessage-length=0 -fno-builtin -ffunction-sections -fdata-sections -mcpu=cortex-m0 -mthumb -D__REDLIB__ -specs=redlib.specs -MMD -MP -MF"src/timer_11xx.d" -MT"src/timer_11xx.d" -o "src/timer_11xx.o" "../src/timer_11xx.c"
In file included from /Users/keller_reto/_work/TrainHub/TrainTracker/_workspace_LpcXpresso/lpc_chip_11cxx_lib/inc/chip.h:232:0,
                 from ../src/timer_11xx.c:32:
/Users/keller_reto/_work/TrainHub/TrainTracker/_workspace_LpcXpresso/lpc_chip_11cxx_lib/inc/pmu_11xx.h:49:8: warning: missing terminating " character [enabled by default]
 #error "LPC1125 support for the PMU driver is not ready
        ^
Finished building: ../src/timer_11xx.c
 
Building file: ../src/uart_11xx.c
Invoking: MCU C Compiler
arm-none-eabi-gcc -D__REDLIB__ -DDEBUG -D__CODE_RED -DCORE_M0 -I"/Users/keller_reto/_work/TrainHub/TrainTracker/_workspace_LpcXpresso/lpc_chip_11cxx_lib/inc" -Og -g3 -Wall -c -fmessage-length=0 -fno-builtin -ffunction-sections -fdata-sections -mcpu=cortex-m0 -mthumb -D__REDLIB__ -specs=redlib.specs -MMD -MP -MF"src/uart_11xx.d" -MT"src/uart_11xx.d" -o "src/uart_11xx.o" "../src/uart_11xx.c"
In file included from /Users/keller_reto/_work/TrainHub/TrainTracker/_workspace_LpcXpresso/lpc_chip_11cxx_lib/inc/chip.h:232:0,
                 from ../src/uart_11xx.c:32:
/Users/keller_reto/_work/TrainHub/TrainTracker/_workspace_LpcXpresso/lpc_chip_11cxx_lib/inc/pmu_11xx.h:49:8: warning: missing terminating " character [enabled by default]
 #error "LPC1125 support for the PMU driver is not ready
        ^
../src/uart_11xx.c: In function 'Chip_UART_SetBaudFDR':
../src/uart_11xx.c:267:10: warning: 'mval' may be used uninitialized in this function [-Wmaybe-uninitialized]
     mval &= 0xf;
          ^
Finished building: ../src/uart_11xx.c
 
Building file: ../src/wwdt_11xx.c
Invoking: MCU C Compiler
arm-none-eabi-gcc -D__REDLIB__ -DDEBUG -D__CODE_RED -DCORE_M0 -I"/Users/keller_reto/_work/TrainHub/TrainTracker/_workspace_LpcXpresso/lpc_chip_11cxx_lib/inc" -Og -g3 -Wall -c -fmessage-length=0 -fno-builtin -ffunction-sections -fdata-sections -mcpu=cortex-m0 -mthumb -D__REDLIB__ -specs=redlib.specs -MMD -MP -MF"src/wwdt_11xx.d" -MT"src/wwdt_11xx.d" -o "src/wwdt_11xx.o" "../src/wwdt_11xx.c"
In file included from /Users/keller_reto/_work/TrainHub/TrainTracker/_workspace_LpcXpresso/lpc_chip_11cxx_lib/inc/chip.h:232:0,
                 from ../src/wwdt_11xx.c:32:
/Users/keller_reto/_work/TrainHub/TrainTracker/_workspace_LpcXpresso/lpc_chip_11cxx_lib/inc/pmu_11xx.h:49:8: warning: missing terminating " character [enabled by default]
 #error "LPC1125 support for the PMU driver is not ready
        ^
Finished building: ../src/wwdt_11xx.c
 
Building target: liblpc_chip_11cxx_lib.a
Invoking: MCU Archiver
arm-none-eabi-ar -r  "liblpc_chip_11cxx_lib.a"  ./src/adc_1125.o ./src/adc_11xx.o ./src/chip_11xx.o ./src/clock_11xx.o ./src/gpio_11xx_1.o ./src/gpio_11xx_2.o ./src/gpiogroup_11xx.o ./src/i2c_11xx.o ./src/iocon_11xx.o ./src/pinint_11xx.o ./src/pmu_11xx.o ./src/ring_buffer.o ./src/ssp_11xx.o ./src/sysctl_11xx.o ./src/sysinit_11xx.o ./src/timer_11xx.o ./src/uart_11xx.o ./src/wwdt_11xx.o   
arm-none-eabi-ar: creating liblpc_chip_11cxx_lib.a
Finished building target: liblpc_chip_11cxx_lib.a
 
make --no-print-directory post-build
Performing post-build steps
arm-none-eabi-size "liblpc_chip_11cxx_lib.a" ; # arm-none-eabi-objdump -h -S "liblpc_chip_11cxx_lib.a" >"liblpc_chip_11cxx_lib.lss"
   text	   data	    bss	    dec	    hex	filename
      0	      0	      0	      0	      0	adc_1125.o (ex liblpc_chip_11cxx_lib.a)
    516	      0	      0	    516	    204	adc_11xx.o (ex liblpc_chip_11cxx_lib.a)
     16	      0	      0	     16	     10	chip_11xx.o (ex liblpc_chip_11cxx_lib.a)
    396	      0	      0	    396	    18c	clock_11xx.o (ex liblpc_chip_11cxx_lib.a)
      0	      0	      0	      0	      0	gpio_11xx_1.o (ex liblpc_chip_11cxx_lib.a)
    316	      0	      0	    316	    13c	gpio_11xx_2.o (ex liblpc_chip_11cxx_lib.a)
      0	      0	      0	      0	      0	gpiogroup_11xx.o (ex liblpc_chip_11cxx_lib.a)
   2232	     28	     40	   2300	    8fc	i2c_11xx.o (ex liblpc_chip_11cxx_lib.a)
      0	      0	      0	      0	      0	iocon_11xx.o (ex liblpc_chip_11cxx_lib.a)
      0	      0	      0	      0	      0	pinint_11xx.o (ex liblpc_chip_11cxx_lib.a)
     44	      0	      0	     44	     2c	pmu_11xx.o (ex liblpc_chip_11cxx_lib.a)
    360	      0	      0	    360	    168	ring_buffer.o (ex liblpc_chip_11cxx_lib.a)
   1320	      0	      0	   1320	    528	ssp_11xx.o (ex liblpc_chip_11cxx_lib.a)
    116	      0	      0	    116	     74	sysctl_11xx.o (ex liblpc_chip_11cxx_lib.a)
     96	      0	      0	     96	     60	sysinit_11xx.o (ex liblpc_chip_11cxx_lib.a)
    160	      0	      0	    160	     a0	timer_11xx.o (ex liblpc_chip_11cxx_lib.a)
    616	      0	      0	    616	    268	uart_11xx.o (ex liblpc_chip_11cxx_lib.a)
     84	      0	      0	     84	     54	wwdt_11xx.o (ex liblpc_chip_11cxx_lib.a)
 
23:41:23 **** Build of configuration Debug for project nxp_lpcxpresso_11c24_board_lib ****
make all 
Building file: ../src/board.c
Invoking: MCU C Compiler
arm-none-eabi-gcc -D__REDLIB__ -DDEBUG -D__CODE_RED -DCORE_M0 -I"/Users/keller_reto/_work/TrainHub/TrainTracker/_workspace_LpcXpresso/lpc_chip_11cxx_lib/inc" -I"/Users/keller_reto/_work/TrainHub/TrainTracker/_workspace_LpcXpresso/nxp_lpcxpresso_11c24_board_lib/inc" -Og -g3 -Wall -c -fmessage-length=0 -fno-builtin -ffunction-sections -fdata-sections -mcpu=cortex-m0 -mthumb -D__REDLIB__ -specs=redlib.specs -MMD -MP -MF"src/board.d" -MT"src/board.d" -o "src/board.o" "../src/board.c"
In file included from /Users/keller_reto/_work/TrainHub/TrainTracker/_workspace_LpcXpresso/lpc_chip_11cxx_lib/inc/chip.h:232:0,
                 from /Users/keller_reto/_work/TrainHub/TrainTracker/_workspace_LpcXpresso/nxp_lpcxpresso_11c24_board_lib/inc/board.h:35,
                 from ../src/board.c:32:
/Users/keller_reto/_work/TrainHub/TrainTracker/_workspace_LpcXpresso/lpc_chip_11cxx_lib/inc/pmu_11xx.h:49:8: warning: missing terminating " character [enabled by default]
 #error "LPC1125 support for the PMU driver is not ready
        ^
Finished building: ../src/board.c
 
Building file: ../src/board_sysinit.c
Invoking: MCU C Compiler
arm-none-eabi-gcc -D__REDLIB__ -DDEBUG -D__CODE_RED -DCORE_M0 -I"/Users/keller_reto/_work/TrainHub/TrainTracker/_workspace_LpcXpresso/lpc_chip_11cxx_lib/inc" -I"/Users/keller_reto/_work/TrainHub/TrainTracker/_workspace_LpcXpresso/nxp_lpcxpresso_11c24_board_lib/inc" -Og -g3 -Wall -c -fmessage-length=0 -fno-builtin -ffunction-sections -fdata-sections -mcpu=cortex-m0 -mthumb -D__REDLIB__ -specs=redlib.specs -MMD -MP -MF"src/board_sysinit.d" -MT"src/board_sysinit.d" -o "src/board_sysinit.o" "../src/board_sysinit.c"
In file included from /Users/keller_reto/_work/TrainHub/TrainTracker/_workspace_LpcXpresso/lpc_chip_11cxx_lib/inc/chip.h:232:0,
                 from /Users/keller_reto/_work/TrainHub/TrainTracker/_workspace_LpcXpresso/nxp_lpcxpresso_11c24_board_lib/inc/board.h:35,
                 from ../src/board_sysinit.c:32:
/Users/keller_reto/_work/TrainHub/TrainTracker/_workspace_LpcXpresso/lpc_chip_11cxx_lib/inc/pmu_11xx.h:49:8: warning: missing terminating " character [enabled by default]
 #error "LPC1125 support for the PMU driver is not ready
        ^
Finished building: ../src/board_sysinit.c
 
Building target: libnxp_lpcxpresso_11c24_board_lib.a
Invoking: MCU Archiver
arm-none-eabi-ar -r  "libnxp_lpcxpresso_11c24_board_lib.a"  ./src/board.o ./src/board_sysinit.o   
arm-none-eabi-ar: creating libnxp_lpcxpresso_11c24_board_lib.a
Finished building target: libnxp_lpcxpresso_11c24_board_lib.a
 
make --no-print-directory post-build
Performing post-build steps
arm-none-eabi-size "libnxp_lpcxpresso_11c24_board_lib.a" ; # arm-none-eabi-objdump -h -S "libnxp_lpcxpresso_11c24_board_lib.a" >"libnxp_lpcxpresso_11c24_board_lib.lss"
   text	   data	    bss	    dec	    hex	filename
    264	      0	      0	    264	    108	board.o (ex libnxp_lpcxpresso_11c24_board_lib.a)
    208	      0	      0	    208	     d0	board_sysinit.o (ex libnxp_lpcxpresso_11c24_board_lib.a)
 
23:41:24 **** Incremental Build of configuration Debug for project nxp_lpcxpresso_11c24_freertos_blinky ****
make all 
Building target: nxp_lpcxpresso_11c24_freertos_blinky.axf
Invoking: MCU Linker
arm-none-eabi-gcc -nostdlib -L"/Users/keller_reto/_work/TrainHub/TrainTracker/_workspace_LpcXpresso/nxp_lpcxpresso_11c24_board_lib/Debug" -L"/Users/keller_reto/_work/TrainHub/TrainTracker/_workspace_LpcXpresso/lpc_chip_11cxx_lib/Debug" -Xlinker -Map="nxp_lpcxpresso_11c24_freertos_blinky.map" -Xlinker --gc-sections -mcpu=cortex-m0 -mthumb -T "nxp_lpcxpresso_11c24_freertos_blinky_Debug.ld" -o "nxp_lpcxpresso_11c24_freertos_blinky.axf"  ./freertos/src/FreeRTOSCommonHooks.o ./freertos/src/croutine.o ./freertos/src/heap_1.o ./freertos/src/list.o ./freertos/src/port.o ./freertos/src/queue.o ./freertos/src/tasks.o ./freertos/src/timers.o  ./example/src/cr_startup_lpc11xx.o ./example/src/freertos_blinky.o ./example/src/sysinit.o   -lnxp_lpcxpresso_11c24_board_lib -llpc_chip_11cxx_lib
Finished building target: nxp_lpcxpresso_11c24_freertos_blinky.axf
 
make --no-print-directory post-build
Performing post-build steps
arm-none-eabi-size "nxp_lpcxpresso_11c24_freertos_blinky.axf"; # arm-none-eabi-objcopy -O binary "nxp_lpcxpresso_11c24_freertos_blinky.axf" "nxp_lpcxpresso_11c24_freertos_blinky.bin" ; checksum -p LPC11C24_301 -d "nxp_lpcxpresso_11c24_freertos_blinky.bin";
   text	   data	    bss	    dec	    hex	filename
   5520	      8	   2200	   7728	   1e30	nxp_lpcxpresso_11c24_freertos_blinky.axf
 
23:41:30 **** Incremental Build of configuration Debug for project lpc_chip_11cxx_lib ****
make all 
make: Nothing to be done for `all'.
23:41:31 **** Incremental Build of configuration Debug for project nxp_lpcxpresso_11c24_board_lib ****
make all 
make: Nothing to be done for `all'.
23:41:32 **** Incremental Build of configuration Debug for project nxp_lpcxpresso_11c24_freertos_blinky ****
make all 
make: Nothing to be done for `all'.
23:42:51 **** Incremental Build of configuration Debug for project lpc_chip_11cxx_lib ****
make all 
make: Nothing to be done for `all'.
23:42:51 **** Incremental Build of configuration Debug for project nxp_lpcxpresso_11c24_board_lib ****
make all 
make: Nothing to be done for `all'.
23:42:52 **** Incremental Build of configuration Debug for project nxp_lpcxpresso_11c24_freertos_blinky ****
make all 
make: Nothing to be done for `all'.
23:43:01 **** Incremental Build of configuration Debug for project lpc_chip_11cxx_lib ****
make all 
make: Nothing to be done for `all'.
23:43:01 **** Incremental Build of configuration Debug for project nxp_lpcxpresso_11c24_board_lib ****
make all 
make: Nothing to be done for `all'.
23:43:02 **** Incremental Build of configuration Debug for project nxp_lpcxpresso_11c24_freertos_blinky ****
make all 
make: Nothing to be done for `all'.
23:44:55 **** Incremental Build of configuration Debug for project lpc_chip_11cxx_lib ****
make all 
make: Nothing to be done for `all'.
23:44:56 **** Incremental Build of configuration Debug for project nxp_lpcxpresso_11c24_board_lib ****
make all 
make: Nothing to be done for `all'.
23:44:57 **** Build of configuration Debug for project nxp_lpcxpresso_11c24_periph_uart ****
make all 
Building file: ../example/src/cr_startup_lpc11xx.c
Invoking: MCU C Compiler
arm-none-eabi-gcc -D__REDLIB__ -DDEBUG -D__CODE_RED -D__USE_LPCOPEN -DCORE_M0 -I"/Users/keller_reto/_work/TrainHub/TrainTracker/_workspace_LpcXpresso/nxp_lpcxpresso_11c24_periph_uart/example/inc" -I"/Users/keller_reto/_work/TrainHub/TrainTracker/_workspace_LpcXpresso/lpc_chip_11cxx_lib/inc" -I"/Users/keller_reto/_work/TrainHub/TrainTracker/_workspace_LpcXpresso/nxp_lpcxpresso_11c24_board_lib/inc" -Os -g3 -Wall -c -fmessage-length=0 -fno-builtin -ffunction-sections -fdata-sections -mcpu=cortex-m0 -mthumb -D__REDLIB__ -specs=redlib.specs -MMD -MP -MF"example/src/cr_startup_lpc11xx.d" -MT"example/src/cr_startup_lpc11xx.d" -o "example/src/cr_startup_lpc11xx.o" "../example/src/cr_startup_lpc11xx.c"
Finished building: ../example/src/cr_startup_lpc11xx.c
 
Building file: ../example/src/sysinit.c
Invoking: MCU C Compiler
arm-none-eabi-gcc -D__REDLIB__ -DDEBUG -D__CODE_RED -D__USE_LPCOPEN -DCORE_M0 -I"/Users/keller_reto/_work/TrainHub/TrainTracker/_workspace_LpcXpresso/nxp_lpcxpresso_11c24_periph_uart/example/inc" -I"/Users/keller_reto/_work/TrainHub/TrainTracker/_workspace_LpcXpresso/lpc_chip_11cxx_lib/inc" -I"/Users/keller_reto/_work/TrainHub/TrainTracker/_workspace_LpcXpresso/nxp_lpcxpresso_11c24_board_lib/inc" -Og -g3 -Wall -c -fmessage-length=0 -fno-builtin -ffunction-sections -fdata-sections -mcpu=cortex-m0 -mthumb -D__REDLIB__ -specs=redlib.specs -MMD -MP -MF"example/src/sysinit.d" -MT"example/src/sysinit.d" -o "example/src/sysinit.o" "../example/src/sysinit.c"
In file included from /Users/keller_reto/_work/TrainHub/TrainTracker/_workspace_LpcXpresso/lpc_chip_11cxx_lib/inc/chip.h:232:0,
                 from /Users/keller_reto/_work/TrainHub/TrainTracker/_workspace_LpcXpresso/nxp_lpcxpresso_11c24_board_lib/inc/board.h:35,
                 from ../example/src/sysinit.c:32:
/Users/keller_reto/_work/TrainHub/TrainTracker/_workspace_LpcXpresso/lpc_chip_11cxx_lib/inc/pmu_11xx.h:49:8: warning: missing terminating " character [enabled by default]
 #error "LPC1125 support for the PMU driver is not ready
        ^
Finished building: ../example/src/sysinit.c
 
Building file: ../example/src/uart.c
Invoking: MCU C Compiler
arm-none-eabi-gcc -D__REDLIB__ -DDEBUG -D__CODE_RED -D__USE_LPCOPEN -DCORE_M0 -I"/Users/keller_reto/_work/TrainHub/TrainTracker/_workspace_LpcXpresso/nxp_lpcxpresso_11c24_periph_uart/example/inc" -I"/Users/keller_reto/_work/TrainHub/TrainTracker/_workspace_LpcXpresso/lpc_chip_11cxx_lib/inc" -I"/Users/keller_reto/_work/TrainHub/TrainTracker/_workspace_LpcXpresso/nxp_lpcxpresso_11c24_board_lib/inc" -Og -g3 -Wall -c -fmessage-length=0 -fno-builtin -ffunction-sections -fdata-sections -mcpu=cortex-m0 -mthumb -D__REDLIB__ -specs=redlib.specs -MMD -MP -MF"example/src/uart.d" -MT"example/src/uart.d" -o "example/src/uart.o" "../example/src/uart.c"
In file included from /Users/keller_reto/_work/TrainHub/TrainTracker/_workspace_LpcXpresso/lpc_chip_11cxx_lib/inc/chip.h:232:0,
                 from ../example/src/uart.c:32:
/Users/keller_reto/_work/TrainHub/TrainTracker/_workspace_LpcXpresso/lpc_chip_11cxx_lib/inc/pmu_11xx.h:49:8: warning: missing terminating " character [enabled by default]
 #error "LPC1125 support for the PMU driver is not ready
        ^
Finished building: ../example/src/uart.c
 
Building target: nxp_lpcxpresso_11c24_periph_uart.axf
Invoking: MCU Linker
arm-none-eabi-gcc -nostdlib -L"/Users/keller_reto/_work/TrainHub/TrainTracker/_workspace_LpcXpresso/nxp_lpcxpresso_11c24_board_lib/Debug" -L"/Users/keller_reto/_work/TrainHub/TrainTracker/_workspace_LpcXpresso/lpc_chip_11cxx_lib/Debug" -Xlinker -Map="nxp_lpcxpresso_11c24_periph_uart.map" -Xlinker --gc-sections -mcpu=cortex-m0 -mthumb -T "nxp_lpcxpresso_11c24_periph_uart_Debug.ld" -o "nxp_lpcxpresso_11c24_periph_uart.axf"  ./example/src/cr_startup_lpc11xx.o ./example/src/sysinit.o ./example/src/uart.o   -lnxp_lpcxpresso_11c24_board_lib -llpc_chip_11cxx_lib
Finished building target: nxp_lpcxpresso_11c24_periph_uart.axf
 
make --no-print-directory post-build
Performing post-build steps
arm-none-eabi-size "nxp_lpcxpresso_11c24_periph_uart.axf"; # arm-none-eabi-objcopy -O binary "nxp_lpcxpresso_11c24_periph_uart.axf" "nxp_lpcxpresso_11c24_periph_uart.bin" ; checksum -p LPC11C24_301 -d "nxp_lpcxpresso_11c24_periph_uart.bin";
   text	   data	    bss	    dec	    hex	filename
   4004	      0	    540	   4544	   11c0	nxp_lpcxpresso_11c24_periph_uart.axf
 
23:45:06 **** Incremental Build of configuration Debug for project lpc_chip_11cxx_lib ****
make all 
make: Nothing to be done for `all'.
23:45:07 **** Incremental Build of configuration Debug for project nxp_lpcxpresso_11c24_board_lib ****
make all 
make: Nothing to be done for `all'.
23:45:08 **** Incremental Build of configuration Debug for project nxp_lpcxpresso_11c24_periph_uart ****
make all 
make: Nothing to be done for `all'.
23:46:08 **** Incremental Build of configuration Debug for project lpc_chip_11cxx_lib ****
make all 
make: Nothing to be done for `all'.
23:46:08 **** Incremental Build of configuration Debug for project nxp_lpcxpresso_11c24_board_lib ****
make all 
make: Nothing to be done for `all'.
23:46:10 **** Incremental Build of configuration Debug for project nxp_lpcxpresso_11c24_periph_uart ****
make all 
make: Nothing to be done for `all'.
23:59:18 **** Incremental Build of configuration Debug for project lpc_chip_11cxx_lib ****
make all 
make: Nothing to be done for `all'.
23:59:19 **** Incremental Build of configuration Debug for project nxp_lpcxpresso_11c24_board_lib ****
make all 
make: Nothing to be done for `all'.
23:59:20 **** Incremental Build of configuration Debug for project nxp_lpcxpresso_11c24_periph_uart ****
make all 
Building file: ../example/src/uart.c
Invoking: MCU C Compiler
arm-none-eabi-gcc -D__REDLIB__ -DDEBUG -D__CODE_RED -D__USE_LPCOPEN -DCORE_M0 -I"/Users/keller_reto/_work/TrainHub/TrainTracker/_workspace_LpcXpresso/nxp_lpcxpresso_11c24_periph_uart/example/inc" -I"/Users/keller_reto/_work/TrainHub/TrainTracker/_workspace_LpcXpresso/lpc_chip_11cxx_lib/inc" -I"/Users/keller_reto/_work/TrainHub/TrainTracker/_workspace_LpcXpresso/nxp_lpcxpresso_11c24_board_lib/inc" -Og -g3 -Wall -c -fmessage-length=0 -fno-builtin -ffunction-sections -fdata-sections -mcpu=cortex-m0 -mthumb -D__REDLIB__ -specs=redlib.specs -MMD -MP -MF"example/src/uart.d" -MT"example/src/uart.d" -o "example/src/uart.o" "../example/src/uart.c"
In file included from /Users/keller_reto/_work/TrainHub/TrainTracker/_workspace_LpcXpresso/lpc_chip_11cxx_lib/inc/chip.h:232:0,
                 from ../example/src/uart.c:32:
/Users/keller_reto/_work/TrainHub/TrainTracker/_workspace_LpcXpresso/lpc_chip_11cxx_lib/inc/pmu_11xx.h:49:8: warning: missing terminating " character [enabled by default]
 #error "LPC1125 support for the PMU driver is not ready
        ^
../example/src/uart.c: In function 'main':
../example/src/uart.c:143:2: warning: passing argument 3 of 'Chip_UART_SendRB' makes pointer from integer without a cast [enabled by default]
  Chip_UART_SendRB(LPC_USART, &txring, cmd_IDN, sizeof(cmd_IDN) - 1);
  ^
In file included from /Users/keller_reto/_work/TrainHub/TrainTracker/_workspace_LpcXpresso/lpc_chip_11cxx_lib/inc/chip.h:238:0,
                 from ../example/src/uart.c:32:
/Users/keller_reto/_work/TrainHub/TrainTracker/_workspace_LpcXpresso/lpc_chip_11cxx_lib/inc/uart_11xx.h:752:10: note: expected 'const void *' but argument is of type 'char'
 uint32_t Chip_UART_SendRB(LPC_USART_T *pUART, RINGBUFF_T *pRB, const void *data, int bytes);
          ^
Finished building: ../example/src/uart.c
 
Building target: nxp_lpcxpresso_11c24_periph_uart.axf
Invoking: MCU Linker
arm-none-eabi-gcc -nostdlib -L"/Users/keller_reto/_work/TrainHub/TrainTracker/_workspace_LpcXpresso/nxp_lpcxpresso_11c24_board_lib/Debug" -L"/Users/keller_reto/_work/TrainHub/TrainTracker/_workspace_LpcXpresso/lpc_chip_11cxx_lib/Debug" -Xlinker -Map="nxp_lpcxpresso_11c24_periph_uart.map" -Xlinker --gc-sections -mcpu=cortex-m0 -mthumb -T "nxp_lpcxpresso_11c24_periph_uart_Debug.ld" -o "nxp_lpcxpresso_11c24_periph_uart.axf"  ./example/src/cr_startup_lpc11xx.o ./example/src/sysinit.o ./example/src/uart.o   -lnxp_lpcxpresso_11c24_board_lib -llpc_chip_11cxx_lib
Finished building target: nxp_lpcxpresso_11c24_periph_uart.axf
 
make --no-print-directory post-build
Performing post-build steps
arm-none-eabi-size "nxp_lpcxpresso_11c24_periph_uart.axf"; # arm-none-eabi-objcopy -O binary "nxp_lpcxpresso_11c24_periph_uart.axf" "nxp_lpcxpresso_11c24_periph_uart.bin" ; checksum -p LPC11C24_301 -d "nxp_lpcxpresso_11c24_periph_uart.bin";
   text	   data	    bss	    dec	    hex	filename
   4032	      0	    540	   4572	   11dc	nxp_lpcxpresso_11c24_periph_uart.axf
 
23:59:25 **** Incremental Build of configuration Debug for project lpc_chip_11cxx_lib ****
make all 
make: Nothing to be done for `all'.
23:59:25 **** Incremental Build of configuration Debug for project nxp_lpcxpresso_11c24_board_lib ****
make all 
make: Nothing to be done for `all'.
23:59:26 **** Incremental Build of configuration Debug for project nxp_lpcxpresso_11c24_periph_uart ****
make all 
make: Nothing to be done for `all'.
00:01:13 **** Incremental Build of configuration Debug for project lpc_chip_11cxx_lib ****
make all 
make: Nothing to be done for `all'.
00:01:13 **** Incremental Build of configuration Debug for project nxp_lpcxpresso_11c24_board_lib ****
make all 
make: Nothing to be done for `all'.
00:01:14 **** Incremental Build of configuration Debug for project nxp_lpcxpresso_11c24_periph_uart ****
make all 
Building file: ../example/src/uart.c
Invoking: MCU C Compiler
arm-none-eabi-gcc -D__REDLIB__ -DDEBUG -D__CODE_RED -D__USE_LPCOPEN -DCORE_M0 -I"/Users/keller_reto/_work/TrainHub/TrainTracker/_workspace_LpcXpresso/nxp_lpcxpresso_11c24_periph_uart/example/inc" -I"/Users/keller_reto/_work/TrainHub/TrainTracker/_workspace_LpcXpresso/lpc_chip_11cxx_lib/inc" -I"/Users/keller_reto/_work/TrainHub/TrainTracker/_workspace_LpcXpresso/nxp_lpcxpresso_11c24_board_lib/inc" -Og -g3 -Wall -c -fmessage-length=0 -fno-builtin -ffunction-sections -fdata-sections -mcpu=cortex-m0 -mthumb -D__REDLIB__ -specs=redlib.specs -MMD -MP -MF"example/src/uart.d" -MT"example/src/uart.d" -o "example/src/uart.o" "../example/src/uart.c"
In file included from /Users/keller_reto/_work/TrainHub/TrainTracker/_workspace_LpcXpresso/lpc_chip_11cxx_lib/inc/chip.h:232:0,
                 from ../example/src/uart.c:32:
/Users/keller_reto/_work/TrainHub/TrainTracker/_workspace_LpcXpresso/lpc_chip_11cxx_lib/inc/pmu_11xx.h:49:8: warning: missing terminating " character [enabled by default]
 #error "LPC1125 support for the PMU driver is not ready
        ^
../example/src/uart.c: In function 'main':
../example/src/uart.c:127:2: warning: passing argument 3 of 'Chip_UART_SendRB' makes pointer from integer without a cast [enabled by default]
  Chip_UART_SendRB(LPC_USART, &txring, cmd_echo, sizeof(cmd_echo) - 1);
  ^
In file included from /Users/keller_reto/_work/TrainHub/TrainTracker/_workspace_LpcXpresso/lpc_chip_11cxx_lib/inc/chip.h:238:0,
                 from ../example/src/uart.c:32:
/Users/keller_reto/_work/TrainHub/TrainTracker/_workspace_LpcXpresso/lpc_chip_11cxx_lib/inc/uart_11xx.h:752:10: note: expected 'const void *' but argument is of type 'char'
 uint32_t Chip_UART_SendRB(LPC_USART_T *pUART, RINGBUFF_T *pRB, const void *data, int bytes);
          ^
../example/src/uart.c:140:3: warning: passing argument 3 of 'Chip_UART_SendRB' makes pointer from integer without a cast [enabled by default]
   Chip_UART_SendRB(LPC_USART, &txring, cmd_echo, sizeof(cmd_echo) - 1);
   ^
In file included from /Users/keller_reto/_work/TrainHub/TrainTracker/_workspace_LpcXpresso/lpc_chip_11cxx_lib/inc/chip.h:238:0,
                 from ../example/src/uart.c:32:
/Users/keller_reto/_work/TrainHub/TrainTracker/_workspace_LpcXpresso/lpc_chip_11cxx_lib/inc/uart_11xx.h:752:10: note: expected 'const void *' but argument is of type 'char'
 uint32_t Chip_UART_SendRB(LPC_USART_T *pUART, RINGBUFF_T *pRB, const void *data, int bytes);
          ^
../example/src/uart.c:143:2: warning: passing argument 3 of 'Chip_UART_SendRB' makes pointer from integer without a cast [enabled by default]
  Chip_UART_SendRB(LPC_USART, &txring, cmd_IDN, sizeof(cmd_IDN) - 1);
  ^
In file included from /Users/keller_reto/_work/TrainHub/TrainTracker/_workspace_LpcXpresso/lpc_chip_11cxx_lib/inc/chip.h:238:0,
                 from ../example/src/uart.c:32:
/Users/keller_reto/_work/TrainHub/TrainTracker/_workspace_LpcXpresso/lpc_chip_11cxx_lib/inc/uart_11xx.h:752:10: note: expected 'const void *' but argument is of type 'char'
 uint32_t Chip_UART_SendRB(LPC_USART_T *pUART, RINGBUFF_T *pRB, const void *data, int bytes);
          ^
Finished building: ../example/src/uart.c
 
Building target: nxp_lpcxpresso_11c24_periph_uart.axf
Invoking: MCU Linker
arm-none-eabi-gcc -nostdlib -L"/Users/keller_reto/_work/TrainHub/TrainTracker/_workspace_LpcXpresso/nxp_lpcxpresso_11c24_board_lib/Debug" -L"/Users/keller_reto/_work/TrainHub/TrainTracker/_workspace_LpcXpresso/lpc_chip_11cxx_lib/Debug" -Xlinker -Map="nxp_lpcxpresso_11c24_periph_uart.map" -Xlinker --gc-sections -mcpu=cortex-m0 -mthumb -T "nxp_lpcxpresso_11c24_periph_uart_Debug.ld" -o "nxp_lpcxpresso_11c24_periph_uart.axf"  ./example/src/cr_startup_lpc11xx.o ./example/src/sysinit.o ./example/src/uart.o   -lnxp_lpcxpresso_11c24_board_lib -llpc_chip_11cxx_lib
Finished building target: nxp_lpcxpresso_11c24_periph_uart.axf
 
make --no-print-directory post-build
Performing post-build steps
arm-none-eabi-size "nxp_lpcxpresso_11c24_periph_uart.axf"; # arm-none-eabi-objcopy -O binary "nxp_lpcxpresso_11c24_periph_uart.axf" "nxp_lpcxpresso_11c24_periph_uart.bin" ; checksum -p LPC11C24_301 -d "nxp_lpcxpresso_11c24_periph_uart.bin";
   text	   data	    bss	    dec	    hex	filename
   4024	      0	    540	   4564	   11d4	nxp_lpcxpresso_11c24_periph_uart.axf
 
00:02:31 **** Incremental Build of configuration Debug for project lpc_chip_11cxx_lib ****
make all 
make: Nothing to be done for `all'.
00:02:31 **** Incremental Build of configuration Debug for project nxp_lpcxpresso_11c24_board_lib ****
make all 
make: Nothing to be done for `all'.
00:02:33 **** Incremental Build of configuration Debug for project nxp_lpcxpresso_11c24_periph_uart ****
make all 
Building file: ../example/src/uart.c
Invoking: MCU C Compiler
arm-none-eabi-gcc -D__REDLIB__ -DDEBUG -D__CODE_RED -D__USE_LPCOPEN -DCORE_M0 -I"/Users/keller_reto/_work/TrainHub/TrainTracker/_workspace_LpcXpresso/nxp_lpcxpresso_11c24_periph_uart/example/inc" -I"/Users/keller_reto/_work/TrainHub/TrainTracker/_workspace_LpcXpresso/lpc_chip_11cxx_lib/inc" -I"/Users/keller_reto/_work/TrainHub/TrainTracker/_workspace_LpcXpresso/nxp_lpcxpresso_11c24_board_lib/inc" -Og -g3 -Wall -c -fmessage-length=0 -fno-builtin -ffunction-sections -fdata-sections -mcpu=cortex-m0 -mthumb -D__REDLIB__ -specs=redlib.specs -MMD -MP -MF"example/src/uart.d" -MT"example/src/uart.d" -o "example/src/uart.o" "../example/src/uart.c"
In file included from /Users/keller_reto/_work/TrainHub/TrainTracker/_workspace_LpcXpresso/lpc_chip_11cxx_lib/inc/chip.h:232:0,
                 from ../example/src/uart.c:32:
/Users/keller_reto/_work/TrainHub/TrainTracker/_workspace_LpcXpresso/lpc_chip_11cxx_lib/inc/pmu_11xx.h:49:8: warning: missing terminating " character [enabled by default]
 #error "LPC1125 support for the PMU driver is not ready
        ^
../example/src/uart.c:53:1: error: invalid initializer
 const char cmd_IDN[] = 0x01;
 ^
make: *** [example/src/uart.o] Error 1
00:03:49 **** Incremental Build of configuration Debug for project lpc_chip_11cxx_lib ****
make all 
make: Nothing to be done for `all'.
00:03:49 **** Incremental Build of configuration Debug for project nxp_lpcxpresso_11c24_board_lib ****
make all 
make: Nothing to be done for `all'.
00:03:50 **** Incremental Build of configuration Debug for project nxp_lpcxpresso_11c24_periph_uart ****
make all 
Building file: ../example/src/uart.c
Invoking: MCU C Compiler
arm-none-eabi-gcc -D__REDLIB__ -DDEBUG -D__CODE_RED -D__USE_LPCOPEN -DCORE_M0 -I"/Users/keller_reto/_work/TrainHub/TrainTracker/_workspace_LpcXpresso/nxp_lpcxpresso_11c24_periph_uart/example/inc" -I"/Users/keller_reto/_work/TrainHub/TrainTracker/_workspace_LpcXpresso/lpc_chip_11cxx_lib/inc" -I"/Users/keller_reto/_work/TrainHub/TrainTracker/_workspace_LpcXpresso/nxp_lpcxpresso_11c24_board_lib/inc" -Og -g3 -Wall -c -fmessage-length=0 -fno-builtin -ffunction-sections -fdata-sections -mcpu=cortex-m0 -mthumb -D__REDLIB__ -specs=redlib.specs -MMD -MP -MF"example/src/uart.d" -MT"example/src/uart.d" -o "example/src/uart.o" "../example/src/uart.c"
In file included from /Users/keller_reto/_work/TrainHub/TrainTracker/_workspace_LpcXpresso/lpc_chip_11cxx_lib/inc/chip.h:232:0,
                 from ../example/src/uart.c:32:
/Users/keller_reto/_work/TrainHub/TrainTracker/_workspace_LpcXpresso/lpc_chip_11cxx_lib/inc/pmu_11xx.h:49:8: warning: missing terminating " character [enabled by default]
 #error "LPC1125 support for the PMU driver is not ready
        ^
../example/src/uart.c: In function 'main':
../example/src/uart.c:143:2: warning: passing argument 3 of 'Chip_UART_SendRB' makes pointer from integer without a cast [enabled by default]
  Chip_UART_SendRB(LPC_USART, &txring, cmd_IDN, sizeof(cmd_IDN) - 1);
  ^
In file included from /Users/keller_reto/_work/TrainHub/TrainTracker/_workspace_LpcXpresso/lpc_chip_11cxx_lib/inc/chip.h:238:0,
                 from ../example/src/uart.c:32:
/Users/keller_reto/_work/TrainHub/TrainTracker/_workspace_LpcXpresso/lpc_chip_11cxx_lib/inc/uart_11xx.h:752:10: note: expected 'const void *' but argument is of type 'char'
 uint32_t Chip_UART_SendRB(LPC_USART_T *pUART, RINGBUFF_T *pRB, const void *data, int bytes);
          ^
Finished building: ../example/src/uart.c
 
Building target: nxp_lpcxpresso_11c24_periph_uart.axf
Invoking: MCU Linker
arm-none-eabi-gcc -nostdlib -L"/Users/keller_reto/_work/TrainHub/TrainTracker/_workspace_LpcXpresso/nxp_lpcxpresso_11c24_board_lib/Debug" -L"/Users/keller_reto/_work/TrainHub/TrainTracker/_workspace_LpcXpresso/lpc_chip_11cxx_lib/Debug" -Xlinker -Map="nxp_lpcxpresso_11c24_periph_uart.map" -Xlinker --gc-sections -mcpu=cortex-m0 -mthumb -T "nxp_lpcxpresso_11c24_periph_uart_Debug.ld" -o "nxp_lpcxpresso_11c24_periph_uart.axf"  ./example/src/cr_startup_lpc11xx.o ./example/src/sysinit.o ./example/src/uart.o   -lnxp_lpcxpresso_11c24_board_lib -llpc_chip_11cxx_lib
Finished building target: nxp_lpcxpresso_11c24_periph_uart.axf
 
make --no-print-directory post-build
Performing post-build steps
arm-none-eabi-size "nxp_lpcxpresso_11c24_periph_uart.axf"; # arm-none-eabi-objcopy -O binary "nxp_lpcxpresso_11c24_periph_uart.axf" "nxp_lpcxpresso_11c24_periph_uart.bin" ; checksum -p LPC11C24_301 -d "nxp_lpcxpresso_11c24_periph_uart.bin";
   text	   data	    bss	    dec	    hex	filename
   4032	      0	    540	   4572	   11dc	nxp_lpcxpresso_11c24_periph_uart.axf
 
00:04:50 **** Incremental Build of configuration Debug for project lpc_chip_11cxx_lib ****
make all 
make: Nothing to be done for `all'.
00:04:50 **** Incremental Build of configuration Debug for project nxp_lpcxpresso_11c24_board_lib ****
make all 
make: Nothing to be done for `all'.
00:04:52 **** Incremental Build of configuration Debug for project nxp_lpcxpresso_11c24_periph_uart ****
make all 
Building file: ../example/src/uart.c
Invoking: MCU C Compiler
arm-none-eabi-gcc -D__REDLIB__ -DDEBUG -D__CODE_RED -D__USE_LPCOPEN -DCORE_M0 -I"/Users/keller_reto/_work/TrainHub/TrainTracker/_workspace_LpcXpresso/nxp_lpcxpresso_11c24_periph_uart/example/inc" -I"/Users/keller_reto/_work/TrainHub/TrainTracker/_workspace_LpcXpresso/lpc_chip_11cxx_lib/inc" -I"/Users/keller_reto/_work/TrainHub/TrainTracker/_workspace_LpcXpresso/nxp_lpcxpresso_11c24_board_lib/inc" -Og -g3 -Wall -c -fmessage-length=0 -fno-builtin -ffunction-sections -fdata-sections -mcpu=cortex-m0 -mthumb -D__REDLIB__ -specs=redlib.specs -MMD -MP -MF"example/src/uart.d" -MT"example/src/uart.d" -o "example/src/uart.o" "../example/src/uart.c"
In file included from /Users/keller_reto/_work/TrainHub/TrainTracker/_workspace_LpcXpresso/lpc_chip_11cxx_lib/inc/chip.h:232:0,
                 from ../example/src/uart.c:32:
/Users/keller_reto/_work/TrainHub/TrainTracker/_workspace_LpcXpresso/lpc_chip_11cxx_lib/inc/pmu_11xx.h:49:8: warning: missing terminating " character [enabled by default]
 #error "LPC1125 support for the PMU driver is not ready
        ^
Finished building: ../example/src/uart.c
 
Building target: nxp_lpcxpresso_11c24_periph_uart.axf
Invoking: MCU Linker
arm-none-eabi-gcc -nostdlib -L"/Users/keller_reto/_work/TrainHub/TrainTracker/_workspace_LpcXpresso/nxp_lpcxpresso_11c24_board_lib/Debug" -L"/Users/keller_reto/_work/TrainHub/TrainTracker/_workspace_LpcXpresso/lpc_chip_11cxx_lib/Debug" -Xlinker -Map="nxp_lpcxpresso_11c24_periph_uart.map" -Xlinker --gc-sections -mcpu=cortex-m0 -mthumb -T "nxp_lpcxpresso_11c24_periph_uart_Debug.ld" -o "nxp_lpcxpresso_11c24_periph_uart.axf"  ./example/src/cr_startup_lpc11xx.o ./example/src/sysinit.o ./example/src/uart.o   -lnxp_lpcxpresso_11c24_board_lib -llpc_chip_11cxx_lib
Finished building target: nxp_lpcxpresso_11c24_periph_uart.axf
 
make --no-print-directory post-build
Performing post-build steps
arm-none-eabi-size "nxp_lpcxpresso_11c24_periph_uart.axf"; # arm-none-eabi-objcopy -O binary "nxp_lpcxpresso_11c24_periph_uart.axf" "nxp_lpcxpresso_11c24_periph_uart.bin" ; checksum -p LPC11C24_301 -d "nxp_lpcxpresso_11c24_periph_uart.bin";
   text	   data	    bss	    dec	    hex	filename
   4036	      0	    540	   4576	   11e0	nxp_lpcxpresso_11c24_periph_uart.axf
 
00:05:01 **** Incremental Build of configuration Debug for project lpc_chip_11cxx_lib ****
make all 
make: Nothing to be done for `all'.
00:05:02 **** Incremental Build of configuration Debug for project nxp_lpcxpresso_11c24_board_lib ****
make all 
make: Nothing to be done for `all'.
00:05:03 **** Incremental Build of configuration Debug for project nxp_lpcxpresso_11c24_periph_uart ****
make all 
make: Nothing to be done for `all'.
