Archive member included because of file (symbol)

/Users/keller_reto/_work/TrainHub/TrainTracker/_workspace_LpcXpresso/nxp_lpcxpresso_11c24_board_lib/Debug/libnxp_lpcxpresso_11c24_board_lib.a(board.o)
                              ./example/src/watchdog.o (Board_LED_Set)
/Users/keller_reto/_work/TrainHub/TrainTracker/_workspace_LpcXpresso/nxp_lpcxpresso_11c24_board_lib/Debug/libnxp_lpcxpresso_11c24_board_lib.a(board_sysinit.o)
                              ./example/src/sysinit.o (Board_SystemInit)
/Users/keller_reto/_work/TrainHub/TrainTracker/_workspace_LpcXpresso/lpc_chip_11cxx_lib/Debug/liblpc_chip_11cxx_lib.a(chip_11xx.o)
                              ./example/src/watchdog.o (SystemCoreClockUpdate)
/Users/keller_reto/_work/TrainHub/TrainTracker/_workspace_LpcXpresso/lpc_chip_11cxx_lib/Debug/liblpc_chip_11cxx_lib.a(clock_11xx.o)
                              /Users/keller_reto/_work/TrainHub/TrainTracker/_workspace_LpcXpresso/nxp_lpcxpresso_11c24_board_lib/Debug/libnxp_lpcxpresso_11c24_board_lib.a(board_sysinit.o) (Chip_Clock_SetSystemPLLSource)
/Users/keller_reto/_work/TrainHub/TrainTracker/_workspace_LpcXpresso/lpc_chip_11cxx_lib/Debug/liblpc_chip_11cxx_lib.a(gpio_11xx_2.o)
                              /Users/keller_reto/_work/TrainHub/TrainTracker/_workspace_LpcXpresso/nxp_lpcxpresso_11c24_board_lib/Debug/libnxp_lpcxpresso_11c24_board_lib.a(board.o) (Chip_GPIO_Init)
/Users/keller_reto/_work/TrainHub/TrainTracker/_workspace_LpcXpresso/lpc_chip_11cxx_lib/Debug/liblpc_chip_11cxx_lib.a(sysctl_11xx.o)
                              /Users/keller_reto/_work/TrainHub/TrainTracker/_workspace_LpcXpresso/nxp_lpcxpresso_11c24_board_lib/Debug/libnxp_lpcxpresso_11c24_board_lib.a(board_sysinit.o) (Chip_SYSCTL_PowerDown)
/Users/keller_reto/_work/TrainHub/TrainTracker/_workspace_LpcXpresso/lpc_chip_11cxx_lib/Debug/liblpc_chip_11cxx_lib.a(uart_11xx.o)
                              /Users/keller_reto/_work/TrainHub/TrainTracker/_workspace_LpcXpresso/nxp_lpcxpresso_11c24_board_lib/Debug/libnxp_lpcxpresso_11c24_board_lib.a(board.o) (Chip_UART_Init)
/Users/keller_reto/_work/TrainHub/TrainTracker/_workspace_LpcXpresso/lpc_chip_11cxx_lib/Debug/liblpc_chip_11cxx_lib.a(wwdt_11xx.o)
                              ./example/src/watchdog.o (Chip_WWDT_Init)
/Users/keller_reto/_work/TrainHub/TrainTracker/_workspace_LpcXpresso/lpc_chip_11cxx_lib/Debug/liblpc_chip_11cxx_lib.a(ring_buffer.o)
                              /Users/keller_reto/_work/TrainHub/TrainTracker/_workspace_LpcXpresso/lpc_chip_11cxx_lib/Debug/liblpc_chip_11cxx_lib.a(uart_11xx.o) (RingBuffer_Insert)
/Applications/lpcxpresso_7.1.1_125/lpcxpresso/tools/bin/../lib/gcc/arm-none-eabi/4.8.3/../../../../arm-none-eabi/lib/armv6-m/libcr_nohost.a(_cr__main.o)
                              ./example/src/cr_startup_lpc11xx.o (__main)
/Applications/lpcxpresso_7.1.1_125/lpcxpresso/tools/bin/../lib/gcc/arm-none-eabi/4.8.3/../../../../arm-none-eabi/lib/armv6-m/libcr_c.a(memcpy.o)
                              /Users/keller_reto/_work/TrainHub/TrainTracker/_workspace_LpcXpresso/lpc_chip_11cxx_lib/Debug/liblpc_chip_11cxx_lib.a(ring_buffer.o) (memcpy)
/Applications/lpcxpresso_7.1.1_125/lpcxpresso/tools/bin/../lib/gcc/arm-none-eabi/4.8.3/../../../../arm-none-eabi/lib/armv6-m/libcr_c.a(initio.o)
                              /Applications/lpcxpresso_7.1.1_125/lpcxpresso/tools/bin/../lib/gcc/arm-none-eabi/4.8.3/../../../../arm-none-eabi/lib/armv6-m/libcr_nohost.a(_cr__main.o) (_initio)
/Applications/lpcxpresso_7.1.1_125/lpcxpresso/tools/bin/../lib/gcc/arm-none-eabi/4.8.3/../../../../arm-none-eabi/lib/armv6-m/libcr_c.a(setvbuf.o)
                              /Applications/lpcxpresso_7.1.1_125/lpcxpresso/tools/bin/../lib/gcc/arm-none-eabi/4.8.3/../../../../arm-none-eabi/lib/armv6-m/libcr_c.a(initio.o) (setvbuf)
/Applications/lpcxpresso_7.1.1_125/lpcxpresso/tools/bin/../lib/gcc/arm-none-eabi/4.8.3/../../../../arm-none-eabi/lib/armv6-m/libcr_c.a(stdio.o)
                              /Applications/lpcxpresso_7.1.1_125/lpcxpresso/tools/bin/../lib/gcc/arm-none-eabi/4.8.3/../../../../arm-none-eabi/lib/armv6-m/libcr_c.a(initio.o) (__Ciob)
/Applications/lpcxpresso_7.1.1_125/lpcxpresso/tools/bin/../lib/gcc/arm-none-eabi/4.8.3/../../../../arm-none-eabi/lib/armv6-m/libcr_c.a(memset.o)
                              /Applications/lpcxpresso_7.1.1_125/lpcxpresso/tools/bin/../lib/gcc/arm-none-eabi/4.8.3/../../../../arm-none-eabi/lib/armv6-m/libcr_c.a(initio.o) (memset)
/Applications/lpcxpresso_7.1.1_125/lpcxpresso/tools/bin/../lib/gcc/arm-none-eabi/4.8.3/../../../../arm-none-eabi/lib/armv6-m/libcr_c.a(__fillbuf.o)
                              /Applications/lpcxpresso_7.1.1_125/lpcxpresso/tools/bin/../lib/gcc/arm-none-eabi/4.8.3/../../../../arm-none-eabi/lib/armv6-m/libcr_c.a(stdio.o) (__filbuf)
/Applications/lpcxpresso_7.1.1_125/lpcxpresso/tools/bin/../lib/gcc/arm-none-eabi/4.8.3/../../../../arm-none-eabi/lib/armv6-m/libcr_c.a(_deferredlazyseek.o)
[...]
Memory Configuration

Name             Origin             Length             Attributes
MFlash32         0x0000000000000000 0x0000000000008000 xr
RamLoc8          0x0000000010000000 0x0000000000002000 xrw
*default*        0x0000000000000000 0xffffffffffffffff

Linker script and memory map

LOAD ./example/src/cr_startup_lpc11xx.o
LOAD ./example/src/sysinit.o
LOAD ./example/src/watchdog.o
LOAD /Users/keller_reto/_work/TrainHub/TrainTracker/_workspace_LpcXpresso/nxp_lpcxpresso_11c24_board_lib/Debug/libnxp_lpcxpresso_11c24_board_lib.a
LOAD /Users/keller_reto/_work/TrainHub/TrainTracker/_workspace_LpcXpresso/lpc_chip_11cxx_lib/Debug/liblpc_chip_11cxx_lib.a
START GROUP
LOAD /Applications/lpcxpresso_7.1.1_125/lpcxpresso/tools/bin/../lib/gcc/arm-none-eabi/4.8.3/../../../../arm-none-eabi/lib/armv6-m/libcr_nohost.a
LOAD /Applications/lpcxpresso_7.1.1_125/lpcxpresso/tools/bin/../lib/gcc/arm-none-eabi/4.8.3/../../../../arm-none-eabi/lib/armv6-m/libcr_c.a
LOAD /Applications/lpcxpresso_7.1.1_125/lpcxpresso/tools/bin/../lib/gcc/arm-none-eabi/4.8.3/armv6-m/libcr_eabihelpers.a
END GROUP
                0x0000000000008000                __top_MFlash32 = 0x8000
                0x0000000010002000                __top_RamLoc8 = 0x10002000

.text           0x0000000000000000      0xcbc
 FILL mask 0xff
                0x0000000000000000                __vectors_start__ = ABSOLUTE (.)
 *(.isr_vector)
 .isr_vector    0x0000000000000000       0xc0 ./example/src/cr_startup_lpc11xx.o
                0x0000000000000000                g_pfnVectors
                0x00000000000000c0                . = ALIGN (0x4)
                0x00000000000000c0                __section_table_start = .
                0x00000000000000c0                __data_section_table = .
                0x00000000000000c0        0x4 LONG 0xcbc LOADADDR (.data)
                0x00000000000000c4        0x4 LONG 0x10000000 ADDR (.data)
                0x00000000000000c8        0x4 LONG 0x0 SIZEOF (.data)
                0x00000000000000cc                __data_section_table_end = .
                0x00000000000000cc                __bss_section_table = .
                0x00000000000000cc        0x4 LONG 0x10000000 ADDR (.bss)
                0x00000000000000d0        0x4 LONG 0x154 SIZEOF (.bss)
                0x00000000000000d4                __bss_section_table_end = .
                0x00000000000000d4                __section_table_end = .
 *(.after_vectors*)
 .after_vectors
                0x00000000000000d4       0x70 ./example/src/cr_startup_lpc11xx.o
                0x00000000000000d4                NMI_Handler
                0x00000000000000d6                HardFault_Handler
                0x00000000000000d8                SVC_Handler
                0x00000000000000da                PendSV_Handler
                0x00000000000000de                IntDefaultHandler
                0x00000000000000de                PIOINT1_IRQHandler
                0x00000000000000de                CAN_IRQHandler
                0x00000000000000de                SSP0_IRQHandler
                0x00000000000000de                TIMER16_0_IRQHandler
                0x00000000000000de                UART_IRQHandler
                0x00000000000000de                TIMER32_0_IRQHandler
                0x00000000000000de                TIMER32_1_IRQHandler
                0x00000000000000de                PIOINT0_IRQHandler
                0x00000000000000de                I2C_IRQHandler
                0x00000000000000de                PIOINT3_IRQHandler
                0x00000000000000de                TIMER16_1_IRQHandler
                0x00000000000000de                ADC_IRQHandler
                0x00000000000000de                SSP1_IRQHandler
                0x00000000000000de                PIOINT2_IRQHandler
                0x00000000000000de                BOD_IRQHandler
                0x00000000000000de                WAKEUP_IRQHandler
                0x00000000000000e0                data_init
                0x00000000000000f2                bss_init
                0x0000000000000102                ResetISR
 *(.text*)
 .text.SystemInit
                0x0000000000000144        0x8 ./example/src/sysinit.o
                0x0000000000000144                SystemInit
 .text.WDT_IRQHandler
                0x000000000000014c       0x3c ./example/src/watchdog.o
                0x000000000000014c                WDT_IRQHandler
 .text.SysTick_Handler
                0x0000000000000188        0x4 ./example/src/watchdog.o
                0x0000000000000188                SysTick_Handler
 .text.main     0x000000000000018c       0xb0 ./example/src/watchdog.o
                0x000000000000018c                main
 .text.Board_LED_Init
                0x000000000000023c       0x14 /Users/keller_reto/_work/TrainHub/TrainTracker/_workspace_LpcXpresso/nxp_lpcxpresso_11c24_board_lib/Debug/libnxp_lpcxpresso_11c24_board_lib.a(board.o)
 .text.__sys_write
                0x0000000000000250        0x4 /Users/keller_reto/_work/TrainHub/TrainTracker/_workspace_LpcXpresso/nxp_lpcxpresso_11c24_board_lib/Debug/libnxp_lpcxpresso_11c24_board_lib.a(board.o)
                0x0000000000000250                __sys_write
 .text.Board_LED_Set
                0x0000000000000254       0x14 /Users/keller_reto/_work/TrainHub/TrainTracker/_workspace_LpcXpresso/nxp_lpcxpresso_11c24_board_lib/Debug/libnxp_lpcxpresso_11c24_board_lib.a(board.o)
                0x0000000000000254                Board_LED_Set
 .text.Board_LED_Toggle
                0x0000000000000268       0x18 /Users/keller_reto/_work/TrainHub/TrainTracker/_workspace_LpcXpresso/nxp_lpcxpresso_11c24_board_lib/Debug/libnxp_lpcxpresso_11c24_board_lib.a(board.o)
                0x0000000000000268                Board_LED_Toggle
 .text.Board_Init
                0x0000000000000280       0x10 /Users/keller_reto/_work/TrainHub/TrainTracker/_workspace_LpcXpresso/nxp_lpcxpresso_11c24_board_lib/Debug/libnxp_lpcxpresso_11c24_board_lib.a(board.o)
                0x0000000000000280                Board_Init
 .text.SystemSetupMuxing
                0x0000000000000290       0x38 /Users/keller_reto/_work/TrainHub/TrainTracker/_workspace_LpcXpresso/nxp_lpcxpresso_11c24_board_lib/Debug/libnxp_lpcxpresso_11c24_board_lib.a(board_sysinit.o)
 .text.SystemSetupClocking
                0x00000000000002c8       0x64 /Users/keller_reto/_work/TrainHub/TrainTracker/_workspace_LpcXpresso/nxp_lpcxpresso_11c24_board_lib/Debug/libnxp_lpcxpresso_11c24_board_lib.a(board_sysinit.o)
 .text.Board_SystemInit
                0x000000000000032c        0xc /Users/keller_reto/_work/TrainHub/TrainTracker/_workspace_LpcXpresso/nxp_lpcxpresso_11c24_board_lib/Debug/libnxp_lpcxpresso_11c24_board_lib.a(board_sysinit.o)
                0x000000000000032c                Board_SystemInit
 .text.SystemCoreClockUpdate
                0x0000000000000338       0x10 /Users/keller_reto/_work/TrainHub/TrainTracker/_workspace_LpcXpresso/lpc_chip_11cxx_lib/Debug/liblpc_chip_11cxx_lib.a(chip_11xx.o)
                0x0000000000000338                SystemCoreClockUpdate
 .text.Chip_Clock_GetWDTLFORate
                0x0000000000000348       0x20 /Users/keller_reto/_work/TrainHub/TrainTracker/_workspace_LpcXpresso/lpc_chip_11cxx_lib/Debug/liblpc_chip_11cxx_lib.a(clock_11xx.o)
 .text.Chip_Clock_GetPLLFreq
                0x0000000000000368        0xc /Users/keller_reto/_work/TrainHub/TrainTracker/_workspace_LpcXpresso/lpc_chip_11cxx_lib/Debug/liblpc_chip_11cxx_lib.a(clock_11xx.o)
 .text.Chip_Clock_SetSystemPLLSource
                0x0000000000000374       0x14 /Users/keller_reto/_work/TrainHub/TrainTracker/_workspace_LpcXpresso/lpc_chip_11cxx_lib/Debug/liblpc_chip_11cxx_lib.a(clock_11xx.o)
                0x0000000000000374                Chip_Clock_SetSystemPLLSource
 .text.Chip_Clock_SetMainClockSource
                0x0000000000000388       0x14 /Users/keller_reto/_work/TrainHub/TrainTracker/_workspace_LpcXpresso/lpc_chip_11cxx_lib/Debug/liblpc_chip_11cxx_lib.a(clock_11xx.o)
                0x0000000000000388                Chip_Clock_SetMainClockSource
 .text.Chip_Clock_SetWDTClockSource
                0x000000000000039c       0x1c /Users/keller_reto/_work/TrainHub/TrainTracker/_workspace_LpcXpresso/lpc_chip_11cxx_lib/Debug/liblpc_chip_11cxx_lib.a(clock_11xx.o)
                0x000000000000039c                Chip_Clock_SetWDTClockSource
 .text.Chip_Clock_GetWDTOSCRate
                0x00000000000003b8       0x10 /Users/keller_reto/_work/TrainHub/TrainTracker/_workspace_LpcXpresso/lpc_chip_11cxx_lib/Debug/liblpc_chip_11cxx_lib.a(clock_11xx.o)
                0x00000000000003b8                Chip_Clock_GetWDTOSCRate
 .text.Chip_Clock_GetSystemPLLInClockRate
                0x00000000000003c8       0x2c /Users/keller_reto/_work/TrainHub/TrainTracker/_workspace_LpcXpresso/lpc_chip_11cxx_lib/Debug/liblpc_chip_11cxx_lib.a(clock_11xx.o)
                0x00000000000003c8                Chip_Clock_GetSystemPLLInClockRate
 .text.Chip_Clock_GetSystemPLLOutClockRate
                0x00000000000003f4       0x18 /Users/keller_reto/_work/TrainHub/TrainTracker/_workspace_LpcXpresso/lpc_chip_11cxx_lib/Debug/liblpc_chip_11cxx_lib.a(clock_11xx.o)
                0x00000000000003f4                Chip_Clock_GetSystemPLLOutClockRate
 .text.Chip_Clock_GetMainClockRate
                0x000000000000040c       0x40 /Users/keller_reto/_work/TrainHub/TrainTracker/_workspace_LpcXpresso/lpc_chip_11cxx_lib/Debug/liblpc_chip_11cxx_lib.a(clock_11xx.o)
                0x000000000000040c                Chip_Clock_GetMainClockRate
 .text.Chip_Clock_GetSystemClockRate
                0x000000000000044c       0x14 /Users/keller_reto/_work/TrainHub/TrainTracker/_workspace_LpcXpresso/lpc_chip_11cxx_lib/Debug/liblpc_chip_11cxx_lib.a(clock_11xx.o)
                0x000000000000044c                Chip_Clock_GetSystemClockRate
 .text.Chip_GPIO_Init
                0x0000000000000460       0x14 /Users/keller_reto/_work/TrainHub/TrainTracker/_workspace_LpcXpresso/lpc_chip_11cxx_lib/Debug/liblpc_chip_11cxx_lib.a(gpio_11xx_2.o)
                0x0000000000000460                Chip_GPIO_Init
 .text.Chip_SYSCTL_PowerDown
                0x0000000000000474       0x1c /Users/keller_reto/_work/TrainHub/TrainTracker/_workspace_LpcXpresso/lpc_chip_11cxx_lib/Debug/liblpc_chip_11cxx_lib.a(sysctl_11xx.o)
                0x0000000000000474                Chip_SYSCTL_PowerDown
 .text.Chip_SYSCTL_PowerUp
                0x0000000000000490       0x24 /Users/keller_reto/_work/TrainHub/TrainTracker/_workspace_LpcXpresso/lpc_chip_11cxx_lib/Debug/liblpc_chip_11cxx_lib.a(sysctl_11xx.o)
                0x0000000000000490                Chip_SYSCTL_PowerUp
 .text.Chip_WWDT_Init
                0x00000000000004b4       0x20 /Users/keller_reto/_work/TrainHub/TrainTracker/_workspace_LpcXpresso/lpc_chip_11cxx_lib/Debug/liblpc_chip_11cxx_lib.a(wwdt_11xx.o)
                0x00000000000004b4                Chip_WWDT_Init
 .text.Chip_WWDT_ClearStatusFlag
                0x00000000000004d4       0x1c /Users/keller_reto/_work/TrainHub/TrainTracker/_workspace_LpcXpresso/lpc_chip_11cxx_lib/Debug/liblpc_chip_11cxx_lib.a(wwdt_11xx.o)
                0x00000000000004d4                Chip_WWDT_ClearStatusFlag
 .text.__main   0x00000000000004f0       0x12 /Applications/lpcxpresso_7.1.1_125/lpcxpresso/tools/bin/../lib/gcc/arm-none-eabi/4.8.3/../../../../arm-none-eabi/lib/armv6-m/libcr_nohost.a(_cr__main.o)
                0x00000000000004f0                __main
 *fill*         0x0000000000000502        0x2 
 .text._initio  0x0000000000000504       0xa4 /Applications/lpcxpresso_7.1.1_125/lpcxpresso/tools/bin/../lib/gcc/arm-none-eabi/4.8.3/../../../../arm-none-eabi/lib/armv6-m/libcr_c.a(initio.o)
                0x0000000000000504                _initio
 .text.setvbuf  0x00000000000005a8       0x48 /Applications/lpcxpresso_7.1.1_125/lpcxpresso/tools/bin/../lib/gcc/arm-none-eabi/4.8.3/../../../../arm-none-eabi/lib/armv6-m/libcr_c.a(setvbuf.o)
                0x00000000000005a8                setvbuf
 .text.memset   0x00000000000005f0        0x8 /Applications/lpcxpresso_7.1.1_125/lpcxpresso/tools/bin/../lib/gcc/arm-none-eabi/4.8.3/../../../../arm-none-eabi/lib/armv6-m/libcr_c.a(memset.o)
                0x00000000000005f0                memset
 .text._deferredlazyseek
                0x00000000000005f8       0x44 /Applications/lpcxpresso_7.1.1_125/lpcxpresso/tools/bin/../lib/gcc/arm-none-eabi/4.8.3/../../../../arm-none-eabi/lib/armv6-m/libcr_c.a(_deferredlazyseek.o)
                0x00000000000005f8                _deferredlazyseek
 .text._fdopen  0x000000000000063c       0x68 /Applications/lpcxpresso_7.1.1_125/lpcxpresso/tools/bin/../lib/gcc/arm-none-eabi/4.8.3/../../../../arm-none-eabi/lib/armv6-m/libcr_c.a(_fdopen.o)
                0x000000000000063c                _fdopen
 .text._fflush  0x00000000000006a4       0x64 /Applications/lpcxpresso_7.1.1_125/lpcxpresso/tools/bin/../lib/gcc/arm-none-eabi/4.8.3/../../../../arm-none-eabi/lib/armv6-m/libcr_c.a(_fflush.o)
                0x00000000000006a4                _fflush
 .text._Cwritebuf
                0x0000000000000708       0x6c /Applications/lpcxpresso_7.1.1_125/lpcxpresso/tools/bin/../lib/gcc/arm-none-eabi/4.8.3/../../../../arm-none-eabi/lib/armv6-m/libcr_c.a(_writebuf.o)
                0x0000000000000708                _Cwritebuf
 .text.malloc   0x0000000000000774       0xc0 /Applications/lpcxpresso_7.1.1_125/lpcxpresso/tools/bin/../lib/gcc/arm-none-eabi/4.8.3/../../../../arm-none-eabi/lib/armv6-m/libcr_c.a(alloc.o)
                0x0000000000000774                malloc
 .text.free     0x0000000000000834        0xe /Applications/lpcxpresso_7.1.1_125/lpcxpresso/tools/bin/../lib/gcc/arm-none-eabi/4.8.3/../../../../arm-none-eabi/lib/armv6-m/libcr_c.a(alloc.o)
                0x0000000000000834                free
 *fill*         0x0000000000000842        0x2 
 .text._Csys_alloc
                0x0000000000000844       0x20 /Applications/lpcxpresso_7.1.1_125/lpcxpresso/tools/bin/../lib/gcc/arm-none-eabi/4.8.3/../../../../arm-none-eabi/lib/armv6-m/libcr_c.a(alloc.o)
                0x0000000000000844                _Csys_alloc
 .text.fclose   0x0000000000000864       0x70 /Applications/lpcxpresso_7.1.1_125/lpcxpresso/tools/bin/../lib/gcc/arm-none-eabi/4.8.3/../../../../arm-none-eabi/lib/armv6-m/libcr_c.a(fclose.o)
                0x0000000000000864                fclose
 .text.fflush   0x00000000000008d4       0x34 /Applications/lpcxpresso_7.1.1_125/lpcxpresso/tools/bin/../lib/gcc/arm-none-eabi/4.8.3/../../../../arm-none-eabi/lib/armv6-m/libcr_c.a(fflush.o)
                0x00000000000008d4                fflush
 .text.fseek    0x0000000000000908       0xf8 /Applications/lpcxpresso_7.1.1_125/lpcxpresso/tools/bin/../lib/gcc/arm-none-eabi/4.8.3/../../../../arm-none-eabi/lib/armv6-m/libcr_c.a(fseek.o)
                0x0000000000000908                fseek
 .text.ftell    0x0000000000000a00       0x4c /Applications/lpcxpresso_7.1.1_125/lpcxpresso/tools/bin/../lib/gcc/arm-none-eabi/4.8.3/../../../../arm-none-eabi/lib/armv6-m/libcr_c.a(ftell.o)
                0x0000000000000a00                ftell
 .text.remove   0x0000000000000a4c       0x12 /Applications/lpcxpresso_7.1.1_125/lpcxpresso/tools/bin/../lib/gcc/arm-none-eabi/4.8.3/../../../../arm-none-eabi/lib/armv6-m/libcr_c.a(remove.o)
                0x0000000000000a4c                remove
 *fill*         0x0000000000000a5e        0x2 
 .text.strlen   0x0000000000000a60       0x54 /Applications/lpcxpresso_7.1.1_125/lpcxpresso/tools/bin/../lib/gcc/arm-none-eabi/4.8.3/../../../../arm-none-eabi/lib/armv6-m/libcr_c.a(strlen.o)
                0x0000000000000a60                strlen
 .text._sbrk    0x0000000000000ab4       0x40 /Applications/lpcxpresso_7.1.1_125/lpcxpresso/tools/bin/../lib/gcc/arm-none-eabi/4.8.3/../../../../arm-none-eabi/lib/armv6-m/libcr_c.a(_cr_sbrk.o)
                0x0000000000000ab4                _sbrk
 .text._do_fflush
                0x0000000000000af4       0x48 /Applications/lpcxpresso_7.1.1_125/lpcxpresso/tools/bin/../lib/gcc/arm-none-eabi/4.8.3/../../../../arm-none-eabi/lib/armv6-m/libcr_c.a(_do_fflush.o)
                0x0000000000000af4                _do_fflush
 .text.__check_heap_overflow
                0x0000000000000b3c       0x2c /Applications/lpcxpresso_7.1.1_125/lpcxpresso/tools/bin/../lib/gcc/arm-none-eabi/4.8.3/../../../../arm-none-eabi/lib/armv6-m/libcr_c.a(_cr_check_heap.o)
                0x0000000000000b3c                __check_heap_overflow
 .text.__aeabi_division_idivmod
                0x0000000000000b68       0x78 /Applications/lpcxpresso_7.1.1_125/lpcxpresso/tools/bin/../lib/gcc/arm-none-eabi/4.8.3/armv6-m/libcr_eabihelpers.a(division_32.o)
                0x0000000000000b68                __aeabi_idiv
                0x0000000000000b68                __aeabi_idivmod
                0x0000000000000b6e                __aeabi_uidiv
                0x0000000000000b6e                __aeabi_uidivmod
 .text.__aeabi_division_idiv0
                0x0000000000000be0        0x2 /Applications/lpcxpresso_7.1.1_125/lpcxpresso/tools/bin/../lib/gcc/arm-none-eabi/4.8.3/armv6-m/libcr_eabihelpers.a(division_idiv0.o)
                0x0000000000000be0                __aeabi_idiv0
 .text.__aeabi_memset_lowlevel
                0x0000000000000be2       0x2a /Applications/lpcxpresso_7.1.1_125/lpcxpresso/tools/bin/../lib/gcc/arm-none-eabi/4.8.3/armv6-m/libcr_eabihelpers.a(memcpy.o)
                0x0000000000000be2                __aeabi_lowlevel_memset
 .text.__sys_appexit
                0x0000000000000c0c        0x2 /Applications/lpcxpresso_7.1.1_125/lpcxpresso/tools/bin/../lib/gcc/arm-none-eabi/4.8.3/../../../../arm-none-eabi/lib/armv6-m/libcr_nohost.a(__sys_appexit.o)
                0x0000000000000c0c                __exit
                0x0000000000000c0c                __sys_appexit
 .text.__sys_close
                0x0000000000000c0e        0x6 /Applications/lpcxpresso_7.1.1_125/lpcxpresso/tools/bin/../lib/gcc/arm-none-eabi/4.8.3/../../../../arm-none-eabi/lib/armv6-m/libcr_nohost.a(__sys_close.o)
                0x0000000000000c0e                __sys_close
 .text.__sys_flen
                0x0000000000000c14        0x6 /Applications/lpcxpresso_7.1.1_125/lpcxpresso/tools/bin/../lib/gcc/arm-none-eabi/4.8.3/../../../../arm-none-eabi/lib/armv6-m/libcr_nohost.a(__sys_flen.o)
                0x0000000000000c14                __sys_flen
 .text.__sys_istty
                0x0000000000000c1a        0x6 /Applications/lpcxpresso_7.1.1_125/lpcxpresso/tools/bin/../lib/gcc/arm-none-eabi/4.8.3/../../../../arm-none-eabi/lib/armv6-m/libcr_nohost.a(__sys_istty.o)
                0x0000000000000c1a                __sys_istty
 .text.__sys_remove
                0x0000000000000c20        0x6 /Applications/lpcxpresso_7.1.1_125/lpcxpresso/tools/bin/../lib/gcc/arm-none-eabi/4.8.3/../../../../arm-none-eabi/lib/armv6-m/libcr_nohost.a(__sys_remove.o)
                0x0000000000000c20                __sys_remove
 .text.__sys_seek
                0x0000000000000c26        0x6 /Applications/lpcxpresso_7.1.1_125/lpcxpresso/tools/bin/../lib/gcc/arm-none-eabi/4.8.3/../../../../arm-none-eabi/lib/armv6-m/libcr_nohost.a(__sys_seek.o)
                0x0000000000000c26                __sys_seek
 .text.__sys_tmpnam
                0x0000000000000c2c        0x6 /Applications/lpcxpresso_7.1.1_125/lpcxpresso/tools/bin/../lib/gcc/arm-none-eabi/4.8.3/../../../../arm-none-eabi/lib/armv6-m/libcr_nohost.a(__sys_tmpnam.o)
                0x0000000000000c2c                __sys_tmpnam
 *(.rodata .rodata.* .constdata .constdata.*)
 *fill*         0x0000000000000c32        0x2 
 .rodata.OscRateIn
                0x0000000000000c34        0x4 /Users/keller_reto/_work/TrainHub/TrainTracker/_workspace_LpcXpresso/nxp_lpcxpresso_11c24_board_lib/Debug/libnxp_lpcxpresso_11c24_board_lib.a(board.o)
                0x0000000000000c34                OscRateIn
 .rodata.pinmuxing
                0x0000000000000c38       0x28 /Users/keller_reto/_work/TrainHub/TrainTracker/_workspace_LpcXpresso/nxp_lpcxpresso_11c24_board_lib/Debug/libnxp_lpcxpresso_11c24_board_lib.a(board_sysinit.o)
 .rodata.wdtOSCRate
                0x0000000000000c60       0x40 /Users/keller_reto/_work/TrainHub/TrainTracker/_workspace_LpcXpresso/lpc_chip_11cxx_lib/Debug/liblpc_chip_11cxx_lib.a(clock_11xx.o)
 .rodata.str1.1
                0x0000000000000ca0        0x4 /Applications/lpcxpresso_7.1.1_125/lpcxpresso/tools/bin/../lib/gcc/arm-none-eabi/4.8.3/../../../../arm-none-eabi/lib/armv6-m/libcr_c.a(initio.o)
 .rodata.str1.1
                0x0000000000000ca4       0x18 /Applications/lpcxpresso_7.1.1_125/lpcxpresso/tools/bin/../lib/gcc/arm-none-eabi/4.8.3/../../../../arm-none-eabi/lib/armv6-m/libcr_c.a(alloc.o)
                0x0000000000000cbc                . = ALIGN (0x4)

.glue_7         0x0000000000000cbc        0x0
 .glue_7        0x0000000000000000        0x0 linker stubs

.glue_7t        0x0000000000000cbc        0x0
 .glue_7t       0x0000000000000000        0x0 linker stubs

.vfp11_veneer   0x0000000000000cbc        0x0
 .vfp11_veneer  0x0000000000000000        0x0 linker stubs

.v4_bx          0x0000000000000cbc        0x0
 .v4_bx         0x0000000000000000        0x0 linker stubs

.iplt           0x0000000000000cbc        0x0
 .iplt          0x0000000000000000        0x0 ./example/src/cr_startup_lpc11xx.o

.rel.dyn        0x0000000000000cbc        0x0
 .rel.iplt      0x0000000000000000        0x0 ./example/src/cr_startup_lpc11xx.o

.ARM.extab
 *(.ARM.extab* .gnu.linkonce.armextab.*)
                0x0000000000000cbc                __exidx_start = .

.ARM.exidx
 *(.ARM.exidx* .gnu.linkonce.armexidx.*)
                0x0000000000000cbc                __exidx_end = .
                0x0000000000000cbc                _etext = .

.uninit_RESERVED
                0x0000000010000000        0x0
 *(.bss.$RESERVED*)
                0x0000000010000000                . = ALIGN (0x4)
                0x0000000010000000                _end_uninit_RESERVED = .

.data           0x0000000010000000        0x0 load address 0x0000000000000cbc
 FILL mask 0xff
                0x0000000010000000                _data = .
 *(vtable)
 *(.ramfunc*)
 *(.data*)
                0x0000000010000000                . = ALIGN (0x4)
                0x0000000010000000                _edata = .

.igot.plt       0x0000000010000000        0x0 load address 0x0000000000000cbc
 .igot.plt      0x0000000000000000        0x0 ./example/src/cr_startup_lpc11xx.o

.bss            0x0000000010000000      0x154 load address 0x0000000000000cbc
                0x0000000010000000                _bss = .
 *(.bss*)
 .bss.errno     0x0000000010000000        0x4 /Applications/lpcxpresso_7.1.1_125/lpcxpresso/tools/bin/../lib/gcc/arm-none-eabi/4.8.3/../../../../arm-none-eabi/lib/armv6-m/libcr_c.a(errno.o)
                0x0000000010000000                errno
 *(COMMON)
 COMMON         0x0000000010000004        0x4 /Users/keller_reto/_work/TrainHub/TrainTracker/_workspace_LpcXpresso/lpc_chip_11cxx_lib/Debug/liblpc_chip_11cxx_lib.a(chip_11xx.o)
                0x0000000010000004                SystemCoreClock
 COMMON         0x0000000010000008        0x4 /Applications/lpcxpresso_7.1.1_125/lpcxpresso/tools/bin/../lib/gcc/arm-none-eabi/4.8.3/../../../../arm-none-eabi/lib/armv6-m/libcr_c.a(initio.o)
                0x0000000010000008                _extra
 COMMON         0x000000001000000c      0x140 /Applications/lpcxpresso_7.1.1_125/lpcxpresso/tools/bin/../lib/gcc/arm-none-eabi/4.8.3/../../../../arm-none-eabi/lib/armv6-m/libcr_c.a(stdio.o)
                0x000000001000000c                __Ciob
 COMMON         0x000000001000014c        0x8 /Applications/lpcxpresso_7.1.1_125/lpcxpresso/tools/bin/../lib/gcc/arm-none-eabi/4.8.3/../../../../arm-none-eabi/lib/armv6-m/libcr_c.a(__init_alloc.o)
                0x000000001000014c                __heaps
                0x0000000010000150                __end_of_heap
                0x0000000010000154                . = ALIGN (0x4)
                0x0000000010000154                _ebss = .
                0x0000000010000154                PROVIDE (end, .)

.noinit         0x0000000010000154        0x0 load address 0x0000000000000cbc
                0x0000000010000154                _noinit = .
 *(.noinit*)
                0x0000000010000154                . = ALIGN (0x4)
                0x0000000010000154                _end_noinit = .
                0x0000000010000154                PROVIDE (_pvHeapStart, .)
                0x0000000010002000                PROVIDE (_vStackTop, (__top_RamLoc8 - 0x0))
OUTPUT(nxp_lpcxpresso_11c24_periph_watchdog.axf elf32-littlearm)

.debug_info     0x0000000000000000     0x47d9
 .debug_info    0x0000000000000000      0x252 ./example/src/cr_startup_lpc11xx.o
 .debug_info    0x0000000000000252       0xcd ./example/src/sysinit.o
 .debug_info    0x000000000000031f      0xd42 ./example/src/watchdog.o
 .debug_info    0x0000000000001061      0xa0b /Users/keller_reto/_work/TrainHub/TrainTracker/_workspace_LpcXpresso/nxp_lpcxpresso_11c24_board_lib/Debug/libnxp_lpcxpresso_11c24_board_lib.a(board.o)
 .debug_info    0x0000000000001a6c      0xb45 /Users/keller_reto/_work/TrainHub/TrainTracker/_workspace_LpcXpresso/nxp_lpcxpresso_11c24_board_lib/Debug/libnxp_lpcxpresso_11c24_board_lib.a(board_sysinit.o)
 .debug_info    0x00000000000025b1       0xdc /Users/keller_reto/_work/TrainHub/TrainTracker/_workspace_LpcXpresso/lpc_chip_11cxx_lib/Debug/liblpc_chip_11cxx_lib.a(chip_11xx.o)
 .debug_info    0x000000000000268d      0x8c4 /Users/keller_reto/_work/TrainHub/TrainTracker/_workspace_LpcXpresso/lpc_chip_11cxx_lib/Debug/liblpc_chip_11cxx_lib.a(clock_11xx.o)
 .debug_info    0x0000000000002f51      0xc71 /Users/keller_reto/_work/TrainHub/TrainTracker/_workspace_LpcXpresso/lpc_chip_11cxx_lib/Debug/liblpc_chip_11cxx_lib.a(gpio_11xx_2.o)
 .debug_info    0x0000000000003bc2      0x589 /Users/keller_reto/_work/TrainHub/TrainTracker/_workspace_LpcXpresso/lpc_chip_11cxx_lib/Debug/liblpc_chip_11cxx_lib.a(sysctl_11xx.o)
 .debug_info    0x000000000000414b      0x68e /Users/keller_reto/_work/TrainHub/TrainTracker/_workspace_LpcXpresso/lpc_chip_11cxx_lib/Debug/liblpc_chip_11cxx_lib.a(wwdt_11xx.o)

.debug_abbrev   0x0000000000000000     0x10ad
 .debug_abbrev  0x0000000000000000       0xf9 ./example/src/cr_startup_lpc11xx.o
 .debug_abbrev  0x00000000000000f9       0x88 ./example/src/sysinit.o
 .debug_abbrev  0x0000000000000181      0x331 ./example/src/watchdog.o
 .debug_abbrev  0x00000000000004b2      0x2de /Users/keller_reto/_work/TrainHub/TrainTracker/_workspace_LpcXpresso/nxp_lpcxpresso_11c24_board_lib/Debug/libnxp_lpcxpresso_11c24_board_lib.a(board.o)
 .debug_abbrev  0x0000000000000790      0x2a6 /Users/keller_reto/_work/TrainHub/TrainTracker/_workspace_LpcXpresso/nxp_lpcxpresso_11c24_board_lib/Debug/libnxp_lpcxpresso_11c24_board_lib.a(board_sysinit.o)
 .debug_abbrev  0x0000000000000a36       0x9b /Users/keller_reto/_work/TrainHub/TrainTracker/_workspace_LpcXpresso/lpc_chip_11cxx_lib/Debug/liblpc_chip_11cxx_lib.a(chip_11xx.o)
 .debug_abbrev  0x0000000000000ad1      0x1fb /Users/keller_reto/_work/TrainHub/TrainTracker/_workspace_LpcXpresso/lpc_chip_11cxx_lib/Debug/liblpc_chip_11cxx_lib.a(clock_11xx.o)
 .debug_abbrev  0x0000000000000ccc      0x1c5 /Users/keller_reto/_work/TrainHub/TrainTracker/_workspace_LpcXpresso/lpc_chip_11cxx_lib/Debug/liblpc_chip_11cxx_lib.a(gpio_11xx_2.o)
 .debug_abbrev  0x0000000000000e91       0xce /Users/keller_reto/_work/TrainHub/TrainTracker/_workspace_LpcXpresso/lpc_chip_11cxx_lib/Debug/liblpc_chip_11cxx_lib.a(sysctl_11xx.o)
 .debug_abbrev  0x0000000000000f5f      0x14e /Users/keller_reto/_work/TrainHub/TrainTracker/_workspace_LpcXpresso/lpc_chip_11cxx_lib/Debug/liblpc_chip_11cxx_lib.a(wwdt_11xx.o)

.debug_loc      0x0000000000000000      0xe63
 .debug_loc     0x0000000000000000      0x1bb ./example/src/cr_startup_lpc11xx.o
 .debug_loc     0x00000000000001bb       0xab ./example/src/watchdog.o
 .debug_loc     0x0000000000000266      0x168 /Users/keller_reto/_work/TrainHub/TrainTracker/_workspace_LpcXpresso/nxp_lpcxpresso_11c24_board_lib/Debug/libnxp_lpcxpresso_11c24_board_lib.a(board.o)
 .debug_loc     0x00000000000003ce       0x85 /Users/keller_reto/_work/TrainHub/TrainTracker/_workspace_LpcXpresso/nxp_lpcxpresso_11c24_board_lib/Debug/libnxp_lpcxpresso_11c24_board_lib.a(board_sysinit.o)
 .debug_loc     0x0000000000000453      0x1b4 /Users/keller_reto/_work/TrainHub/TrainTracker/_workspace_LpcXpresso/lpc_chip_11cxx_lib/Debug/liblpc_chip_11cxx_lib.a(clock_11xx.o)
 .debug_loc     0x0000000000000607      0x76b /Users/keller_reto/_work/TrainHub/TrainTracker/_workspace_LpcXpresso/lpc_chip_11cxx_lib/Debug/liblpc_chip_11cxx_lib.a(gpio_11xx_2.o)
 .debug_loc     0x0000000000000d72       0xd0 /Users/keller_reto/_work/TrainHub/TrainTracker/_workspace_LpcXpresso/lpc_chip_11cxx_lib/Debug/liblpc_chip_11cxx_lib.a(sysctl_11xx.o)
 .debug_loc     0x0000000000000e42       0x21 /Users/keller_reto/_work/TrainHub/TrainTracker/_workspace_LpcXpresso/lpc_chip_11cxx_lib/Debug/liblpc_chip_11cxx_lib.a(wwdt_11xx.o)

.debug_aranges  0x0000000000000000      0x2a0
 .debug_aranges
                0x0000000000000000       0x60 ./example/src/cr_startup_lpc11xx.o
 .debug_aranges
                0x0000000000000060       0x20 ./example/src/sysinit.o
 .debug_aranges
                0x0000000000000080       0x30 ./example/src/watchdog.o
 .debug_aranges
                0x00000000000000b0       0x70 /Users/keller_reto/_work/TrainHub/TrainTracker/_workspace_LpcXpresso/nxp_lpcxpresso_11c24_board_lib/Debug/libnxp_lpcxpresso_11c24_board_lib.a(board.o)
 .debug_aranges
                0x0000000000000120       0x30 /Users/keller_reto/_work/TrainHub/TrainTracker/_workspace_LpcXpresso/nxp_lpcxpresso_11c24_board_lib/Debug/libnxp_lpcxpresso_11c24_board_lib.a(board_sysinit.o)
 .debug_aranges
                0x0000000000000150       0x20 /Users/keller_reto/_work/TrainHub/TrainTracker/_workspace_LpcXpresso/lpc_chip_11cxx_lib/Debug/liblpc_chip_11cxx_lib.a(chip_11xx.o)
 .debug_aranges
                0x0000000000000170       0x78 /Users/keller_reto/_work/TrainHub/TrainTracker/_workspace_LpcXpresso/lpc_chip_11cxx_lib/Debug/liblpc_chip_11cxx_lib.a(clock_11xx.o)
 .debug_aranges
                0x00000000000001e8       0x50 /Users/keller_reto/_work/TrainHub/TrainTracker/_workspace_LpcXpresso/lpc_chip_11cxx_lib/Debug/liblpc_chip_11cxx_lib.a(gpio_11xx_2.o)
 .debug_aranges
                0x0000000000000238       0x38 /Users/keller_reto/_work/TrainHub/TrainTracker/_workspace_LpcXpresso/lpc_chip_11cxx_lib/Debug/liblpc_chip_11cxx_lib.a(sysctl_11xx.o)
 .debug_aranges
                0x0000000000000270       0x30 /Users/keller_reto/_work/TrainHub/TrainTracker/_workspace_LpcXpresso/lpc_chip_11cxx_lib/Debug/liblpc_chip_11cxx_lib.a(wwdt_11xx.o)

.debug_ranges   0x0000000000000000      0x230
 .debug_ranges  0x0000000000000000       0x50 ./example/src/cr_startup_lpc11xx.o
 .debug_ranges  0x0000000000000050       0x10 ./example/src/sysinit.o
 .debug_ranges  0x0000000000000060       0x38 ./example/src/watchdog.o
 .debug_ranges  0x0000000000000098       0x60 /Users/keller_reto/_work/TrainHub/TrainTracker/_workspace_LpcXpresso/nxp_lpcxpresso_11c24_board_lib/Debug/libnxp_lpcxpresso_11c24_board_lib.a(board.o)
 .debug_ranges  0x00000000000000f8       0x38 /Users/keller_reto/_work/TrainHub/TrainTracker/_workspace_LpcXpresso/nxp_lpcxpresso_11c24_board_lib/Debug/libnxp_lpcxpresso_11c24_board_lib.a(board_sysinit.o)
 .debug_ranges  0x0000000000000130       0x10 /Users/keller_reto/_work/TrainHub/TrainTracker/_workspace_LpcXpresso/lpc_chip_11cxx_lib/Debug/liblpc_chip_11cxx_lib.a(chip_11xx.o)
 .debug_ranges  0x0000000000000140       0x68 /Users/keller_reto/_work/TrainHub/TrainTracker/_workspace_LpcXpresso/lpc_chip_11cxx_lib/Debug/liblpc_chip_11cxx_lib.a(clock_11xx.o)
 .debug_ranges  0x00000000000001a8       0x40 /Users/keller_reto/_work/TrainHub/TrainTracker/_workspace_LpcXpresso/lpc_chip_11cxx_lib/Debug/liblpc_chip_11cxx_lib.a(gpio_11xx_2.o)
 .debug_ranges  0x00000000000001e8       0x28 /Users/keller_reto/_work/TrainHub/TrainTracker/_workspace_LpcXpresso/lpc_chip_11cxx_lib/Debug/liblpc_chip_11cxx_lib.a(sysctl_11xx.o)
 .debug_ranges  0x0000000000000210       0x20 /Users/keller_reto/_work/TrainHub/TrainTracker/_workspace_LpcXpresso/lpc_chip_11cxx_lib/Debug/liblpc_chip_11cxx_lib.a(wwdt_11xx.o)

.debug_macro    0x0000000000000000     0x3b8b
 .debug_macro   0x0000000000000000       0x26 ./example/src/cr_startup_lpc11xx.o
 .debug_macro   0x0000000000000026      0x826 ./example/src/cr_startup_lpc11xx.o
 .debug_macro   0x000000000000084c       0x10 ./example/src/cr_startup_lpc11xx.o
 .debug_macro   0x000000000000085c      0x17d ./example/src/sysinit.o
 .debug_macro   0x00000000000009d9      0x820 ./example/src/sysinit.o
 .debug_macro   0x00000000000011f9       0x10 ./example/src/sysinit.o
 .debug_macro   0x0000000000001209      0x122 ./example/src/sysinit.o
 .debug_macro   0x000000000000132b      0x5b9 ./example/src/sysinit.o
 .debug_macro   0x00000000000018e4       0x22 ./example/src/sysinit.o
 .debug_macro   0x0000000000001906       0x7b ./example/src/sysinit.o
 .debug_macro   0x0000000000001981       0x1f ./example/src/sysinit.o
 .debug_macro   0x00000000000019a0       0x3a ./example/src/sysinit.o
 .debug_macro   0x00000000000019da      0x241 ./example/src/sysinit.o
 .debug_macro   0x0000000000001c1b      0x117 ./example/src/sysinit.o
 .debug_macro   0x0000000000001d32       0x22 ./example/src/sysinit.o
 .debug_macro   0x0000000000001d54       0xb2 ./example/src/sysinit.o
 .debug_macro   0x0000000000001e06       0x10 ./example/src/sysinit.o
 .debug_macro   0x0000000000001e16      0x137 ./example/src/sysinit.o
 .debug_macro   0x0000000000001f4d       0x4c ./example/src/sysinit.o
 .debug_macro   0x0000000000001f99       0x16 ./example/src/sysinit.o
 .debug_macro   0x0000000000001faf      0x31a ./example/src/sysinit.o
 .debug_macro   0x00000000000022c9       0x2e ./example/src/sysinit.o
 .debug_macro   0x00000000000022f7       0xb8 ./example/src/sysinit.o
 .debug_macro   0x00000000000023af       0x11 ./example/src/sysinit.o
 .debug_macro   0x00000000000023c0       0x7c ./example/src/sysinit.o
 .debug_macro   0x000000000000243c      0x21c ./example/src/sysinit.o
 .debug_macro   0x0000000000002658      0x113 ./example/src/sysinit.o
 .debug_macro   0x000000000000276b       0x10 ./example/src/sysinit.o
 .debug_macro   0x000000000000277b       0x9a ./example/src/sysinit.o
 .debug_macro   0x0000000000002815       0x20 ./example/src/sysinit.o
 .debug_macro   0x0000000000002835      0x183 ./example/src/watchdog.o
 .debug_macro   0x00000000000029b8      0x18a /Users/keller_reto/_work/TrainHub/TrainTracker/_workspace_LpcXpresso/nxp_lpcxpresso_11c24_board_lib/Debug/libnxp_lpcxpresso_11c24_board_lib.a(board.o)
 .debug_macro   0x0000000000002b42      0x81a /Users/keller_reto/_work/TrainHub/TrainTracker/_workspace_LpcXpresso/nxp_lpcxpresso_11c24_board_lib/Debug/libnxp_lpcxpresso_11c24_board_lib.a(board.o)
 .debug_macro   0x000000000000335c       0x12 /Users/keller_reto/_work/TrainHub/TrainTracker/_workspace_LpcXpresso/nxp_lpcxpresso_11c24_board_lib/Debug/libnxp_lpcxpresso_11c24_board_lib.a(board.o)
 .debug_macro   0x000000000000336e      0x18b /Users/keller_reto/_work/TrainHub/TrainTracker/_workspace_LpcXpresso/nxp_lpcxpresso_11c24_board_lib/Debug/libnxp_lpcxpresso_11c24_board_lib.a(board_sysinit.o)
 .debug_macro   0x00000000000034f9      0x148 /Users/keller_reto/_work/TrainHub/TrainTracker/_workspace_LpcXpresso/lpc_chip_11cxx_lib/Debug/liblpc_chip_11cxx_lib.a(chip_11xx.o)
 .debug_macro   0x0000000000003641      0x148 /Users/keller_reto/_work/TrainHub/TrainTracker/_workspace_LpcXpresso/lpc_chip_11cxx_lib/Debug/liblpc_chip_11cxx_lib.a(clock_11xx.o)
 .debug_macro   0x0000000000003789      0x148 /Users/keller_reto/_work/TrainHub/TrainTracker/_workspace_LpcXpresso/lpc_chip_11cxx_lib/Debug/liblpc_chip_11cxx_lib.a(gpio_11xx_2.o)
 .debug_macro   0x00000000000038d1      0x172 /Users/keller_reto/_work/TrainHub/TrainTracker/_workspace_LpcXpresso/lpc_chip_11cxx_lib/Debug/liblpc_chip_11cxx_lib.a(sysctl_11xx.o)
 .debug_macro   0x0000000000003a43      0x148 /Users/keller_reto/_work/TrainHub/TrainTracker/_workspace_LpcXpresso/lpc_chip_11cxx_lib/Debug/liblpc_chip_11cxx_lib.a(wwdt_11xx.o)

.debug_line     0x0000000000000000     0x21e9
 .debug_line    0x0000000000000000      0x10d ./example/src/cr_startup_lpc11xx.o
 .debug_line    0x000000000000010d      0x375 ./example/src/sysinit.o
 .debug_line    0x0000000000000482      0x420 ./example/src/watchdog.o
 .debug_line    0x00000000000008a2      0x47d /Users/keller_reto/_work/TrainHub/TrainTracker/_workspace_LpcXpresso/nxp_lpcxpresso_11c24_board_lib/Debug/libnxp_lpcxpresso_11c24_board_lib.a(board.o)
 .debug_line    0x0000000000000d1f      0x422 /Users/keller_reto/_work/TrainHub/TrainTracker/_workspace_LpcXpresso/nxp_lpcxpresso_11c24_board_lib/Debug/libnxp_lpcxpresso_11c24_board_lib.a(board_sysinit.o)
 .debug_line    0x0000000000001141      0x2e2 /Users/keller_reto/_work/TrainHub/TrainTracker/_workspace_LpcXpresso/lpc_chip_11cxx_lib/Debug/liblpc_chip_11cxx_lib.a(chip_11xx.o)
 .debug_line    0x0000000000001423      0x3d8 /Users/keller_reto/_work/TrainHub/TrainTracker/_workspace_LpcXpresso/lpc_chip_11cxx_lib/Debug/liblpc_chip_11cxx_lib.a(clock_11xx.o)
 .debug_line    0x00000000000017fb      0x3b0 /Users/keller_reto/_work/TrainHub/TrainTracker/_workspace_LpcXpresso/lpc_chip_11cxx_lib/Debug/liblpc_chip_11cxx_lib.a(gpio_11xx_2.o)
 .debug_line    0x0000000000001bab      0x31f /Users/keller_reto/_work/TrainHub/TrainTracker/_workspace_LpcXpresso/lpc_chip_11cxx_lib/Debug/liblpc_chip_11cxx_lib.a(sysctl_11xx.o)
 .debug_line    0x0000000000001eca      0x31f /Users/keller_reto/_work/TrainHub/TrainTracker/_workspace_LpcXpresso/lpc_chip_11cxx_lib/Debug/liblpc_chip_11cxx_lib.a(wwdt_11xx.o)

.debug_str      0x0000000000000000     0x9977
 .debug_str     0x0000000000000000     0x24bc ./example/src/cr_startup_lpc11xx.o
                                       0x24da (size before relaxing)
 .debug_str     0x00000000000024bc     0x5bfd ./example/src/sysinit.o
                                       0x7f70 (size before relaxing)
 .debug_str     0x00000000000080b9      0x89e ./example/src/watchdog.o
                                       0x8821 (size before relaxing)
 .debug_str     0x0000000000008957      0x52c /Users/keller_reto/_work/TrainHub/TrainTracker/_workspace_LpcXpresso/nxp_lpcxpresso_11c24_board_lib/Debug/libnxp_lpcxpresso_11c24_board_lib.a(board.o)
                                       0x844f (size before relaxing)
 .debug_str     0x0000000000008e83      0x4b6 /Users/keller_reto/_work/TrainHub/TrainTracker/_workspace_LpcXpresso/nxp_lpcxpresso_11c24_board_lib/Debug/libnxp_lpcxpresso_11c24_board_lib.a(board_sysinit.o)
                                       0x8929 (size before relaxing)
 .debug_str     0x0000000000009339       0x81 /Users/keller_reto/_work/TrainHub/TrainTracker/_workspace_LpcXpresso/lpc_chip_11cxx_lib/Debug/liblpc_chip_11cxx_lib.a(chip_11xx.o)
                                       0x7caf (size before relaxing)
 .debug_str     0x00000000000093ba      0x1ea /Users/keller_reto/_work/TrainHub/TrainTracker/_workspace_LpcXpresso/lpc_chip_11cxx_lib/Debug/liblpc_chip_11cxx_lib.a(clock_11xx.o)
                                       0x8455 (size before relaxing)
 .debug_str     0x00000000000095a4      0x233 /Users/keller_reto/_work/TrainHub/TrainTracker/_workspace_LpcXpresso/lpc_chip_11cxx_lib/Debug/liblpc_chip_11cxx_lib.a(gpio_11xx_2.o)
                                       0x8333 (size before relaxing)
 .debug_str     0x00000000000097d7      0x175 /Users/keller_reto/_work/TrainHub/TrainTracker/_workspace_LpcXpresso/lpc_chip_11cxx_lib/Debug/liblpc_chip_11cxx_lib.a(sysctl_11xx.o)
                                       0x809f (size before relaxing)
 .debug_str     0x000000000000994c       0x2b /Users/keller_reto/_work/TrainHub/TrainTracker/_workspace_LpcXpresso/lpc_chip_11cxx_lib/Debug/liblpc_chip_11cxx_lib.a(wwdt_11xx.o)
                                       0x813e (size before relaxing)

.comment        0x0000000000000000       0xe0
 .comment       0x0000000000000000       0x70 ./example/src/cr_startup_lpc11xx.o
                                         0x71 (size before relaxing)
 .comment       0x0000000000000000       0x71 ./example/src/sysinit.o
 .comment       0x0000000000000000       0x71 ./example/src/watchdog.o
 .comment       0x0000000000000000       0x71 /Users/keller_reto/_work/TrainHub/TrainTracker/_workspace_LpcXpresso/nxp_lpcxpresso_11c24_board_lib/Debug/libnxp_lpcxpresso_11c24_board_lib.a(board.o)
 .comment       0x0000000000000000       0x71 /Users/keller_reto/_work/TrainHub/TrainTracker/_workspace_LpcXpresso/nxp_lpcxpresso_11c24_board_lib/Debug/libnxp_lpcxpresso_11c24_board_lib.a(board_sysinit.o)
 .comment       0x0000000000000000       0x71 /Users/keller_reto/_work/TrainHub/TrainTracker/_workspace_LpcXpresso/lpc_chip_11cxx_lib/Debug/liblpc_chip_11cxx_lib.a(chip_11xx.o)
 .comment       0x0000000000000000       0x71 /Users/keller_reto/_work/TrainHub/TrainTracker/_workspace_LpcXpresso/lpc_chip_11cxx_lib/Debug/liblpc_chip_11cxx_lib.a(clock_11xx.o)
 .comment       0x0000000000000000       0x71 /Users/keller_reto/_work/TrainHub/TrainTracker/_workspace_LpcXpresso/lpc_chip_11cxx_lib/Debug/liblpc_chip_11cxx_lib.a(gpio_11xx_2.o)
 .comment       0x0000000000000000       0x71 /Users/keller_reto/_work/TrainHub/TrainTracker/_workspace_LpcXpresso/lpc_chip_11cxx_lib/Debug/liblpc_chip_11cxx_lib.a(sysctl_11xx.o)
 .comment       0x0000000000000000       0x71 /Users/keller_reto/_work/TrainHub/TrainTracker/_workspace_LpcXpresso/lpc_chip_11cxx_lib/Debug/liblpc_chip_11cxx_lib.a(wwdt_11xx.o)
 .comment       0x0000000000000070       0x70 /Applications/lpcxpresso_7.1.1_125/lpcxpresso/tools/bin/../lib/gcc/arm-none-eabi/4.8.3/../../../../arm-none-eabi/lib/armv6-m/libcr_nohost.a(_cr__main.o)
                                         0x71 (size before relaxing)
 .comment       0x0000000000000000       0x71 /Applications/lpcxpresso_7.1.1_125/lpcxpresso/tools/bin/../lib/gcc/arm-none-eabi/4.8.3/../../../../arm-none-eabi/lib/armv6-m/libcr_c.a(initio.o)
 .comment       0x0000000000000000       0x71 /Applications/lpcxpresso_7.1.1_125/lpcxpresso/tools/bin/../lib/gcc/arm-none-eabi/4.8.3/../../../../arm-none-eabi/lib/armv6-m/libcr_c.a(setvbuf.o)
 .comment       0x0000000000000000       0x71 /Applications/lpcxpresso_7.1.1_125/lpcxpresso/tools/bin/../lib/gcc/arm-none-eabi/4.8.3/../../../../arm-none-eabi/lib/armv6-m/libcr_c.a(stdio.o)
 .comment       0x0000000000000000       0x71 /Applications/lpcxpresso_7.1.1_125/lpcxpresso/tools/bin/../lib/gcc/arm-none-eabi/4.8.3/../../../../arm-none-eabi/lib/armv6-m/libcr_c.a(memset.o)
 .comment       0x0000000000000000       0x71 /Applications/lpcxpresso_7.1.1_125/lpcxpresso/tools/bin/../lib/gcc/arm-none-eabi/4.8.3/../../../../arm-none-eabi/lib/armv6-m/libcr_c.a(_deferredlazyseek.o)
 .comment       0x0000000000000000       0x71 /Applications/lpcxpresso_7.1.1_125/lpcxpresso/tools/bin/../lib/gcc/arm-none-eabi/4.8.3/../../../../arm-none-eabi/lib/armv6-m/libcr_c.a(_fdopen.o)
 .comment       0x0000000000000000       0x71 /Applications/lpcxpresso_7.1.1_125/lpcxpresso/tools/bin/../lib/gcc/arm-none-eabi/4.8.3/../../../../arm-none-eabi/lib/armv6-m/libcr_c.a(_fflush.o)
 .comment       0x0000000000000000       0x71 /Applications/lpcxpresso_7.1.1_125/lpcxpresso/tools/bin/../lib/gcc/arm-none-eabi/4.8.3/../../../../arm-none-eabi/lib/armv6-m/libcr_c.a(_writebuf.o)
 .comment       0x0000000000000000       0x71 /Applications/lpcxpresso_7.1.1_125/lpcxpresso/tools/bin/../lib/gcc/arm-none-eabi/4.8.3/../../../../arm-none-eabi/lib/armv6-m/libcr_c.a(alloc.o)
 .comment       0x0000000000000000       0x71 /Applications/lpcxpresso_7.1.1_125/lpcxpresso/tools/bin/../lib/gcc/arm-none-eabi/4.8.3/../../../../arm-none-eabi/lib/armv6-m/libcr_c.a(fclose.o)
 .comment       0x0000000000000000       0x71 /Applications/lpcxpresso_7.1.1_125/lpcxpresso/tools/bin/../lib/gcc/arm-none-eabi/4.8.3/../../../../arm-none-eabi/lib/armv6-m/libcr_c.a(fflush.o)
 .comment       0x0000000000000000       0x71 /Applications/lpcxpresso_7.1.1_125/lpcxpresso/tools/bin/../lib/gcc/arm-none-eabi/4.8.3/../../../../arm-none-eabi/lib/armv6-m/libcr_c.a(fseek.o)
 .comment       0x0000000000000000       0x71 /Applications/lpcxpresso_7.1.1_125/lpcxpresso/tools/bin/../lib/gcc/arm-none-eabi/4.8.3/../../../../arm-none-eabi/lib/armv6-m/libcr_c.a(ftell.o)
 .comment       0x0000000000000000       0x71 /Applications/lpcxpresso_7.1.1_125/lpcxpresso/tools/bin/../lib/gcc/arm-none-eabi/4.8.3/../../../../arm-none-eabi/lib/armv6-m/libcr_c.a(remove.o)
 .comment       0x0000000000000000       0x71 /Applications/lpcxpresso_7.1.1_125/lpcxpresso/tools/bin/../lib/gcc/arm-none-eabi/4.8.3/../../../../arm-none-eabi/lib/armv6-m/libcr_c.a(strlen.o)
 .comment       0x0000000000000000       0x71 /Applications/lpcxpresso_7.1.1_125/lpcxpresso/tools/bin/../lib/gcc/arm-none-eabi/4.8.3/../../../../arm-none-eabi/lib/armv6-m/libcr_c.a(__init_alloc.o)
 .comment       0x0000000000000000       0x71 /Applications/lpcxpresso_7.1.1_125/lpcxpresso/tools/bin/../lib/gcc/arm-none-eabi/4.8.3/../../../../arm-none-eabi/lib/armv6-m/libcr_c.a(_cr_sbrk.o)
 .comment       0x0000000000000000       0x71 /Applications/lpcxpresso_7.1.1_125/lpcxpresso/tools/bin/../lib/gcc/arm-none-eabi/4.8.3/../../../../arm-none-eabi/lib/armv6-m/libcr_c.a(_do_fflush.o)
 .comment       0x0000000000000000       0x71 /Applications/lpcxpresso_7.1.1_125/lpcxpresso/tools/bin/../lib/gcc/arm-none-eabi/4.8.3/../../../../arm-none-eabi/lib/armv6-m/libcr_c.a(errno.o)
 .comment       0x0000000000000000       0x71 /Applications/lpcxpresso_7.1.1_125/lpcxpresso/tools/bin/../lib/gcc/arm-none-eabi/4.8.3/../../../../arm-none-eabi/lib/armv6-m/libcr_c.a(_cr_check_heap.o)
 .comment       0x0000000000000000       0x71 /Applications/lpcxpresso_7.1.1_125/lpcxpresso/tools/bin/../lib/gcc/arm-none-eabi/4.8.3/../../../../arm-none-eabi/lib/armv6-m/libcr_nohost.a(__sys_appexit.o)
 .comment       0x0000000000000000       0x71 /Applications/lpcxpresso_7.1.1_125/lpcxpresso/tools/bin/../lib/gcc/arm-none-eabi/4.8.3/../../../../arm-none-eabi/lib/armv6-m/libcr_nohost.a(__sys_close.o)
 .comment       0x0000000000000000       0x71 /Applications/lpcxpresso_7.1.1_125/lpcxpresso/tools/bin/../lib/gcc/arm-none-eabi/4.8.3/../../../../arm-none-eabi/lib/armv6-m/libcr_nohost.a(__sys_flen.o)
 .comment       0x0000000000000000       0x71 /Applications/lpcxpresso_7.1.1_125/lpcxpresso/tools/bin/../lib/gcc/arm-none-eabi/4.8.3/../../../../arm-none-eabi/lib/armv6-m/libcr_nohost.a(__sys_istty.o)
 .comment       0x0000000000000000       0x71 /Applications/lpcxpresso_7.1.1_125/lpcxpresso/tools/bin/../lib/gcc/arm-none-eabi/4.8.3/../../../../arm-none-eabi/lib/armv6-m/libcr_nohost.a(__sys_remove.o)
 .comment       0x0000000000000000       0x71 /Applications/lpcxpresso_7.1.1_125/lpcxpresso/tools/bin/../lib/gcc/arm-none-eabi/4.8.3/../../../../arm-none-eabi/lib/armv6-m/libcr_nohost.a(__sys_seek.o)
 .comment       0x0000000000000000       0x71 /Applications/lpcxpresso_7.1.1_125/lpcxpresso/tools/bin/../lib/gcc/arm-none-eabi/4.8.3/../../../../arm-none-eabi/lib/armv6-m/libcr_nohost.a(__sys_tmpnam.o)

.ARM.attributes
                0x0000000000000000       0x2f
 .ARM.attributes
                0x0000000000000000       0x31 ./example/src/cr_startup_lpc11xx.o
 .ARM.attributes
                0x0000000000000031       0x31 ./example/src/sysinit.o
 .ARM.attributes
                0x0000000000000062       0x31 ./example/src/watchdog.o
 .ARM.attributes
                0x0000000000000093       0x31 /Users/keller_reto/_work/TrainHub/TrainTracker/_workspace_LpcXpresso/nxp_lpcxpresso_11c24_board_lib/Debug/libnxp_lpcxpresso_11c24_board_lib.a(board.o)
 .ARM.attributes
                0x00000000000000c4       0x31 /Users/keller_reto/_work/TrainHub/TrainTracker/_workspace_LpcXpresso/nxp_lpcxpresso_11c24_board_lib/Debug/libnxp_lpcxpresso_11c24_board_lib.a(board_sysinit.o)
 .ARM.attributes
                0x00000000000000f5       0x31 /Users/keller_reto/_work/TrainHub/TrainTracker/_workspace_LpcXpresso/lpc_chip_11cxx_lib/Debug/liblpc_chip_11cxx_lib.a(chip_11xx.o)
 .ARM.attributes
                0x0000000000000126       0x31 /Users/keller_reto/_work/TrainHub/TrainTracker/_workspace_LpcXpresso/lpc_chip_11cxx_lib/Debug/liblpc_chip_11cxx_lib.a(clock_11xx.o)
 .ARM.attributes
                0x0000000000000157       0x31 /Users/keller_reto/_work/TrainHub/TrainTracker/_workspace_LpcXpresso/lpc_chip_11cxx_lib/Debug/liblpc_chip_11cxx_lib.a(gpio_11xx_2.o)
 .ARM.attributes
                0x0000000000000188       0x31 /Users/keller_reto/_work/TrainHub/TrainTracker/_workspace_LpcXpresso/lpc_chip_11cxx_lib/Debug/liblpc_chip_11cxx_lib.a(sysctl_11xx.o)
 .ARM.attributes
                0x00000000000001b9       0x31 /Users/keller_reto/_work/TrainHub/TrainTracker/_workspace_LpcXpresso/lpc_chip_11cxx_lib/Debug/liblpc_chip_11cxx_lib.a(wwdt_11xx.o)
 .ARM.attributes
                0x00000000000001ea       0x31 /Applications/lpcxpresso_7.1.1_125/lpcxpresso/tools/bin/../lib/gcc/arm-none-eabi/4.8.3/../../../../arm-none-eabi/lib/armv6-m/libcr_nohost.a(_cr__main.o)
 .ARM.attributes
                0x000000000000021b       0x31 /Applications/lpcxpresso_7.1.1_125/lpcxpresso/tools/bin/../lib/gcc/arm-none-eabi/4.8.3/../../../../arm-none-eabi/lib/armv6-m/libcr_c.a(initio.o)
 .ARM.attributes
                0x000000000000024c       0x31 /Applications/lpcxpresso_7.1.1_125/lpcxpresso/tools/bin/../lib/gcc/arm-none-eabi/4.8.3/../../../../arm-none-eabi/lib/armv6-m/libcr_c.a(setvbuf.o)
 .ARM.attributes
                0x000000000000027d       0x31 /Applications/lpcxpresso_7.1.1_125/lpcxpresso/tools/bin/../lib/gcc/arm-none-eabi/4.8.3/../../../../arm-none-eabi/lib/armv6-m/libcr_c.a(stdio.o)
 .ARM.attributes
                0x00000000000002ae       0x31 /Applications/lpcxpresso_7.1.1_125/lpcxpresso/tools/bin/../lib/gcc/arm-none-eabi/4.8.3/../../../../arm-none-eabi/lib/armv6-m/libcr_c.a(memset.o)
 .ARM.attributes
                0x00000000000002df       0x31 /Applications/lpcxpresso_7.1.1_125/lpcxpresso/tools/bin/../lib/gcc/arm-none-eabi/4.8.3/../../../../arm-none-eabi/lib/armv6-m/libcr_c.a(_deferredlazyseek.o)
 .ARM.attributes
                0x0000000000000310       0x31 /Applications/lpcxpresso_7.1.1_125/lpcxpresso/tools/bin/../lib/gcc/arm-none-eabi/4.8.3/../../../../arm-none-eabi/lib/armv6-m/libcr_c.a(_fdopen.o)
 .ARM.attributes
                0x0000000000000341       0x31 /Applications/lpcxpresso_7.1.1_125/lpcxpresso/tools/bin/../lib/gcc/arm-none-eabi/4.8.3/../../../../arm-none-eabi/lib/armv6-m/libcr_c.a(_fflush.o)
 .ARM.attributes
                0x0000000000000372       0x31 /Applications/lpcxpresso_7.1.1_125/lpcxpresso/tools/bin/../lib/gcc/arm-none-eabi/4.8.3/../../../../arm-none-eabi/lib/armv6-m/libcr_c.a(_writebuf.o)
 .ARM.attributes
                0x00000000000003a3       0x31 /Applications/lpcxpresso_7.1.1_125/lpcxpresso/tools/bin/../lib/gcc/arm-none-eabi/4.8.3/../../../../arm-none-eabi/lib/armv6-m/libcr_c.a(alloc.o)
 .ARM.attributes
                0x00000000000003d4       0x31 /Applications/lpcxpresso_7.1.1_125/lpcxpresso/tools/bin/../lib/gcc/arm-none-eabi/4.8.3/../../../../arm-none-eabi/lib/armv6-m/libcr_c.a(fclose.o)
 .ARM.attributes
                0x0000000000000405       0x31 /Applications/lpcxpresso_7.1.1_125/lpcxpresso/tools/bin/../lib/gcc/arm-none-eabi/4.8.3/../../../../arm-none-eabi/lib/armv6-m/libcr_c.a(fflush.o)
 .ARM.attributes
                0x0000000000000436       0x31 /Applications/lpcxpresso_7.1.1_125/lpcxpresso/tools/bin/../lib/gcc/arm-none-eabi/4.8.3/../../../../arm-none-eabi/lib/armv6-m/libcr_c.a(fseek.o)
 .ARM.attributes
                0x0000000000000467       0x31 /Applications/lpcxpresso_7.1.1_125/lpcxpresso/tools/bin/../lib/gcc/arm-none-eabi/4.8.3/../../../../arm-none-eabi/lib/armv6-m/libcr_c.a(ftell.o)
 .ARM.attributes
                0x0000000000000498       0x31 /Applications/lpcxpresso_7.1.1_125/lpcxpresso/tools/bin/../lib/gcc/arm-none-eabi/4.8.3/../../../../arm-none-eabi/lib/armv6-m/libcr_c.a(remove.o)
 .ARM.attributes
                0x00000000000004c9       0x31 /Applications/lpcxpresso_7.1.1_125/lpcxpresso/tools/bin/../lib/gcc/arm-none-eabi/4.8.3/../../../../arm-none-eabi/lib/armv6-m/libcr_c.a(strlen.o)
 .ARM.attributes
                0x00000000000004fa       0x31 /Applications/lpcxpresso_7.1.1_125/lpcxpresso/tools/bin/../lib/gcc/arm-none-eabi/4.8.3/../../../../arm-none-eabi/lib/armv6-m/libcr_c.a(__init_alloc.o)
 .ARM.attributes
                0x000000000000052b       0x31 /Applications/lpcxpresso_7.1.1_125/lpcxpresso/tools/bin/../lib/gcc/arm-none-eabi/4.8.3/../../../../arm-none-eabi/lib/armv6-m/libcr_c.a(_cr_sbrk.o)
 .ARM.attributes
                0x000000000000055c       0x31 /Applications/lpcxpresso_7.1.1_125/lpcxpresso/tools/bin/../lib/gcc/arm-none-eabi/4.8.3/../../../../arm-none-eabi/lib/armv6-m/libcr_c.a(_do_fflush.o)
 .ARM.attributes
                0x000000000000058d       0x31 /Applications/lpcxpresso_7.1.1_125/lpcxpresso/tools/bin/../lib/gcc/arm-none-eabi/4.8.3/../../../../arm-none-eabi/lib/armv6-m/libcr_c.a(errno.o)
 .ARM.attributes
                0x00000000000005be       0x31 /Applications/lpcxpresso_7.1.1_125/lpcxpresso/tools/bin/../lib/gcc/arm-none-eabi/4.8.3/../../../../arm-none-eabi/lib/armv6-m/libcr_c.a(_cr_check_heap.o)
 .ARM.attributes
                0x00000000000005ef       0x21 /Applications/lpcxpresso_7.1.1_125/lpcxpresso/tools/bin/../lib/gcc/arm-none-eabi/4.8.3/armv6-m/libcr_eabihelpers.a(division_32.o)
 .ARM.attributes
                0x0000000000000610       0x21 /Applications/lpcxpresso_7.1.1_125/lpcxpresso/tools/bin/../lib/gcc/arm-none-eabi/4.8.3/armv6-m/libcr_eabihelpers.a(division_idiv0.o)
 .ARM.attributes
                0x0000000000000631       0x21 /Applications/lpcxpresso_7.1.1_125/lpcxpresso/tools/bin/../lib/gcc/arm-none-eabi/4.8.3/armv6-m/libcr_eabihelpers.a(memcpy.o)
 .ARM.attributes
                0x0000000000000652       0x31 /Applications/lpcxpresso_7.1.1_125/lpcxpresso/tools/bin/../lib/gcc/arm-none-eabi/4.8.3/../../../../arm-none-eabi/lib/armv6-m/libcr_nohost.a(__sys_appexit.o)
 .ARM.attributes
                0x0000000000000683       0x31 /Applications/lpcxpresso_7.1.1_125/lpcxpresso/tools/bin/../lib/gcc/arm-none-eabi/4.8.3/../../../../arm-none-eabi/lib/armv6-m/libcr_nohost.a(__sys_close.o)
 .ARM.attributes
                0x00000000000006b4       0x31 /Applications/lpcxpresso_7.1.1_125/lpcxpresso/tools/bin/../lib/gcc/arm-none-eabi/4.8.3/../../../../arm-none-eabi/lib/armv6-m/libcr_nohost.a(__sys_flen.o)
 .ARM.attributes
                0x00000000000006e5       0x31 /Applications/lpcxpresso_7.1.1_125/lpcxpresso/tools/bin/../lib/gcc/arm-none-eabi/4.8.3/../../../../arm-none-eabi/lib/armv6-m/libcr_nohost.a(__sys_istty.o)
 .ARM.attributes
                0x0000000000000716       0x31 /Applications/lpcxpresso_7.1.1_125/lpcxpresso/tools/bin/../lib/gcc/arm-none-eabi/4.8.3/../../../../arm-none-eabi/lib/armv6-m/libcr_nohost.a(__sys_remove.o)
 .ARM.attributes
                0x0000000000000747       0x31 /Applications/lpcxpresso_7.1.1_125/lpcxpresso/tools/bin/../lib/gcc/arm-none-eabi/4.8.3/../../../../arm-none-eabi/lib/armv6-m/libcr_nohost.a(__sys_seek.o)
 .ARM.attributes
                0x0000000000000778       0x31 /Applications/lpcxpresso_7.1.1_125/lpcxpresso/tools/bin/../lib/gcc/arm-none-eabi/4.8.3/../../../../arm-none-eabi/lib/armv6-m/libcr_nohost.a(__sys_tmpnam.o)

.debug_frame    0x0000000000000000      0x4d4
 .debug_frame   0x0000000000000000       0xb0 ./example/src/cr_startup_lpc11xx.o
 .debug_frame   0x00000000000000b0       0x28 ./example/src/sysinit.o
 .debug_frame   0x00000000000000d8       0x58 ./example/src/watchdog.o
 .debug_frame   0x0000000000000130       0xe8 /Users/keller_reto/_work/TrainHub/TrainTracker/_workspace_LpcXpresso/nxp_lpcxpresso_11c24_board_lib/Debug/libnxp_lpcxpresso_11c24_board_lib.a(board.o)
 .debug_frame   0x0000000000000218       0x5c /Users/keller_reto/_work/TrainHub/TrainTracker/_workspace_LpcXpresso/nxp_lpcxpresso_11c24_board_lib/Debug/libnxp_lpcxpresso_11c24_board_lib.a(board_sysinit.o)
 .debug_frame   0x0000000000000274       0x28 /Users/keller_reto/_work/TrainHub/TrainTracker/_workspace_LpcXpresso/lpc_chip_11cxx_lib/Debug/liblpc_chip_11cxx_lib.a(chip_11xx.o)
 .debug_frame   0x000000000000029c       0xf8 /Users/keller_reto/_work/TrainHub/TrainTracker/_workspace_LpcXpresso/lpc_chip_11cxx_lib/Debug/liblpc_chip_11cxx_lib.a(clock_11xx.o)
 .debug_frame   0x0000000000000394       0xa0 /Users/keller_reto/_work/TrainHub/TrainTracker/_workspace_LpcXpresso/lpc_chip_11cxx_lib/Debug/liblpc_chip_11cxx_lib.a(gpio_11xx_2.o)
 .debug_frame   0x0000000000000434       0x58 /Users/keller_reto/_work/TrainHub/TrainTracker/_workspace_LpcXpresso/lpc_chip_11cxx_lib/Debug/liblpc_chip_11cxx_lib.a(sysctl_11xx.o)
 .debug_frame   0x000000000000048c       0x48 /Users/keller_reto/_work/TrainHub/TrainTracker/_workspace_LpcXpresso/lpc_chip_11cxx_lib/Debug/liblpc_chip_11cxx_lib.a(wwdt_11xx.o)
